Archive member included to satisfy reference by file (symbol)

c:/progra~2/armgnu~1/1213fb~1.2mp/bin/../lib/gcc/arm-none-eabi/12.2.0/thumb/v7e-m/nofp\libgcc.a(_arm_muldf3.o)
                              CMakeFiles/TEST1.dir/C_/Users/benji/LabBoard_BNJ/Applications/lib/tft/arduinoCore/Print.cpp.obj (__aeabi_dmul)
c:/progra~2/armgnu~1/1213fb~1.2mp/bin/../lib/gcc/arm-none-eabi/12.2.0/thumb/v7e-m/nofp\libgcc.a(_arm_addsubdf3.o)
                              CMakeFiles/TEST1.dir/C_/Users/benji/LabBoard_BNJ/Applications/lib/tft/arduinoCore/Print.cpp.obj (__aeabi_dsub)
c:/progra~2/armgnu~1/1213fb~1.2mp/bin/../lib/gcc/arm-none-eabi/12.2.0/thumb/v7e-m/nofp\libgcc.a(_arm_muldivdf3.o)
                              CMakeFiles/TEST1.dir/C_/Users/benji/LabBoard_BNJ/Applications/lib/tft/arduinoCore/Print.cpp.obj (__aeabi_ddiv)
c:/progra~2/armgnu~1/1213fb~1.2mp/bin/../lib/gcc/arm-none-eabi/12.2.0/thumb/v7e-m/nofp\libgcc.a(_arm_cmpdf2.o)
                              CMakeFiles/TEST1.dir/C_/Users/benji/LabBoard_BNJ/Applications/lib/tft/arduinoCore/Print.cpp.obj (__aeabi_dcmplt)
c:/progra~2/armgnu~1/1213fb~1.2mp/bin/../lib/gcc/arm-none-eabi/12.2.0/thumb/v7e-m/nofp\libgcc.a(_arm_unorddf2.o)
                              CMakeFiles/TEST1.dir/C_/Users/benji/LabBoard_BNJ/Applications/lib/tft/arduinoCore/Print.cpp.obj (__aeabi_dcmpun)
c:/progra~2/armgnu~1/1213fb~1.2mp/bin/../lib/gcc/arm-none-eabi/12.2.0/thumb/v7e-m/nofp\libgcc.a(_arm_fixdfsi.o)
                              CMakeFiles/TEST1.dir/C_/Users/benji/LabBoard_BNJ/Applications/lib/tft/arduinoCore/Print.cpp.obj (__aeabi_d2iz)
c:/progra~2/armgnu~1/1213fb~1.2mp/bin/../lib/gcc/arm-none-eabi/12.2.0/thumb/v7e-m/nofp\libgcc.a(_arm_fixunsdfsi.o)
                              CMakeFiles/TEST1.dir/C_/Users/benji/LabBoard_BNJ/Applications/lib/tft/arduinoCore/Print.cpp.obj (__aeabi_d2uiz)
c:/progra~2/armgnu~1/1213fb~1.2mp/bin/../lib/gcc/arm-none-eabi/12.2.0/thumb/v7e-m/nofp\libgcc.a(_arm_addsubsf3.o)
                              CMakeFiles/TEST1.dir/main.cpp.obj (__aeabi_i2f)
c:/progra~2/armgnu~1/1213fb~1.2mp/bin/../lib/gcc/arm-none-eabi/12.2.0/thumb/v7e-m/nofp\libgcc.a(_arm_muldivsf3.o)
                              CMakeFiles/TEST1.dir/main.cpp.obj (__aeabi_fdiv)
c:/progra~2/armgnu~1/1213fb~1.2mp/bin/../lib/gcc/arm-none-eabi/12.2.0/thumb/v7e-m/nofp\libgcc.a(_aeabi_uldivmod.o)
                              CMakeFiles/TEST1.dir/C_/Users/benji/LabBoard_BNJ/Applications/lib/tft/arduinoCore/Print.cpp.obj (__aeabi_uldivmod)
c:/progra~2/armgnu~1/1213fb~1.2mp/bin/../lib/gcc/arm-none-eabi/12.2.0/thumb/v7e-m/nofp\libgcc.a(_udivmoddi4.o)
                              c:/progra~2/armgnu~1/1213fb~1.2mp/bin/../lib/gcc/arm-none-eabi/12.2.0/thumb/v7e-m/nofp\libgcc.a(_aeabi_uldivmod.o) (__udivmoddi4)
c:/progra~2/armgnu~1/1213fb~1.2mp/bin/../lib/gcc/arm-none-eabi/12.2.0/thumb/v7e-m/nofp\libgcc.a(unwind-arm.o)
                              CMakeFiles/TEST1.dir/main.cpp.obj (__aeabi_unwind_cpp_pr0)
c:/progra~2/armgnu~1/1213fb~1.2mp/bin/../lib/gcc/arm-none-eabi/12.2.0/thumb/v7e-m/nofp\libgcc.a(libunwind.o)
                              c:/progra~2/armgnu~1/1213fb~1.2mp/bin/../lib/gcc/arm-none-eabi/12.2.0/thumb/v7e-m/nofp\libgcc.a(unwind-arm.o) (restore_core_regs)
c:/progra~2/armgnu~1/1213fb~1.2mp/bin/../lib/gcc/arm-none-eabi/12.2.0/thumb/v7e-m/nofp\libgcc.a(pr-support.o)
                              c:/progra~2/armgnu~1/1213fb~1.2mp/bin/../lib/gcc/arm-none-eabi/12.2.0/thumb/v7e-m/nofp\libgcc.a(unwind-arm.o) (__gnu_unwind_execute)
c:/progra~2/armgnu~1/1213fb~1.2mp/bin/../lib/gcc/arm-none-eabi/12.2.0/thumb/v7e-m/nofp\libgcc.a(_dvmd_tls.o)
                              c:/progra~2/armgnu~1/1213fb~1.2mp/bin/../lib/gcc/arm-none-eabi/12.2.0/thumb/v7e-m/nofp\libgcc.a(_aeabi_uldivmod.o) (__aeabi_ldiv0)
c:/progra~2/armgnu~1/1213fb~1.2mp/bin/../lib/gcc/arm-none-eabi/12.2.0/thumb/v7e-m/nofp\libc.a(libc_a-abort.o)
                              c:/progra~2/armgnu~1/1213fb~1.2mp/bin/../lib/gcc/arm-none-eabi/12.2.0/thumb/v7e-m/nofp\libgcc.a(pr-support.o) (abort)
c:/progra~2/armgnu~1/1213fb~1.2mp/bin/../lib/gcc/arm-none-eabi/12.2.0/thumb/v7e-m/nofp\libc.a(libc_a-exit.o)
                              c:/progra~2/armgnu~1/1213fb~1.2mp/bin/../lib/gcc/arm-none-eabi/12.2.0/thumb/v7e-m/nofp/crt0.o (exit)
c:/progra~2/armgnu~1/1213fb~1.2mp/bin/../lib/gcc/arm-none-eabi/12.2.0/thumb/v7e-m/nofp\libc.a(libc_a-malloc.o)
                              CMakeFiles/TEST1.dir/C_/Users/benji/LabBoard_BNJ/Applications/lib/tft/Adafruit-GFX-Library/Adafruit_GFX.cpp.obj (malloc)
c:/progra~2/armgnu~1/1213fb~1.2mp/bin/../lib/gcc/arm-none-eabi/12.2.0/thumb/v7e-m/nofp\libc.a(libc_a-mallocr.o)
                              c:/progra~2/armgnu~1/1213fb~1.2mp/bin/../lib/gcc/arm-none-eabi/12.2.0/thumb/v7e-m/nofp\libc.a(libc_a-malloc.o) (_malloc_r)
c:/progra~2/armgnu~1/1213fb~1.2mp/bin/../lib/gcc/arm-none-eabi/12.2.0/thumb/v7e-m/nofp\libc.a(libc_a-mlock.o)
[...]
Memory Configuration

Name             Origin             Length             Attributes
FLASH            0x08000000         0x00010000         xr
RAM              0x20000000         0x00003000         xrw
*default*        0x00000000         0xffffffff

Linker script and memory map

LOAD c:/progra~2/armgnu~1/1213fb~1.2mp/bin/../lib/gcc/arm-none-eabi/12.2.0/thumb/v7e-m/nofp/crti.o
LOAD c:/progra~2/armgnu~1/1213fb~1.2mp/bin/../lib/gcc/arm-none-eabi/12.2.0/thumb/v7e-m/nofp/crtbegin.o
LOAD c:/progra~2/armgnu~1/1213fb~1.2mp/bin/../lib/gcc/arm-none-eabi/12.2.0/thumb/v7e-m/nofp/crt0.o
LOAD CMakeFiles/TEST1.dir/main.cpp.obj
LOAD CMakeFiles/TEST1.dir/C_/Users/benji/LabBoard_BNJ/Applications/lib/adc.c.obj
LOAD CMakeFiles/TEST1.dir/C_/Users/benji/LabBoard_BNJ/Applications/lib/pinAccess.c.obj
LOAD CMakeFiles/TEST1.dir/C_/Users/benji/LabBoard_BNJ/Applications/lib/spi.c.obj
LOAD CMakeFiles/TEST1.dir/C_/Users/benji/LabBoard_BNJ/Applications/lib/exti.c.obj
LOAD CMakeFiles/TEST1.dir/C_/Users/benji/LabBoard_BNJ/Applications/lib/tft/tft.cpp.obj
LOAD CMakeFiles/TEST1.dir/C_/Users/benji/LabBoard_BNJ/Applications/lib/tft/arduinoCore/Print.cpp.obj
LOAD CMakeFiles/TEST1.dir/C_/Users/benji/LabBoard_BNJ/Applications/lib/tft/Adafruit-GFX-Library/Adafruit_GFX.cpp.obj
LOAD CMakeFiles/TEST1.dir/C_/Users/benji/LabBoard_BNJ/Applications/lib/tft/Adafruit-GFX-Library/Adafruit_SPITFT.cpp.obj
LOAD CMakeFiles/TEST1.dir/C_/Users/benji/LabBoard_BNJ/Applications/lib/tft/Adafruit-ST7735-Library/Adafruit_ST7735.cpp.obj
LOAD CMakeFiles/TEST1.dir/C_/Users/benji/LabBoard_BNJ/Applications/lib/tft/Adafruit-ST7735-Library/Adafruit_ST77xx.cpp.obj
LOAD CMakeFiles/TEST1.dir/C_/Users/benji/LabBoard_BNJ/Applications/sys/startup_ARMCM4.c.obj
LOAD CMakeFiles/TEST1.dir/C_/Users/benji/LabBoard_BNJ/Applications/sys/startup_clock.c.obj
START GROUP
END GROUP
LOAD c:/progra~2/armgnu~1/1213fb~1.2mp/bin/../lib/gcc/arm-none-eabi/12.2.0/thumb/v7e-m/nofp\libstdc++_nano.a
LOAD c:/progra~2/armgnu~1/1213fb~1.2mp/bin/../lib/gcc/arm-none-eabi/12.2.0/thumb/v7e-m/nofp\libm.a
LOAD c:/progra~2/armgnu~1/1213fb~1.2mp/bin/../lib/gcc/arm-none-eabi/12.2.0/thumb/v7e-m/nofp\libstdc++.a
LOAD c:/progra~2/armgnu~1/1213fb~1.2mp/bin/../lib/gcc/arm-none-eabi/12.2.0/thumb/v7e-m/nofp\libm.a
START GROUP
LOAD c:/progra~2/armgnu~1/1213fb~1.2mp/bin/../lib/gcc/arm-none-eabi/12.2.0/thumb/v7e-m/nofp\libgcc.a
LOAD c:/progra~2/armgnu~1/1213fb~1.2mp/bin/../lib/gcc/arm-none-eabi/12.2.0/thumb/v7e-m/nofp\libc.a
END GROUP
LOAD c:/progra~2/armgnu~1/1213fb~1.2mp/bin/../lib/gcc/arm-none-eabi/12.2.0/thumb/v7e-m/nofp/crtend.o
LOAD c:/progra~2/armgnu~1/1213fb~1.2mp/bin/../lib/gcc/arm-none-eabi/12.2.0/thumb/v7e-m/nofp/crtn.o
START GROUP
LOAD c:/progra~2/armgnu~1/1213fb~1.2mp/bin/../lib/gcc/arm-none-eabi/12.2.0/thumb/v7e-m/nofp\libgcc.a
LOAD c:/progra~2/armgnu~1/1213fb~1.2mp/bin/../lib/gcc/arm-none-eabi/12.2.0/thumb/v7e-m/nofp\libc.a
LOAD c:/progra~2/armgnu~1/1213fb~1.2mp/bin/../lib/gcc/arm-none-eabi/12.2.0/thumb/v7e-m/nofp\libm.a
LOAD c:/progra~2/armgnu~1/1213fb~1.2mp/bin/../lib/gcc/arm-none-eabi/12.2.0/thumb/v7e-m/nofp\libnosys.a
END GROUP

.text           0x08000000     0x4b74
 *(.vectors)
 .vectors       0x08000000      0x3c0 CMakeFiles/TEST1.dir/C_/Users/benji/LabBoard_BNJ/Applications/sys/startup_ARMCM4.c.obj
                0x08000000                __Vectors
                0x080003c0                        __Vectors_End = .
                0x080003c0                        __Vectors_Size = (__Vectors_End - __Vectors)
                0x20000200                        __end__ = .
 *(.text*)
 .text.deregister_tm_clones
                0x080003c0       0x1c c:/progra~2/armgnu~1/1213fb~1.2mp/bin/../lib/gcc/arm-none-eabi/12.2.0/thumb/v7e-m/nofp/crtbegin.o
 .text.register_tm_clones
                0x080003dc       0x24 c:/progra~2/armgnu~1/1213fb~1.2mp/bin/../lib/gcc/arm-none-eabi/12.2.0/thumb/v7e-m/nofp/crtbegin.o
 .text.__do_global_dtors_aux
                0x08000400       0x28 c:/progra~2/armgnu~1/1213fb~1.2mp/bin/../lib/gcc/arm-none-eabi/12.2.0/thumb/v7e-m/nofp/crtbegin.o
 .text.frame_dummy
                0x08000428       0x24 c:/progra~2/armgnu~1/1213fb~1.2mp/bin/../lib/gcc/arm-none-eabi/12.2.0/thumb/v7e-m/nofp/crtbegin.o
 .text          0x0800044c       0x7c c:/progra~2/armgnu~1/1213fb~1.2mp/bin/../lib/gcc/arm-none-eabi/12.2.0/thumb/v7e-m/nofp/crt0.o
                0x0800044c                _stack_init
                0x08000454                _start
                0x08000454                _mainCRTStartup
 .text._Z5setupv
                0x080004c8       0x14 CMakeFiles/TEST1.dir/main.cpp.obj
                0x080004c8                setup()
 .text.main     0x080004dc       0x28 CMakeFiles/TEST1.dir/main.cpp.obj
                0x080004dc                main
 .text.setupSPI
                0x08000504       0xb4 CMakeFiles/TEST1.dir/C_/Users/benji/LabBoard_BNJ/Applications/lib/spi.c.obj
                0x08000504                setupSPI
 .text.transfer8
                0x080005b8       0x60 CMakeFiles/TEST1.dir/C_/Users/benji/LabBoard_BNJ/Applications/lib/spi.c.obj
                0x080005b8                transfer8
 .text._ZN15Adafruit_ST7735C2Ev
                0x08000618       0x24 CMakeFiles/TEST1.dir/C_/Users/benji/LabBoard_BNJ/Applications/lib/tft/tft.cpp.obj
                0x08000618                Adafruit_ST7735::Adafruit_ST7735()
                0x08000618                Adafruit_ST7735::Adafruit_ST7735()
 .text._ZN3tftC2Ev
                0x0800063c       0x24 CMakeFiles/TEST1.dir/C_/Users/benji/LabBoard_BNJ/Applications/lib/tft/tft.cpp.obj
                0x0800063c                tft::tft()
                0x0800063c                tft::tft()
 .text._ZN3tft5eraseEv
                0x08000660       0x2c CMakeFiles/TEST1.dir/C_/Users/benji/LabBoard_BNJ/Applications/lib/tft/tft.cpp.obj
                0x08000660                tft::erase()
 .text._ZN3tft5setupEv
                0x0800068c       0x3c CMakeFiles/TEST1.dir/C_/Users/benji/LabBoard_BNJ/Applications/lib/tft/tft.cpp.obj
                0x0800068c                tft::setup()
 .text._ZN3tft13setTextCursorEjj
                0x080006c8       0x60 CMakeFiles/TEST1.dir/C_/Users/benji/LabBoard_BNJ/Applications/lib/tft/tft.cpp.obj
                0x080006c8                tft::setTextCursor(unsigned int, unsigned int)
 .text._ZN3tft12getTextWidthEv
                0x08000728       0x30 CMakeFiles/TEST1.dir/C_/Users/benji/LabBoard_BNJ/Applications/lib/tft/tft.cpp.obj
                0x08000728                tft::getTextWidth()
 .text._ZN3tft13getTextHeightEv
                0x08000758       0x30 CMakeFiles/TEST1.dir/C_/Users/benji/LabBoard_BNJ/Applications/lib/tft/tft.cpp.obj
                0x08000758                tft::getTextHeight()
 .text._Z41__static_initialization_and_destruction_0ii
                0x08000788       0x2c CMakeFiles/TEST1.dir/C_/Users/benji/LabBoard_BNJ/Applications/lib/tft/tft.cpp.obj
 .text._GLOBAL__sub_I__ZN3tft5eraseEv
                0x080007b4       0x10 CMakeFiles/TEST1.dir/C_/Users/benji/LabBoard_BNJ/Applications/lib/tft/tft.cpp.obj
 .text._ZN5Print5writeEPKc
                0x080007c4       0x38 CMakeFiles/TEST1.dir/C_/Users/benji/LabBoard_BNJ/Applications/lib/tft/arduinoCore/Print.cpp.obj
                0x080007c4                Print::write(char const*)
 .text._ZN5Print5writeEPKhj
                0x080007fc       0x5e CMakeFiles/TEST1.dir/C_/Users/benji/LabBoard_BNJ/Applications/lib/tft/arduinoCore/Print.cpp.obj
                0x080007fc                Print::write(unsigned char const*, unsigned int)
 .text._ZN5Print5printEPKc
                0x0800085a       0x1c CMakeFiles/TEST1.dir/C_/Users/benji/LabBoard_BNJ/Applications/lib/tft/arduinoCore/Print.cpp.obj
                0x0800085a                Print::print(char const*)
 *fill*         0x08000876        0x2 
 .text._ZN5PrintC2Ev
                0x08000878       0x24 CMakeFiles/TEST1.dir/C_/Users/benji/LabBoard_BNJ/Applications/lib/tft/Adafruit-GFX-Library/Adafruit_GFX.cpp.obj
                0x08000878                Print::Print()
                0x08000878                Print::Print()
 .text._ZN12Adafruit_GFXC2Ess
                0x0800089c       0x8c CMakeFiles/TEST1.dir/C_/Users/benji/LabBoard_BNJ/Applications/lib/tft/Adafruit-GFX-Library/Adafruit_GFX.cpp.obj
                0x0800089c                Adafruit_GFX::Adafruit_GFX(short, short)
                0x0800089c                Adafruit_GFX::Adafruit_GFX(short, short)
 .text._ZN12Adafruit_GFX9writeLineEsssst
                0x08000928      0x14c CMakeFiles/TEST1.dir/C_/Users/benji/LabBoard_BNJ/Applications/lib/tft/Adafruit-GFX-Library/Adafruit_GFX.cpp.obj
                0x08000928                Adafruit_GFX::writeLine(short, short, short, short, unsigned short)
 .text._ZN12Adafruit_GFX10startWriteEv
                0x08000a74       0x12 CMakeFiles/TEST1.dir/C_/Users/benji/LabBoard_BNJ/Applications/lib/tft/Adafruit-GFX-Library/Adafruit_GFX.cpp.obj
                0x08000a74                Adafruit_GFX::startWrite()
 .text._ZN12Adafruit_GFX10writePixelEsst
                0x08000a86       0x38 CMakeFiles/TEST1.dir/C_/Users/benji/LabBoard_BNJ/Applications/lib/tft/Adafruit-GFX-Library/Adafruit_GFX.cpp.obj
                0x08000a86                Adafruit_GFX::writePixel(short, short, unsigned short)
 .text._ZN12Adafruit_GFX14writeFastVLineEssst
                0x08000abe       0x40 CMakeFiles/TEST1.dir/C_/Users/benji/LabBoard_BNJ/Applications/lib/tft/Adafruit-GFX-Library/Adafruit_GFX.cpp.obj
                0x08000abe                Adafruit_GFX::writeFastVLine(short, short, short, unsigned short)
 .text._ZN12Adafruit_GFX14writeFastHLineEssst
                0x08000afe       0x40 CMakeFiles/TEST1.dir/C_/Users/benji/LabBoard_BNJ/Applications/lib/tft/Adafruit-GFX-Library/Adafruit_GFX.cpp.obj
                0x08000afe                Adafruit_GFX::writeFastHLine(short, short, short, unsigned short)
 .text._ZN12Adafruit_GFX13writeFillRectEsssst
                0x08000b3e       0x46 CMakeFiles/TEST1.dir/C_/Users/benji/LabBoard_BNJ/Applications/lib/tft/Adafruit-GFX-Library/Adafruit_GFX.cpp.obj
                0x08000b3e                Adafruit_GFX::writeFillRect(short, short, short, short, unsigned short)
 .text._ZN12Adafruit_GFX8endWriteEv
                0x08000b84       0x12 CMakeFiles/TEST1.dir/C_/Users/benji/LabBoard_BNJ/Applications/lib/tft/Adafruit-GFX-Library/Adafruit_GFX.cpp.obj
                0x08000b84                Adafruit_GFX::endWrite()
 .text._ZN12Adafruit_GFX13drawFastVLineEssst
                0x08000b96       0x6a CMakeFiles/TEST1.dir/C_/Users/benji/LabBoard_BNJ/Applications/lib/tft/Adafruit-GFX-Library/Adafruit_GFX.cpp.obj
                0x08000b96                Adafruit_GFX::drawFastVLine(short, short, short, unsigned short)
 .text._ZN12Adafruit_GFX13drawFastHLineEssst
                0x08000c00       0x68 CMakeFiles/TEST1.dir/C_/Users/benji/LabBoard_BNJ/Applications/lib/tft/Adafruit-GFX-Library/Adafruit_GFX.cpp.obj
                0x08000c00                Adafruit_GFX::drawFastHLine(short, short, short, unsigned short)
 .text._ZN12Adafruit_GFX8fillRectEsssst
                0x08000c68       0x7c CMakeFiles/TEST1.dir/C_/Users/benji/LabBoard_BNJ/Applications/lib/tft/Adafruit-GFX-Library/Adafruit_GFX.cpp.obj
                0x08000c68                Adafruit_GFX::fillRect(short, short, short, short, unsigned short)
 .text._ZN12Adafruit_GFX10fillScreenEt
                0x08000ce4       0x38 CMakeFiles/TEST1.dir/C_/Users/benji/LabBoard_BNJ/Applications/lib/tft/Adafruit-GFX-Library/Adafruit_GFX.cpp.obj
                0x08000ce4                Adafruit_GFX::fillScreen(unsigned short)
 .text._ZN12Adafruit_GFX8drawLineEsssst
                0x08000d1c       0xfa CMakeFiles/TEST1.dir/C_/Users/benji/LabBoard_BNJ/Applications/lib/tft/Adafruit-GFX-Library/Adafruit_GFX.cpp.obj
                0x08000d1c                Adafruit_GFX::drawLine(short, short, short, short, unsigned short)
 .text._ZN12Adafruit_GFX8drawRectEsssst
                0x08000e16       0xc6 CMakeFiles/TEST1.dir/C_/Users/benji/LabBoard_BNJ/Applications/lib/tft/Adafruit-GFX-Library/Adafruit_GFX.cpp.obj
                0x08000e16                Adafruit_GFX::drawRect(short, short, short, short, unsigned short)
 .text._ZN12Adafruit_GFX8drawCharEsshtth
                0x08000edc      0x478 CMakeFiles/TEST1.dir/C_/Users/benji/LabBoard_BNJ/Applications/lib/tft/Adafruit-GFX-Library/Adafruit_GFX.cpp.obj
                0x08000edc                Adafruit_GFX::drawChar(short, short, unsigned char, unsigned short, unsigned short, unsigned char)
 .text._ZN12Adafruit_GFX5writeEh
                0x08001354      0x226 CMakeFiles/TEST1.dir/C_/Users/benji/LabBoard_BNJ/Applications/lib/tft/Adafruit-GFX-Library/Adafruit_GFX.cpp.obj
                0x08001354                Adafruit_GFX::write(unsigned char)
 .text._ZN12Adafruit_GFX9setCursorEss
                0x0800157a       0x26 CMakeFiles/TEST1.dir/C_/Users/benji/LabBoard_BNJ/Applications/lib/tft/Adafruit-GFX-Library/Adafruit_GFX.cpp.obj
                0x0800157a                Adafruit_GFX::setCursor(short, short)
 .text._ZN12Adafruit_GFX12setTextColorEt
                0x080015a0       0x24 CMakeFiles/TEST1.dir/C_/Users/benji/LabBoard_BNJ/Applications/lib/tft/Adafruit-GFX-Library/Adafruit_GFX.cpp.obj
                0x080015a0                Adafruit_GFX::setTextColor(unsigned short)
 .text._ZN12Adafruit_GFX11setRotationEh
                0x080015c4       0x70 CMakeFiles/TEST1.dir/C_/Users/benji/LabBoard_BNJ/Applications/lib/tft/Adafruit-GFX-Library/Adafruit_GFX.cpp.obj
                0x080015c4                Adafruit_GFX::setRotation(unsigned char)
 .text._ZN12Adafruit_GFX7setFontEPK7GFXfont
                0x08001634       0x56 CMakeFiles/TEST1.dir/C_/Users/benji/LabBoard_BNJ/Applications/lib/tft/Adafruit-GFX-Library/Adafruit_GFX.cpp.obj
                0x08001634                Adafruit_GFX::setFont(GFXfont const*)
 .text._ZNK12Adafruit_GFX5widthEv
                0x0800168a       0x18 CMakeFiles/TEST1.dir/C_/Users/benji/LabBoard_BNJ/Applications/lib/tft/Adafruit-GFX-Library/Adafruit_GFX.cpp.obj
                0x0800168a                Adafruit_GFX::width() const
 .text._ZNK12Adafruit_GFX6heightEv
                0x080016a2       0x18 CMakeFiles/TEST1.dir/C_/Users/benji/LabBoard_BNJ/Applications/lib/tft/Adafruit-GFX-Library/Adafruit_GFX.cpp.obj
                0x080016a2                Adafruit_GFX::height() const
 .text._ZN12Adafruit_GFX13invertDisplayEb
                0x080016ba       0x16 CMakeFiles/TEST1.dir/C_/Users/benji/LabBoard_BNJ/Applications/lib/tft/Adafruit-GFX-Library/Adafruit_GFX.cpp.obj
                0x080016ba                Adafruit_GFX::invertDisplay(bool)
 .text._ZN10GFXcanvas19drawPixelEsst
                0x080016d0      0x158 CMakeFiles/TEST1.dir/C_/Users/benji/LabBoard_BNJ/Applications/lib/tft/Adafruit-GFX-Library/Adafruit_GFX.cpp.obj
                0x080016d0                GFXcanvas1::drawPixel(short, short, unsigned short)
 .text._ZN10GFXcanvas110fillScreenEt
                0x08001828       0x54 CMakeFiles/TEST1.dir/C_/Users/benji/LabBoard_BNJ/Applications/lib/tft/Adafruit-GFX-Library/Adafruit_GFX.cpp.obj
                0x08001828                GFXcanvas1::fillScreen(unsigned short)
 .text._ZN10GFXcanvas89drawPixelEsst
                0x0800187c       0xf6 CMakeFiles/TEST1.dir/C_/Users/benji/LabBoard_BNJ/Applications/lib/tft/Adafruit-GFX-Library/Adafruit_GFX.cpp.obj
                0x0800187c                GFXcanvas8::drawPixel(short, short, unsigned short)
 .text._ZN10GFXcanvas810fillScreenEt
                0x08001972       0x3a CMakeFiles/TEST1.dir/C_/Users/benji/LabBoard_BNJ/Applications/lib/tft/Adafruit-GFX-Library/Adafruit_GFX.cpp.obj
                0x08001972                GFXcanvas8::fillScreen(unsigned short)
 .text._ZN10GFXcanvas814writeFastHLineEssst
                0x080019ac      0x13a CMakeFiles/TEST1.dir/C_/Users/benji/LabBoard_BNJ/Applications/lib/tft/Adafruit-GFX-Library/Adafruit_GFX.cpp.obj
                0x080019ac                GFXcanvas8::writeFastHLine(short, short, short, unsigned short)
 .text._ZN11GFXcanvas169drawPixelEsst
                0x08001ae6       0xf6 CMakeFiles/TEST1.dir/C_/Users/benji/LabBoard_BNJ/Applications/lib/tft/Adafruit-GFX-Library/Adafruit_GFX.cpp.obj
                0x08001ae6                GFXcanvas16::drawPixel(short, short, unsigned short)
 .text._ZN11GFXcanvas1610fillScreenEt
                0x08001bdc       0x88 CMakeFiles/TEST1.dir/C_/Users/benji/LabBoard_BNJ/Applications/lib/tft/Adafruit-GFX-Library/Adafruit_GFX.cpp.obj
                0x08001bdc                GFXcanvas16::fillScreen(unsigned short)
 .text._ZN15Adafruit_SPITFT10writePixelEt
                0x08001c64       0x2c CMakeFiles/TEST1.dir/C_/Users/benji/LabBoard_BNJ/Applications/lib/tft/Adafruit-GFX-Library/Adafruit_SPITFT.cpp.obj
                0x08001c64                Adafruit_SPITFT::writePixel(unsigned short)
 .text._ZN15Adafruit_SPITFTC2Ett
                0x08001c90       0x50 CMakeFiles/TEST1.dir/C_/Users/benji/LabBoard_BNJ/Applications/lib/tft/Adafruit-GFX-Library/Adafruit_SPITFT.cpp.obj
                0x08001c90                Adafruit_SPITFT::Adafruit_SPITFT(unsigned short, unsigned short)
                0x08001c90                Adafruit_SPITFT::Adafruit_SPITFT(unsigned short, unsigned short)
 .text._ZN15Adafruit_SPITFT7initSPIEm
                0x08001ce0       0x30 CMakeFiles/TEST1.dir/C_/Users/benji/LabBoard_BNJ/Applications/lib/tft/Adafruit-GFX-Library/Adafruit_SPITFT.cpp.obj
                0x08001ce0                Adafruit_SPITFT::initSPI(unsigned long)
 .text._ZN15Adafruit_SPITFT8spiWriteEh
                0x08001d10       0x1c CMakeFiles/TEST1.dir/C_/Users/benji/LabBoard_BNJ/Applications/lib/tft/Adafruit-GFX-Library/Adafruit_SPITFT.cpp.obj
                0x08001d10                Adafruit_SPITFT::spiWrite(unsigned char)
 .text._ZN15Adafruit_SPITFT10startWriteEv
                0x08001d2c       0x1c CMakeFiles/TEST1.dir/C_/Users/benji/LabBoard_BNJ/Applications/lib/tft/Adafruit-GFX-Library/Adafruit_SPITFT.cpp.obj
                0x08001d2c                Adafruit_SPITFT::startWrite()
 .text._ZN15Adafruit_SPITFT8endWriteEv
                0x08001d48       0x1c CMakeFiles/TEST1.dir/C_/Users/benji/LabBoard_BNJ/Applications/lib/tft/Adafruit-GFX-Library/Adafruit_SPITFT.cpp.obj
                0x08001d48                Adafruit_SPITFT::endWrite()
 .text._ZN15Adafruit_SPITFT12writeCommandEh
                0x08001d64       0x32 CMakeFiles/TEST1.dir/C_/Users/benji/LabBoard_BNJ/Applications/lib/tft/Adafruit-GFX-Library/Adafruit_SPITFT.cpp.obj
                0x08001d64                Adafruit_SPITFT::writeCommand(unsigned char)
 .text._ZN15Adafruit_SPITFT10writeColorEtm
                0x08001d96       0x46 CMakeFiles/TEST1.dir/C_/Users/benji/LabBoard_BNJ/Applications/lib/tft/Adafruit-GFX-Library/Adafruit_SPITFT.cpp.obj
                0x08001d96                Adafruit_SPITFT::writeColor(unsigned short, unsigned long)
 .text._ZN15Adafruit_SPITFT10writePixelEsst
                0x08001ddc       0x70 CMakeFiles/TEST1.dir/C_/Users/benji/LabBoard_BNJ/Applications/lib/tft/Adafruit-GFX-Library/Adafruit_SPITFT.cpp.obj
                0x08001ddc                Adafruit_SPITFT::writePixel(short, short, unsigned short)
 .text._ZN15Adafruit_SPITFT13writeFillRectEsssst
                0x08001e4c      0x106 CMakeFiles/TEST1.dir/C_/Users/benji/LabBoard_BNJ/Applications/lib/tft/Adafruit-GFX-Library/Adafruit_SPITFT.cpp.obj
                0x08001e4c                Adafruit_SPITFT::writeFillRect(short, short, short, short, unsigned short)
 .text._ZN15Adafruit_SPITFT14writeFastVLineEssst
                0x08001f52       0x42 CMakeFiles/TEST1.dir/C_/Users/benji/LabBoard_BNJ/Applications/lib/tft/Adafruit-GFX-Library/Adafruit_SPITFT.cpp.obj
                0x08001f52                Adafruit_SPITFT::writeFastVLine(short, short, short, unsigned short)
 .text._ZN15Adafruit_SPITFT14writeFastHLineEssst
                0x08001f94       0x44 CMakeFiles/TEST1.dir/C_/Users/benji/LabBoard_BNJ/Applications/lib/tft/Adafruit-GFX-Library/Adafruit_SPITFT.cpp.obj
                0x08001f94                Adafruit_SPITFT::writeFastHLine(short, short, short, unsigned short)
 .text._ZN15Adafruit_SPITFT9drawPixelEsst
                0x08001fd8       0x50 CMakeFiles/TEST1.dir/C_/Users/benji/LabBoard_BNJ/Applications/lib/tft/Adafruit-GFX-Library/Adafruit_SPITFT.cpp.obj
                0x08001fd8                Adafruit_SPITFT::drawPixel(short, short, unsigned short)
 .text._ZN15Adafruit_SPITFT13drawFastVLineEssst
                0x08002028       0x58 CMakeFiles/TEST1.dir/C_/Users/benji/LabBoard_BNJ/Applications/lib/tft/Adafruit-GFX-Library/Adafruit_SPITFT.cpp.obj
                0x08002028                Adafruit_SPITFT::drawFastVLine(short, short, short, unsigned short)
 .text._ZN15Adafruit_SPITFT13drawFastHLineEssst
                0x08002080       0x58 CMakeFiles/TEST1.dir/C_/Users/benji/LabBoard_BNJ/Applications/lib/tft/Adafruit-GFX-Library/Adafruit_SPITFT.cpp.obj
                0x08002080                Adafruit_SPITFT::drawFastHLine(short, short, short, unsigned short)
 .text._ZN15Adafruit_SPITFT8fillRectEsssst
                0x080020d8       0x5e CMakeFiles/TEST1.dir/C_/Users/benji/LabBoard_BNJ/Applications/lib/tft/Adafruit-GFX-Library/Adafruit_SPITFT.cpp.obj
                0x080020d8                Adafruit_SPITFT::fillRect(short, short, short, short, unsigned short)
 .text._ZN15Adafruit_SPITFT13invertDisplayEb
                0x08002136       0x48 CMakeFiles/TEST1.dir/C_/Users/benji/LabBoard_BNJ/Applications/lib/tft/Adafruit-GFX-Library/Adafruit_SPITFT.cpp.obj
                0x08002136                Adafruit_SPITFT::invertDisplay(bool)
 *fill*         0x0800217e        0x2 
 .text._ZN15Adafruit_ST77355initREh
                0x08002180      0x11c CMakeFiles/TEST1.dir/C_/Users/benji/LabBoard_BNJ/Applications/lib/tft/Adafruit-ST7735-Library/Adafruit_ST7735.cpp.obj
                0x08002180                Adafruit_ST7735::initR(unsigned char)
 .text._ZN15Adafruit_ST773511setRotationEh
                0x0800229c      0x248 CMakeFiles/TEST1.dir/C_/Users/benji/LabBoard_BNJ/Applications/lib/tft/Adafruit-ST7735-Library/Adafruit_ST7735.cpp.obj
                0x0800229c                Adafruit_ST7735::setRotation(unsigned char)
 .text._ZN15Adafruit_ST77xxC2Ev
                0x080024e4       0x38 CMakeFiles/TEST1.dir/C_/Users/benji/LabBoard_BNJ/Applications/lib/tft/Adafruit-ST7735-Library/Adafruit_ST77xx.cpp.obj
                0x080024e4                Adafruit_ST77xx::Adafruit_ST77xx()
                0x080024e4                Adafruit_ST77xx::Adafruit_ST77xx()
 .text._ZN15Adafruit_ST77xx11displayInitEPKh
                0x0800251c       0xf2 CMakeFiles/TEST1.dir/C_/Users/benji/LabBoard_BNJ/Applications/lib/tft/Adafruit-ST7735-Library/Adafruit_ST77xx.cpp.obj
                0x0800251c                Adafruit_ST77xx::displayInit(unsigned char const*)
 *fill*         0x0800260e        0x2 
 .text._ZN15Adafruit_ST77xx5beginEm
                0x08002610       0x40 CMakeFiles/TEST1.dir/C_/Users/benji/LabBoard_BNJ/Applications/lib/tft/Adafruit-ST7735-Library/Adafruit_ST77xx.cpp.obj
                0x08002610                Adafruit_ST77xx::begin(unsigned long)
 .text._ZN15Adafruit_ST77xx10commonInitEPKh
                0x08002650       0x2e CMakeFiles/TEST1.dir/C_/Users/benji/LabBoard_BNJ/Applications/lib/tft/Adafruit-ST7735-Library/Adafruit_ST77xx.cpp.obj
                0x08002650                Adafruit_ST77xx::commonInit(unsigned char const*)
 .text._ZN15Adafruit_ST77xx13setAddrWindowEtttt
                0x0800267e       0xd8 CMakeFiles/TEST1.dir/C_/Users/benji/LabBoard_BNJ/Applications/lib/tft/Adafruit-ST7735-Library/Adafruit_ST77xx.cpp.obj
                0x0800267e                Adafruit_ST77xx::setAddrWindow(unsigned short, unsigned short, unsigned short, unsigned short)
 *fill*         0x08002756        0x2 
 .text._ZN15Adafruit_ST77xx11setRotationEh
                0x08002758       0xf0 CMakeFiles/TEST1.dir/C_/Users/benji/LabBoard_BNJ/Applications/lib/tft/Adafruit-ST7735-Library/Adafruit_ST77xx.cpp.obj
                0x08002758                Adafruit_ST77xx::setRotation(unsigned char)
 .text.Reset_Handler
                0x08002848       0x5c CMakeFiles/TEST1.dir/C_/Users/benji/LabBoard_BNJ/Applications/sys/startup_ARMCM4.c.obj
                0x08002848                Reset_Handler
 .text.Default_Handler
                0x080028a4        0x8 CMakeFiles/TEST1.dir/C_/Users/benji/LabBoard_BNJ/Applications/sys/startup_ARMCM4.c.obj
                0x080028a4                RTC_Alarm_IRQHandler
                0x080028a4                DebugMon_Handler
                0x080028a4                TIM1_CC_IRQHandler
                0x080028a4                HardFault_Handler
                0x080028a4                SysTick_Handler
                0x080028a4                PVD_IRQHandler
                0x080028a4                TAMP_STAMP_IRQHandler
                0x080028a4                PendSV_Handler
                0x080028a4                NMI_Handler
                0x080028a4                EXTI3_IRQHandler
                0x080028a4                EXTI0_IRQHandler
                0x080028a4                FPU_IRQHandler
                0x080028a4                CAN_TX_IRQHandler
                0x080028a4                TIM1_UP_TIM16_IRQHandler
                0x080028a4                UsageFault_Handler
                0x080028a4                ADC1_2_IRQHandler
                0x080028a4                SPI1_IRQHandler
                0x080028a4                CAN_SCE_IRQHandler
                0x080028a4                DMA1_Channel4_IRQHandler
                0x080028a4                USART3_IRQHandler
                0x080028a4                DMA1_Channel7_IRQHandler
                0x080028a4                TIM7_DAC2_IRQHandler
                0x080028a4                CAN_RX1_IRQHandler
                0x080028a4                I2C1_EV_IRQHandler
                0x080028a4                DMA1_Channel6_IRQHandler
                0x080028a4                TIM3_IRQHandler
                0x080028a4                RCC_IRQHandler
                0x080028a4                DMA1_Channel1_IRQHandler
                0x080028a4                Default_Handler
                0x080028a4                EXTI15_10_IRQHandler
                0x080028a4                COMP2_IRQHandler
                0x080028a4                TIM6_DAC1_IRQHandler
                0x080028a4                EXTI9_5_IRQHandler
                0x080028a4                RTC_WKUP_IRQHandler
                0x080028a4                MemManage_Handler
                0x080028a4                SVC_Handler
                0x080028a4                DMA1_Channel5_IRQHandler
                0x080028a4                EXTI4_IRQHandler
                0x080028a4                TIM1_TRG_COM_TIM17_IRQHandler
                0x080028a4                DMA1_Channel3_IRQHandler
                0x080028a4                WWDG_IRQHandler
                0x080028a4                TIM2_IRQHandler
                0x080028a4                EXTI1_IRQHandler
                0x080028a4                COMP4_6_IRQHandler
                0x080028a4                USART2_IRQHandler
                0x080028a4                DMA1_Channel2_IRQHandler
                0x080028a4                FLASH_IRQHandler
                0x080028a4                BusFault_Handler
                0x080028a4                USART1_IRQHandler
                0x080028a4                CAN_RX0_IRQHandler
                0x080028a4                I2C1_ER_IRQHandler
                0x080028a4                EXTI2_TSC_IRQHandler
                0x080028a4                TIM1_BRK_TIM15_IRQHandler
 .text.SystemInit
                0x080028ac       0x84 CMakeFiles/TEST1.dir/C_/Users/benji/LabBoard_BNJ/Applications/sys/startup_clock.c.obj
                0x080028ac                SystemInit
 .text.selfrel_offset31
                0x08002930       0x14 c:/progra~2/armgnu~1/1213fb~1.2mp/bin/../lib/gcc/arm-none-eabi/12.2.0/thumb/v7e-m/nofp\libgcc.a(unwind-arm.o)
 .text.search_EIT_table
                0x08002944       0x64 c:/progra~2/armgnu~1/1213fb~1.2mp/bin/../lib/gcc/arm-none-eabi/12.2.0/thumb/v7e-m/nofp\libgcc.a(unwind-arm.o)
 .text.__gnu_unwind_get_pr_addr
                0x080029a8       0x28 c:/progra~2/armgnu~1/1213fb~1.2mp/bin/../lib/gcc/arm-none-eabi/12.2.0/thumb/v7e-m/nofp\libgcc.a(unwind-arm.o)
 .text.get_eit_entry
                0x080029d0       0x94 c:/progra~2/armgnu~1/1213fb~1.2mp/bin/../lib/gcc/arm-none-eabi/12.2.0/thumb/v7e-m/nofp\libgcc.a(unwind-arm.o)
 .text.restore_non_core_regs
                0x08002a64       0x58 c:/progra~2/armgnu~1/1213fb~1.2mp/bin/../lib/gcc/arm-none-eabi/12.2.0/thumb/v7e-m/nofp\libgcc.a(unwind-arm.o)
 .text._Unwind_decode_typeinfo_ptr.constprop.0
                0x08002abc        0xc c:/progra~2/armgnu~1/1213fb~1.2mp/bin/../lib/gcc/arm-none-eabi/12.2.0/thumb/v7e-m/nofp\libgcc.a(unwind-arm.o)
 .text._Unwind_DebugHook
                0x08002ac8        0x4 c:/progra~2/armgnu~1/1213fb~1.2mp/bin/../lib/gcc/arm-none-eabi/12.2.0/thumb/v7e-m/nofp\libgcc.a(unwind-arm.o)
 .text.unwind_phase2
                0x08002acc       0x38 c:/progra~2/armgnu~1/1213fb~1.2mp/bin/../lib/gcc/arm-none-eabi/12.2.0/thumb/v7e-m/nofp\libgcc.a(unwind-arm.o)
 .text.unwind_phase2_forced
                0x08002b04       0xd4 c:/progra~2/armgnu~1/1213fb~1.2mp/bin/../lib/gcc/arm-none-eabi/12.2.0/thumb/v7e-m/nofp\libgcc.a(unwind-arm.o)
 .text.__gnu_Unwind_RaiseException
                0x08002bd8       0x68 c:/progra~2/armgnu~1/1213fb~1.2mp/bin/../lib/gcc/arm-none-eabi/12.2.0/thumb/v7e-m/nofp\libgcc.a(unwind-arm.o)
                0x08002bd8                __gnu_Unwind_RaiseException
 .text.__gnu_Unwind_ForcedUnwind
                0x08002c40       0x10 c:/progra~2/armgnu~1/1213fb~1.2mp/bin/../lib/gcc/arm-none-eabi/12.2.0/thumb/v7e-m/nofp\libgcc.a(unwind-arm.o)
                0x08002c40                __gnu_Unwind_ForcedUnwind
 .text.__gnu_Unwind_Resume
                0x08002c50       0x40 c:/progra~2/armgnu~1/1213fb~1.2mp/bin/../lib/gcc/arm-none-eabi/12.2.0/thumb/v7e-m/nofp\libgcc.a(unwind-arm.o)
                0x08002c50                __gnu_Unwind_Resume
 .text.__gnu_Unwind_Resume_or_Rethrow
                0x08002c90       0x14 c:/progra~2/armgnu~1/1213fb~1.2mp/bin/../lib/gcc/arm-none-eabi/12.2.0/thumb/v7e-m/nofp\libgcc.a(unwind-arm.o)
                0x08002c90                __gnu_Unwind_Resume_or_Rethrow
 .text._Unwind_VRS_Get
                0x08002ca4       0x34 c:/progra~2/armgnu~1/1213fb~1.2mp/bin/../lib/gcc/arm-none-eabi/12.2.0/thumb/v7e-m/nofp\libgcc.a(unwind-arm.o)
                0x08002ca4                _Unwind_VRS_Get
 .text._Unwind_GetGR
                0x08002cd8       0x1c c:/progra~2/armgnu~1/1213fb~1.2mp/bin/../lib/gcc/arm-none-eabi/12.2.0/thumb/v7e-m/nofp\libgcc.a(unwind-arm.o)
 .text._Unwind_VRS_Set
                0x08002cf4       0x34 c:/progra~2/armgnu~1/1213fb~1.2mp/bin/../lib/gcc/arm-none-eabi/12.2.0/thumb/v7e-m/nofp\libgcc.a(unwind-arm.o)
                0x08002cf4                _Unwind_VRS_Set
 .text._Unwind_SetGR
                0x08002d28       0x18 c:/progra~2/armgnu~1/1213fb~1.2mp/bin/../lib/gcc/arm-none-eabi/12.2.0/thumb/v7e-m/nofp\libgcc.a(unwind-arm.o)
 .text.__gnu_Unwind_Backtrace
                0x08002d40       0x84 c:/progra~2/armgnu~1/1213fb~1.2mp/bin/../lib/gcc/arm-none-eabi/12.2.0/thumb/v7e-m/nofp\libgcc.a(unwind-arm.o)
                0x08002d40                __gnu_Unwind_Backtrace
 .text.__gnu_unwind_pr_common
                0x08002dc4      0x290 c:/progra~2/armgnu~1/1213fb~1.2mp/bin/../lib/gcc/arm-none-eabi/12.2.0/thumb/v7e-m/nofp\libgcc.a(unwind-arm.o)
 .text.__aeabi_unwind_cpp_pr0
                0x08003054        0x8 c:/progra~2/armgnu~1/1213fb~1.2mp/bin/../lib/gcc/arm-none-eabi/12.2.0/thumb/v7e-m/nofp\libgcc.a(unwind-arm.o)
                0x08003054                __aeabi_unwind_cpp_pr0
 .text.__aeabi_unwind_cpp_pr1
                0x0800305c        0x8 c:/progra~2/armgnu~1/1213fb~1.2mp/bin/../lib/gcc/arm-none-eabi/12.2.0/thumb/v7e-m/nofp\libgcc.a(unwind-arm.o)
                0x0800305c                __aeabi_unwind_cpp_pr1
 .text.__aeabi_unwind_cpp_pr2
                0x08003064        0x8 c:/progra~2/armgnu~1/1213fb~1.2mp/bin/../lib/gcc/arm-none-eabi/12.2.0/thumb/v7e-m/nofp\libgcc.a(unwind-arm.o)
                0x08003064                __aeabi_unwind_cpp_pr2
 .text._Unwind_VRS_Pop
                0x0800306c      0x2f0 c:/progra~2/armgnu~1/1213fb~1.2mp/bin/../lib/gcc/arm-none-eabi/12.2.0/thumb/v7e-m/nofp\libgcc.a(unwind-arm.o)
                0x0800306c                _Unwind_VRS_Pop
 .text          0x0800335c      0x1ac c:/progra~2/armgnu~1/1213fb~1.2mp/bin/../lib/gcc/arm-none-eabi/12.2.0/thumb/v7e-m/nofp\libgcc.a(libunwind.o)
                0x0800335c                __restore_core_regs
                0x0800335c                restore_core_regs
                0x08003374                __gnu_Unwind_Restore_VFP
                0x0800337c                __gnu_Unwind_Save_VFP
                0x08003384                __gnu_Unwind_Restore_VFP_D
                0x0800338c                __gnu_Unwind_Save_VFP_D
                0x08003394                __gnu_Unwind_Restore_VFP_D_16_to_31
                0x0800339c                __gnu_Unwind_Save_VFP_D_16_to_31
                0x080033a4                __gnu_Unwind_Restore_WMMXD
                0x080033e8                __gnu_Unwind_Save_WMMXD
                0x0800342c                __gnu_Unwind_Restore_WMMXC
                0x08003440                __gnu_Unwind_Save_WMMXC
                0x08003454                ___Unwind_RaiseException
                0x08003454                _Unwind_RaiseException
                0x08003478                _Unwind_Resume
                0x08003478                ___Unwind_Resume
                0x0800349c                _Unwind_Resume_or_Rethrow
                0x0800349c                ___Unwind_Resume_or_Rethrow
                0x080034c0                _Unwind_ForcedUnwind
                0x080034c0                ___Unwind_ForcedUnwind
                0x080034e4                ___Unwind_Backtrace
                0x080034e4                _Unwind_Backtrace
 .text.next_unwind_byte
                0x08003508       0x38 c:/progra~2/armgnu~1/1213fb~1.2mp/bin/../lib/gcc/arm-none-eabi/12.2.0/thumb/v7e-m/nofp\libgcc.a(pr-support.o)
 .text.__gnu_unwind_execute
                0x08003540      0x2e8 c:/progra~2/armgnu~1/1213fb~1.2mp/bin/../lib/gcc/arm-none-eabi/12.2.0/thumb/v7e-m/nofp\libgcc.a(pr-support.o)
                0x08003540                __gnu_unwind_execute
 .text.exit     0x08003828       0x1c c:/progra~2/armgnu~1/1213fb~1.2mp/bin/../lib/gcc/arm-none-eabi/12.2.0/thumb/v7e-m/nofp\libc.a(libc_a-exit.o)
                0x08003828                exit
 .text.memset   0x08003844       0xa4 c:/progra~2/armgnu~1/1213fb~1.2mp/bin/../lib/gcc/arm-none-eabi/12.2.0/thumb/v7e-m/nofp\libc.a(libc_a-memset.o)
                0x08003844                memset
 .text.__libc_init_array
                0x080038e8       0x50 c:/progra~2/armgnu~1/1213fb~1.2mp/bin/../lib/gcc/arm-none-eabi/12.2.0/thumb/v7e-m/nofp\libc.a(libc_a-init.o)
                0x080038e8                __libc_init_array
 .text.__retarget_lock_acquire_recursive
                0x08003938        0x4 c:/progra~2/armgnu~1/1213fb~1.2mp/bin/../lib/gcc/arm-none-eabi/12.2.0/thumb/v7e-m/nofp\libc.a(libc_a-lock.o)
                0x08003938                __retarget_lock_acquire_recursive
 .text.__retarget_lock_release_recursive
                0x0800393c        0x4 c:/progra~2/armgnu~1/1213fb~1.2mp/bin/../lib/gcc/arm-none-eabi/12.2.0/thumb/v7e-m/nofp\libc.a(libc_a-lock.o)
                0x0800393c                __retarget_lock_release_recursive
 .text          0x08003940      0x134 c:/progra~2/armgnu~1/1213fb~1.2mp/bin/../lib/gcc/arm-none-eabi/12.2.0/thumb/v7e-m/nofp\libc.a(libc_a-memcpy.o)
                0x08003940                memcpy
 *fill*         0x08003a74        0xc 
 .text          0x08003a80       0xd8 c:/progra~2/armgnu~1/1213fb~1.2mp/bin/../lib/gcc/arm-none-eabi/12.2.0/thumb/v7e-m/nofp\libc.a(libc_a-strlen.o)
                0x08003a80                strlen
 .text.startup.register_fini
                0x08003b58       0x14 c:/progra~2/armgnu~1/1213fb~1.2mp/bin/../lib/gcc/arm-none-eabi/12.2.0/thumb/v7e-m/nofp\libc.a(libc_a-__call_atexit.o)
 .text.__call_exitprocs
                0x08003b6c       0xc4 c:/progra~2/armgnu~1/1213fb~1.2mp/bin/../lib/gcc/arm-none-eabi/12.2.0/thumb/v7e-m/nofp\libc.a(libc_a-__call_atexit.o)
                0x08003b6c                __call_exitprocs
 .text.atexit   0x08003c30        0xc c:/progra~2/armgnu~1/1213fb~1.2mp/bin/../lib/gcc/arm-none-eabi/12.2.0/thumb/v7e-m/nofp\libc.a(libc_a-atexit.o)
                0x08003c30                atexit
 .text.__libc_fini_array
                0x08003c3c       0x28 c:/progra~2/armgnu~1/1213fb~1.2mp/bin/../lib/gcc/arm-none-eabi/12.2.0/thumb/v7e-m/nofp\libc.a(libc_a-fini.o)
                0x08003c3c                __libc_fini_array
 .text.__register_exitproc
                0x08003c64       0x88 c:/progra~2/armgnu~1/1213fb~1.2mp/bin/../lib/gcc/arm-none-eabi/12.2.0/thumb/v7e-m/nofp\libc.a(libc_a-__atexit.o)
                0x08003c64                __register_exitproc
 .text._exit    0x08003cec        0x4 c:/progra~2/armgnu~1/1213fb~1.2mp/bin/../lib/gcc/arm-none-eabi/12.2.0/thumb/v7e-m/nofp\libnosys.a(_exit.o)
                0x08003cec                _exit
 *(.init)
 .init          0x08003cf0        0x4 c:/progra~2/armgnu~1/1213fb~1.2mp/bin/../lib/gcc/arm-none-eabi/12.2.0/thumb/v7e-m/nofp/crti.o
                0x08003cf0                _init
 .init          0x08003cf4        0x8 c:/progra~2/armgnu~1/1213fb~1.2mp/bin/../lib/gcc/arm-none-eabi/12.2.0/thumb/v7e-m/nofp/crtn.o
 *(.fini)
 .fini          0x08003cfc        0x4 c:/progra~2/armgnu~1/1213fb~1.2mp/bin/../lib/gcc/arm-none-eabi/12.2.0/thumb/v7e-m/nofp/crti.o
                0x08003cfc                _fini
 .fini          0x08003d00        0x8 c:/progra~2/armgnu~1/1213fb~1.2mp/bin/../lib/gcc/arm-none-eabi/12.2.0/thumb/v7e-m/nofp/crtn.o
 *crtbegin.o(.ctors)
 *crtbegin?.o(.ctors)
 *(EXCLUDE_FILE(*crtend.o *crtend?.o) .ctors)
 *(SORT_BY_NAME(.ctors.*))
 *(.ctors)
 *crtbegin.o(.dtors)
 *crtbegin?.o(.dtors)
 *(EXCLUDE_FILE(*crtend.o *crtend?.o) .dtors)
 *(SORT_BY_NAME(.dtors.*))
 *(.dtors)
 *(.rodata*)
 .rodata        0x08003d08        0xf CMakeFiles/TEST1.dir/main.cpp.obj
 *fill*         0x08003d17        0x1 
 .rodata        0x08003d18      0x524 CMakeFiles/TEST1.dir/C_/Users/benji/LabBoard_BNJ/Applications/lib/tft/tft.cpp.obj
 .rodata._ZTV3tft
                0x0800423c       0x58 CMakeFiles/TEST1.dir/C_/Users/benji/LabBoard_BNJ/Applications/lib/tft/tft.cpp.obj
                0x0800423c                vtable for tft
 .rodata        0x08004294       0x24 CMakeFiles/TEST1.dir/C_/Users/benji/LabBoard_BNJ/Applications/lib/tft/arduinoCore/Print.cpp.obj
                0x080042a8                vtable for Print
 .rodata        0x080042b8      0x640 CMakeFiles/TEST1.dir/C_/Users/benji/LabBoard_BNJ/Applications/lib/tft/Adafruit-GFX-Library/Adafruit_GFX.cpp.obj
                0x080047b8                vtable for GFXcanvas16
                0x08004808                vtable for GFXcanvas8
                0x08004858                vtable for GFXcanvas1
                0x080048a8                vtable for Adafruit_GFX
 .rodata        0x080048f8       0x58 CMakeFiles/TEST1.dir/C_/Users/benji/LabBoard_BNJ/Applications/lib/tft/Adafruit-GFX-Library/Adafruit_SPITFT.cpp.obj
                0x080048f8                vtable for Adafruit_SPITFT
 .rodata        0x08004950      0x168 CMakeFiles/TEST1.dir/C_/Users/benji/LabBoard_BNJ/Applications/lib/tft/Adafruit-ST7735-Library/Adafruit_ST7735.cpp.obj
                0x08004a60                vtable for Adafruit_ST7735
 .rodata        0x08004ab8       0x58 CMakeFiles/TEST1.dir/C_/Users/benji/LabBoard_BNJ/Applications/lib/tft/Adafruit-ST7735-Library/Adafruit_ST77xx.cpp.obj
                0x08004ab8                vtable for Adafruit_ST77xx
 *(.eh_frame*)
 .eh_frame      0x08004b10        0x0 c:/progra~2/armgnu~1/1213fb~1.2mp/bin/../lib/gcc/arm-none-eabi/12.2.0/thumb/v7e-m/nofp/crtbegin.o
 .eh_frame      0x08004b10       0x2c c:/progra~2/armgnu~1/1213fb~1.2mp/bin/../lib/gcc/arm-none-eabi/12.2.0/thumb/v7e-m/nofp\libc.a(libc_a-memcpy.o)
 .eh_frame      0x08004b3c       0x34 c:/progra~2/armgnu~1/1213fb~1.2mp/bin/../lib/gcc/arm-none-eabi/12.2.0/thumb/v7e-m/nofp\libc.a(libc_a-strlen.o)
 .eh_frame      0x08004b70        0x4 c:/progra~2/armgnu~1/1213fb~1.2mp/bin/../lib/gcc/arm-none-eabi/12.2.0/thumb/v7e-m/nofp/crtend.o

.glue_7         0x08004b74        0x0
 .glue_7        0x08004b74        0x0 linker stubs

.glue_7t        0x08004b74        0x0
 .glue_7t       0x08004b74        0x0 linker stubs

.vfp11_veneer   0x08004b74        0x0
 .vfp11_veneer  0x08004b74        0x0 linker stubs

.v4_bx          0x08004b74        0x0
 .v4_bx         0x08004b74        0x0 linker stubs

.iplt           0x08004b74        0x0
 .iplt          0x08004b74        0x0 c:/progra~2/armgnu~1/1213fb~1.2mp/bin/../lib/gcc/arm-none-eabi/12.2.0/thumb/v7e-m/nofp/crtbegin.o

.ARM.extab      0x08004b74      0x240
 *(.ARM.extab* .gnu.linkonce.armextab.*)
 .ARM.extab.text.main
                0x08004b74        0xc CMakeFiles/TEST1.dir/main.cpp.obj
 .ARM.extab.text._ZN15Adafruit_ST7735C2Ev
                0x08004b80        0xc CMakeFiles/TEST1.dir/C_/Users/benji/LabBoard_BNJ/Applications/lib/tft/tft.cpp.obj
 .ARM.extab.text._ZN3tftC2Ev
                0x08004b8c        0xc CMakeFiles/TEST1.dir/C_/Users/benji/LabBoard_BNJ/Applications/lib/tft/tft.cpp.obj
 .ARM.extab.text._ZN3tft5eraseEv
                0x08004b98        0xc CMakeFiles/TEST1.dir/C_/Users/benji/LabBoard_BNJ/Applications/lib/tft/tft.cpp.obj
 .ARM.extab.text._ZN3tft5setupEv
                0x08004ba4        0xc CMakeFiles/TEST1.dir/C_/Users/benji/LabBoard_BNJ/Applications/lib/tft/tft.cpp.obj
 .ARM.extab.text._ZN3tft13setTextCursorEjj
                0x08004bb0        0xc CMakeFiles/TEST1.dir/C_/Users/benji/LabBoard_BNJ/Applications/lib/tft/tft.cpp.obj
 .ARM.extab.text._ZN3tft12getTextWidthEv
                0x08004bbc        0xc CMakeFiles/TEST1.dir/C_/Users/benji/LabBoard_BNJ/Applications/lib/tft/tft.cpp.obj
 .ARM.extab.text._ZN3tft13getTextHeightEv
                0x08004bc8        0xc CMakeFiles/TEST1.dir/C_/Users/benji/LabBoard_BNJ/Applications/lib/tft/tft.cpp.obj
 .ARM.extab.text._ZN5Print5writeEPKc
                0x08004bd4        0xc CMakeFiles/TEST1.dir/C_/Users/benji/LabBoard_BNJ/Applications/lib/tft/arduinoCore/Print.cpp.obj
 .ARM.extab.text._ZN5Print5writeEPKhj
                0x08004be0        0xc CMakeFiles/TEST1.dir/C_/Users/benji/LabBoard_BNJ/Applications/lib/tft/arduinoCore/Print.cpp.obj
 .ARM.extab.text._ZN5Print5printEPKc
                0x08004bec        0xc CMakeFiles/TEST1.dir/C_/Users/benji/LabBoard_BNJ/Applications/lib/tft/arduinoCore/Print.cpp.obj
 .ARM.extab.text._ZN5PrintC2Ev
                0x08004bf8        0x0 CMakeFiles/TEST1.dir/C_/Users/benji/LabBoard_BNJ/Applications/lib/tft/Adafruit-GFX-Library/Adafruit_GFX.cpp.obj
 .ARM.extab.text._ZN12Adafruit_GFX9writeLineEsssst
                0x08004bf8        0xc CMakeFiles/TEST1.dir/C_/Users/benji/LabBoard_BNJ/Applications/lib/tft/Adafruit-GFX-Library/Adafruit_GFX.cpp.obj
 .ARM.extab.text._ZN12Adafruit_GFX10writePixelEsst
                0x08004c04        0xc CMakeFiles/TEST1.dir/C_/Users/benji/LabBoard_BNJ/Applications/lib/tft/Adafruit-GFX-Library/Adafruit_GFX.cpp.obj
 .ARM.extab.text._ZN12Adafruit_GFX14writeFastVLineEssst
                0x08004c10        0xc CMakeFiles/TEST1.dir/C_/Users/benji/LabBoard_BNJ/Applications/lib/tft/Adafruit-GFX-Library/Adafruit_GFX.cpp.obj
 .ARM.extab.text._ZN12Adafruit_GFX14writeFastHLineEssst
                0x08004c1c        0xc CMakeFiles/TEST1.dir/C_/Users/benji/LabBoard_BNJ/Applications/lib/tft/Adafruit-GFX-Library/Adafruit_GFX.cpp.obj
 .ARM.extab.text._ZN12Adafruit_GFX13writeFillRectEsssst
                0x08004c28        0xc CMakeFiles/TEST1.dir/C_/Users/benji/LabBoard_BNJ/Applications/lib/tft/Adafruit-GFX-Library/Adafruit_GFX.cpp.obj
 .ARM.extab.text._ZN12Adafruit_GFX13drawFastVLineEssst
                0x08004c34        0xc CMakeFiles/TEST1.dir/C_/Users/benji/LabBoard_BNJ/Applications/lib/tft/Adafruit-GFX-Library/Adafruit_GFX.cpp.obj
 .ARM.extab.text._ZN12Adafruit_GFX13drawFastHLineEssst
                0x08004c40        0xc CMakeFiles/TEST1.dir/C_/Users/benji/LabBoard_BNJ/Applications/lib/tft/Adafruit-GFX-Library/Adafruit_GFX.cpp.obj
 .ARM.extab.text._ZN12Adafruit_GFX8fillRectEsssst
                0x08004c4c        0xc CMakeFiles/TEST1.dir/C_/Users/benji/LabBoard_BNJ/Applications/lib/tft/Adafruit-GFX-Library/Adafruit_GFX.cpp.obj
 .ARM.extab.text._ZN12Adafruit_GFX10fillScreenEt
                0x08004c58        0xc CMakeFiles/TEST1.dir/C_/Users/benji/LabBoard_BNJ/Applications/lib/tft/Adafruit-GFX-Library/Adafruit_GFX.cpp.obj
 .ARM.extab.text._ZN12Adafruit_GFX8drawLineEsssst
                0x08004c64        0xc CMakeFiles/TEST1.dir/C_/Users/benji/LabBoard_BNJ/Applications/lib/tft/Adafruit-GFX-Library/Adafruit_GFX.cpp.obj
 .ARM.extab.text._ZN12Adafruit_GFX8drawRectEsssst
                0x08004c70        0xc CMakeFiles/TEST1.dir/C_/Users/benji/LabBoard_BNJ/Applications/lib/tft/Adafruit-GFX-Library/Adafruit_GFX.cpp.obj
 .ARM.extab.text._ZN12Adafruit_GFX8drawCharEsshtth
                0x08004c7c        0xc CMakeFiles/TEST1.dir/C_/Users/benji/LabBoard_BNJ/Applications/lib/tft/Adafruit-GFX-Library/Adafruit_GFX.cpp.obj
 .ARM.extab.text._ZN12Adafruit_GFX5writeEh
                0x08004c88        0xc CMakeFiles/TEST1.dir/C_/Users/benji/LabBoard_BNJ/Applications/lib/tft/Adafruit-GFX-Library/Adafruit_GFX.cpp.obj
 .ARM.extab.text._ZN15Adafruit_SPITFT10writePixelEt
                0x08004c94        0xc CMakeFiles/TEST1.dir/C_/Users/benji/LabBoard_BNJ/Applications/lib/tft/Adafruit-GFX-Library/Adafruit_SPITFT.cpp.obj
 .ARM.extab.text._ZN15Adafruit_SPITFTC2Ett
                0x08004ca0        0xc CMakeFiles/TEST1.dir/C_/Users/benji/LabBoard_BNJ/Applications/lib/tft/Adafruit-GFX-Library/Adafruit_SPITFT.cpp.obj
 .ARM.extab.text._ZN15Adafruit_SPITFT7initSPIEm
                0x08004cac        0xc CMakeFiles/TEST1.dir/C_/Users/benji/LabBoard_BNJ/Applications/lib/tft/Adafruit-GFX-Library/Adafruit_SPITFT.cpp.obj
 .ARM.extab.text._ZN15Adafruit_SPITFT8spiWriteEh
                0x08004cb8        0xc CMakeFiles/TEST1.dir/C_/Users/benji/LabBoard_BNJ/Applications/lib/tft/Adafruit-GFX-Library/Adafruit_SPITFT.cpp.obj
 .ARM.extab.text._ZN15Adafruit_SPITFT10startWriteEv
                0x08004cc4        0x0 CMakeFiles/TEST1.dir/C_/Users/benji/LabBoard_BNJ/Applications/lib/tft/Adafruit-GFX-Library/Adafruit_SPITFT.cpp.obj
 .ARM.extab.text._ZN15Adafruit_SPITFT8endWriteEv
                0x08004cc4        0x0 CMakeFiles/TEST1.dir/C_/Users/benji/LabBoard_BNJ/Applications/lib/tft/Adafruit-GFX-Library/Adafruit_SPITFT.cpp.obj
 .ARM.extab.text._ZN15Adafruit_SPITFT12writeCommandEh
                0x08004cc4        0xc CMakeFiles/TEST1.dir/C_/Users/benji/LabBoard_BNJ/Applications/lib/tft/Adafruit-GFX-Library/Adafruit_SPITFT.cpp.obj
 .ARM.extab.text._ZN15Adafruit_SPITFT10writeColorEtm
                0x08004cd0        0xc CMakeFiles/TEST1.dir/C_/Users/benji/LabBoard_BNJ/Applications/lib/tft/Adafruit-GFX-Library/Adafruit_SPITFT.cpp.obj
 .ARM.extab.text._ZN15Adafruit_SPITFT10writePixelEsst
                0x08004cdc        0xc CMakeFiles/TEST1.dir/C_/Users/benji/LabBoard_BNJ/Applications/lib/tft/Adafruit-GFX-Library/Adafruit_SPITFT.cpp.obj
 .ARM.extab.text._ZN15Adafruit_SPITFT13writeFillRectEsssst
                0x08004ce8        0xc CMakeFiles/TEST1.dir/C_/Users/benji/LabBoard_BNJ/Applications/lib/tft/Adafruit-GFX-Library/Adafruit_SPITFT.cpp.obj
 .ARM.extab.text._ZN15Adafruit_SPITFT14writeFastVLineEssst
                0x08004cf4        0xc CMakeFiles/TEST1.dir/C_/Users/benji/LabBoard_BNJ/Applications/lib/tft/Adafruit-GFX-Library/Adafruit_SPITFT.cpp.obj
 .ARM.extab.text._ZN15Adafruit_SPITFT14writeFastHLineEssst
                0x08004d00        0xc CMakeFiles/TEST1.dir/C_/Users/benji/LabBoard_BNJ/Applications/lib/tft/Adafruit-GFX-Library/Adafruit_SPITFT.cpp.obj
 .ARM.extab.text._ZN15Adafruit_SPITFT9drawPixelEsst
                0x08004d0c        0xc CMakeFiles/TEST1.dir/C_/Users/benji/LabBoard_BNJ/Applications/lib/tft/Adafruit-GFX-Library/Adafruit_SPITFT.cpp.obj
 .ARM.extab.text._ZN15Adafruit_SPITFT13drawFastVLineEssst
                0x08004d18        0xc CMakeFiles/TEST1.dir/C_/Users/benji/LabBoard_BNJ/Applications/lib/tft/Adafruit-GFX-Library/Adafruit_SPITFT.cpp.obj
 .ARM.extab.text._ZN15Adafruit_SPITFT13drawFastHLineEssst
                0x08004d24        0xc CMakeFiles/TEST1.dir/C_/Users/benji/LabBoard_BNJ/Applications/lib/tft/Adafruit-GFX-Library/Adafruit_SPITFT.cpp.obj
 .ARM.extab.text._ZN15Adafruit_SPITFT8fillRectEsssst
                0x08004d30        0xc CMakeFiles/TEST1.dir/C_/Users/benji/LabBoard_BNJ/Applications/lib/tft/Adafruit-GFX-Library/Adafruit_SPITFT.cpp.obj
 .ARM.extab.text._ZN15Adafruit_SPITFT13invertDisplayEb
                0x08004d3c        0xc CMakeFiles/TEST1.dir/C_/Users/benji/LabBoard_BNJ/Applications/lib/tft/Adafruit-GFX-Library/Adafruit_SPITFT.cpp.obj
 .ARM.extab.text._ZN15Adafruit_ST77355initREh
                0x08004d48        0xc CMakeFiles/TEST1.dir/C_/Users/benji/LabBoard_BNJ/Applications/lib/tft/Adafruit-ST7735-Library/Adafruit_ST7735.cpp.obj
 .ARM.extab.text._ZN15Adafruit_ST773511setRotationEh
                0x08004d54        0xc CMakeFiles/TEST1.dir/C_/Users/benji/LabBoard_BNJ/Applications/lib/tft/Adafruit-ST7735-Library/Adafruit_ST7735.cpp.obj
 .ARM.extab.text._ZN15Adafruit_ST77xxC2Ev
                0x08004d60        0xc CMakeFiles/TEST1.dir/C_/Users/benji/LabBoard_BNJ/Applications/lib/tft/Adafruit-ST7735-Library/Adafruit_ST77xx.cpp.obj
 .ARM.extab.text._ZN15Adafruit_ST77xx11displayInitEPKh
                0x08004d6c        0xc CMakeFiles/TEST1.dir/C_/Users/benji/LabBoard_BNJ/Applications/lib/tft/Adafruit-ST7735-Library/Adafruit_ST77xx.cpp.obj
 .ARM.extab.text._ZN15Adafruit_ST77xx5beginEm
                0x08004d78        0xc CMakeFiles/TEST1.dir/C_/Users/benji/LabBoard_BNJ/Applications/lib/tft/Adafruit-ST7735-Library/Adafruit_ST77xx.cpp.obj
 .ARM.extab.text._ZN15Adafruit_ST77xx10commonInitEPKh
                0x08004d84        0xc CMakeFiles/TEST1.dir/C_/Users/benji/LabBoard_BNJ/Applications/lib/tft/Adafruit-ST7735-Library/Adafruit_ST77xx.cpp.obj
 .ARM.extab.text._ZN15Adafruit_ST77xx13setAddrWindowEtttt
                0x08004d90        0xc CMakeFiles/TEST1.dir/C_/Users/benji/LabBoard_BNJ/Applications/lib/tft/Adafruit-ST7735-Library/Adafruit_ST77xx.cpp.obj
 .ARM.extab.text._ZN15Adafruit_ST77xx11setRotationEh
                0x08004d9c        0xc CMakeFiles/TEST1.dir/C_/Users/benji/LabBoard_BNJ/Applications/lib/tft/Adafruit-ST7735-Library/Adafruit_ST77xx.cpp.obj
 .ARM.extab.text.Reset_Handler
                0x08004da8        0xc CMakeFiles/TEST1.dir/C_/Users/benji/LabBoard_BNJ/Applications/sys/startup_ARMCM4.c.obj
                0x08004db4                        __exidx_start = .

.ARM.exidx      0x08004db4      0x250
 *(.ARM.exidx* .gnu.linkonce.armexidx.*)
 .ARM.exidx     0x08004db4        0x8 c:/progra~2/armgnu~1/1213fb~1.2mp/bin/../lib/gcc/arm-none-eabi/12.2.0/thumb/v7e-m/nofp/crt0.o
                                 0x10 (size before relaxing)
 .ARM.exidx.text._Z5setupv
                0x08004dbc        0x8 CMakeFiles/TEST1.dir/main.cpp.obj
 .ARM.exidx.text.main
                0x08004dc4        0x8 CMakeFiles/TEST1.dir/main.cpp.obj
 .ARM.exidx.text.setupSPI
                0x08004dcc        0x8 CMakeFiles/TEST1.dir/C_/Users/benji/LabBoard_BNJ/Applications/lib/spi.c.obj
 .ARM.exidx.text.transfer8
                0x08004dd4        0x0 CMakeFiles/TEST1.dir/C_/Users/benji/LabBoard_BNJ/Applications/lib/spi.c.obj
                                  0x8 (size before relaxing)
 .ARM.exidx.text._ZN15Adafruit_ST7735C2Ev
                0x08004dd4        0x8 CMakeFiles/TEST1.dir/C_/Users/benji/LabBoard_BNJ/Applications/lib/tft/tft.cpp.obj
 .ARM.exidx.text._ZN3tftC2Ev
                0x08004ddc        0x8 CMakeFiles/TEST1.dir/C_/Users/benji/LabBoard_BNJ/Applications/lib/tft/tft.cpp.obj
 .ARM.exidx.text._ZN3tft5eraseEv
                0x08004de4        0x8 CMakeFiles/TEST1.dir/C_/Users/benji/LabBoard_BNJ/Applications/lib/tft/tft.cpp.obj
 .ARM.exidx.text._ZN3tft5setupEv
                0x08004dec        0x8 CMakeFiles/TEST1.dir/C_/Users/benji/LabBoard_BNJ/Applications/lib/tft/tft.cpp.obj
 .ARM.exidx.text._ZN3tft13setTextCursorEjj
                0x08004df4        0x8 CMakeFiles/TEST1.dir/C_/Users/benji/LabBoard_BNJ/Applications/lib/tft/tft.cpp.obj
 .ARM.exidx.text._ZN3tft12getTextWidthEv
                0x08004dfc        0x8 CMakeFiles/TEST1.dir/C_/Users/benji/LabBoard_BNJ/Applications/lib/tft/tft.cpp.obj
 .ARM.exidx.text._ZN3tft13getTextHeightEv
                0x08004e04        0x8 CMakeFiles/TEST1.dir/C_/Users/benji/LabBoard_BNJ/Applications/lib/tft/tft.cpp.obj
 .ARM.exidx.text._Z41__static_initialization_and_destruction_0ii
                0x08004e0c        0x8 CMakeFiles/TEST1.dir/C_/Users/benji/LabBoard_BNJ/Applications/lib/tft/tft.cpp.obj
 .ARM.exidx.text._GLOBAL__sub_I__ZN3tft5eraseEv
                0x08004e14        0x0 CMakeFiles/TEST1.dir/C_/Users/benji/LabBoard_BNJ/Applications/lib/tft/tft.cpp.obj
                                  0x8 (size before relaxing)
 .ARM.exidx.text._ZN5Print5writeEPKc
                0x08004e14        0x8 CMakeFiles/TEST1.dir/C_/Users/benji/LabBoard_BNJ/Applications/lib/tft/arduinoCore/Print.cpp.obj
 .ARM.exidx.text._ZN5Print5writeEPKhj
                0x08004e1c        0x8 CMakeFiles/TEST1.dir/C_/Users/benji/LabBoard_BNJ/Applications/lib/tft/arduinoCore/Print.cpp.obj
 .ARM.exidx.text._ZN5Print5printEPKc
                0x08004e24        0x8 CMakeFiles/TEST1.dir/C_/Users/benji/LabBoard_BNJ/Applications/lib/tft/arduinoCore/Print.cpp.obj
 .ARM.exidx.text._ZN5PrintC2Ev
                0x08004e2c        0x8 CMakeFiles/TEST1.dir/C_/Users/benji/LabBoard_BNJ/Applications/lib/tft/Adafruit-GFX-Library/Adafruit_GFX.cpp.obj
 .ARM.exidx.text._ZN12Adafruit_GFXC2Ess
                0x08004e34        0x0 CMakeFiles/TEST1.dir/C_/Users/benji/LabBoard_BNJ/Applications/lib/tft/Adafruit-GFX-Library/Adafruit_GFX.cpp.obj
                                  0x8 (size before relaxing)
 .ARM.exidx.text._ZN12Adafruit_GFX9writeLineEsssst
                0x08004e34        0x8 CMakeFiles/TEST1.dir/C_/Users/benji/LabBoard_BNJ/Applications/lib/tft/Adafruit-GFX-Library/Adafruit_GFX.cpp.obj
 .ARM.exidx.text._ZN12Adafruit_GFX10startWriteEv
                0x08004e3c        0x8 CMakeFiles/TEST1.dir/C_/Users/benji/LabBoard_BNJ/Applications/lib/tft/Adafruit-GFX-Library/Adafruit_GFX.cpp.obj
 .ARM.exidx.text._ZN12Adafruit_GFX10writePixelEsst
                0x08004e44        0x8 CMakeFiles/TEST1.dir/C_/Users/benji/LabBoard_BNJ/Applications/lib/tft/Adafruit-GFX-Library/Adafruit_GFX.cpp.obj
 .ARM.exidx.text._ZN12Adafruit_GFX14writeFastVLineEssst
                0x08004e4c        0x8 CMakeFiles/TEST1.dir/C_/Users/benji/LabBoard_BNJ/Applications/lib/tft/Adafruit-GFX-Library/Adafruit_GFX.cpp.obj
 .ARM.exidx.text._ZN12Adafruit_GFX14writeFastHLineEssst
                0x08004e54        0x8 CMakeFiles/TEST1.dir/C_/Users/benji/LabBoard_BNJ/Applications/lib/tft/Adafruit-GFX-Library/Adafruit_GFX.cpp.obj
 .ARM.exidx.text._ZN12Adafruit_GFX13writeFillRectEsssst
                0x08004e5c        0x8 CMakeFiles/TEST1.dir/C_/Users/benji/LabBoard_BNJ/Applications/lib/tft/Adafruit-GFX-Library/Adafruit_GFX.cpp.obj
 .ARM.exidx.text._ZN12Adafruit_GFX8endWriteEv
                0x08004e64        0x8 CMakeFiles/TEST1.dir/C_/Users/benji/LabBoard_BNJ/Applications/lib/tft/Adafruit-GFX-Library/Adafruit_GFX.cpp.obj
 .ARM.exidx.text._ZN12Adafruit_GFX13drawFastVLineEssst
                0x08004e6c        0x8 CMakeFiles/TEST1.dir/C_/Users/benji/LabBoard_BNJ/Applications/lib/tft/Adafruit-GFX-Library/Adafruit_GFX.cpp.obj
 .ARM.exidx.text._ZN12Adafruit_GFX13drawFastHLineEssst
                0x08004e74        0x8 CMakeFiles/TEST1.dir/C_/Users/benji/LabBoard_BNJ/Applications/lib/tft/Adafruit-GFX-Library/Adafruit_GFX.cpp.obj
 .ARM.exidx.text._ZN12Adafruit_GFX8fillRectEsssst
                0x08004e7c        0x8 CMakeFiles/TEST1.dir/C_/Users/benji/LabBoard_BNJ/Applications/lib/tft/Adafruit-GFX-Library/Adafruit_GFX.cpp.obj
 .ARM.exidx.text._ZN12Adafruit_GFX10fillScreenEt
                0x08004e84        0x8 CMakeFiles/TEST1.dir/C_/Users/benji/LabBoard_BNJ/Applications/lib/tft/Adafruit-GFX-Library/Adafruit_GFX.cpp.obj
 .ARM.exidx.text._ZN12Adafruit_GFX8drawLineEsssst
                0x08004e8c        0x8 CMakeFiles/TEST1.dir/C_/Users/benji/LabBoard_BNJ/Applications/lib/tft/Adafruit-GFX-Library/Adafruit_GFX.cpp.obj
 .ARM.exidx.text._ZN12Adafruit_GFX8drawRectEsssst
                0x08004e94        0x8 CMakeFiles/TEST1.dir/C_/Users/benji/LabBoard_BNJ/Applications/lib/tft/Adafruit-GFX-Library/Adafruit_GFX.cpp.obj
 .ARM.exidx.text._ZN12Adafruit_GFX8drawCharEsshtth
                0x08004e9c        0x8 CMakeFiles/TEST1.dir/C_/Users/benji/LabBoard_BNJ/Applications/lib/tft/Adafruit-GFX-Library/Adafruit_GFX.cpp.obj
 .ARM.exidx.text._ZN12Adafruit_GFX5writeEh
                0x08004ea4        0x8 CMakeFiles/TEST1.dir/C_/Users/benji/LabBoard_BNJ/Applications/lib/tft/Adafruit-GFX-Library/Adafruit_GFX.cpp.obj
 .ARM.exidx.text._ZN12Adafruit_GFX9setCursorEss
                0x08004eac        0x8 CMakeFiles/TEST1.dir/C_/Users/benji/LabBoard_BNJ/Applications/lib/tft/Adafruit-GFX-Library/Adafruit_GFX.cpp.obj
 .ARM.exidx.text._ZN12Adafruit_GFX12setTextColorEt
                0x08004eb4        0x0 CMakeFiles/TEST1.dir/C_/Users/benji/LabBoard_BNJ/Applications/lib/tft/Adafruit-GFX-Library/Adafruit_GFX.cpp.obj
                                  0x8 (size before relaxing)
 .ARM.exidx.text._ZN12Adafruit_GFX11setRotationEh
                0x08004eb4        0x0 CMakeFiles/TEST1.dir/C_/Users/benji/LabBoard_BNJ/Applications/lib/tft/Adafruit-GFX-Library/Adafruit_GFX.cpp.obj
                                  0x8 (size before relaxing)
 .ARM.exidx.text._ZN12Adafruit_GFX7setFontEPK7GFXfont
                0x08004eb4        0x0 CMakeFiles/TEST1.dir/C_/Users/benji/LabBoard_BNJ/Applications/lib/tft/Adafruit-GFX-Library/Adafruit_GFX.cpp.obj
                                  0x8 (size before relaxing)
 .ARM.exidx.text._ZNK12Adafruit_GFX5widthEv
                0x08004eb4        0x0 CMakeFiles/TEST1.dir/C_/Users/benji/LabBoard_BNJ/Applications/lib/tft/Adafruit-GFX-Library/Adafruit_GFX.cpp.obj
                                  0x8 (size before relaxing)
 .ARM.exidx.text._ZNK12Adafruit_GFX6heightEv
                0x08004eb4        0x0 CMakeFiles/TEST1.dir/C_/Users/benji/LabBoard_BNJ/Applications/lib/tft/Adafruit-GFX-Library/Adafruit_GFX.cpp.obj
                                  0x8 (size before relaxing)
 .ARM.exidx.text._ZN12Adafruit_GFX13invertDisplayEb
                0x08004eb4        0x0 CMakeFiles/TEST1.dir/C_/Users/benji/LabBoard_BNJ/Applications/lib/tft/Adafruit-GFX-Library/Adafruit_GFX.cpp.obj
                                  0x8 (size before relaxing)
 .ARM.exidx.text._ZN10GFXcanvas19drawPixelEsst
                0x08004eb4        0x0 CMakeFiles/TEST1.dir/C_/Users/benji/LabBoard_BNJ/Applications/lib/tft/Adafruit-GFX-Library/Adafruit_GFX.cpp.obj
                                  0x8 (size before relaxing)
 .ARM.exidx.text._ZN10GFXcanvas110fillScreenEt
                0x08004eb4        0x0 CMakeFiles/TEST1.dir/C_/Users/benji/LabBoard_BNJ/Applications/lib/tft/Adafruit-GFX-Library/Adafruit_GFX.cpp.obj
                                  0x8 (size before relaxing)
 .ARM.exidx.text._ZN10GFXcanvas89drawPixelEsst
                0x08004eb4        0x0 CMakeFiles/TEST1.dir/C_/Users/benji/LabBoard_BNJ/Applications/lib/tft/Adafruit-GFX-Library/Adafruit_GFX.cpp.obj
                                  0x8 (size before relaxing)
 .ARM.exidx.text._ZN10GFXcanvas810fillScreenEt
                0x08004eb4        0x0 CMakeFiles/TEST1.dir/C_/Users/benji/LabBoard_BNJ/Applications/lib/tft/Adafruit-GFX-Library/Adafruit_GFX.cpp.obj
                                  0x8 (size before relaxing)
 .ARM.exidx.text._ZN10GFXcanvas814writeFastHLineEssst
                0x08004eb4        0x0 CMakeFiles/TEST1.dir/C_/Users/benji/LabBoard_BNJ/Applications/lib/tft/Adafruit-GFX-Library/Adafruit_GFX.cpp.obj
                                  0x8 (size before relaxing)
 .ARM.exidx.text._ZN11GFXcanvas169drawPixelEsst
                0x08004eb4        0x0 CMakeFiles/TEST1.dir/C_/Users/benji/LabBoard_BNJ/Applications/lib/tft/Adafruit-GFX-Library/Adafruit_GFX.cpp.obj
                                  0x8 (size before relaxing)
 .ARM.exidx.text._ZN11GFXcanvas1610fillScreenEt
                0x08004eb4        0x0 CMakeFiles/TEST1.dir/C_/Users/benji/LabBoard_BNJ/Applications/lib/tft/Adafruit-GFX-Library/Adafruit_GFX.cpp.obj
                                  0x8 (size before relaxing)
 .ARM.exidx.text._ZN15Adafruit_SPITFT10writePixelEt
                0x08004eb4        0x8 CMakeFiles/TEST1.dir/C_/Users/benji/LabBoard_BNJ/Applications/lib/tft/Adafruit-GFX-Library/Adafruit_SPITFT.cpp.obj
 .ARM.exidx.text._ZN15Adafruit_SPITFTC2Ett
                0x08004ebc        0x8 CMakeFiles/TEST1.dir/C_/Users/benji/LabBoard_BNJ/Applications/lib/tft/Adafruit-GFX-Library/Adafruit_SPITFT.cpp.obj
 .ARM.exidx.text._ZN15Adafruit_SPITFT7initSPIEm
                0x08004ec4        0x8 CMakeFiles/TEST1.dir/C_/Users/benji/LabBoard_BNJ/Applications/lib/tft/Adafruit-GFX-Library/Adafruit_SPITFT.cpp.obj
 .ARM.exidx.text._ZN15Adafruit_SPITFT8spiWriteEh
                0x08004ecc        0x8 CMakeFiles/TEST1.dir/C_/Users/benji/LabBoard_BNJ/Applications/lib/tft/Adafruit-GFX-Library/Adafruit_SPITFT.cpp.obj
 .ARM.exidx.text._ZN15Adafruit_SPITFT10startWriteEv
                0x08004ed4        0x8 CMakeFiles/TEST1.dir/C_/Users/benji/LabBoard_BNJ/Applications/lib/tft/Adafruit-GFX-Library/Adafruit_SPITFT.cpp.obj
 .ARM.exidx.text._ZN15Adafruit_SPITFT8endWriteEv
                0x08004edc        0x0 CMakeFiles/TEST1.dir/C_/Users/benji/LabBoard_BNJ/Applications/lib/tft/Adafruit-GFX-Library/Adafruit_SPITFT.cpp.obj
                                  0x8 (size before relaxing)
 .ARM.exidx.text._ZN15Adafruit_SPITFT12writeCommandEh
                0x08004edc        0x8 CMakeFiles/TEST1.dir/C_/Users/benji/LabBoard_BNJ/Applications/lib/tft/Adafruit-GFX-Library/Adafruit_SPITFT.cpp.obj
 .ARM.exidx.text._ZN15Adafruit_SPITFT10writeColorEtm
                0x08004ee4        0x8 CMakeFiles/TEST1.dir/C_/Users/benji/LabBoard_BNJ/Applications/lib/tft/Adafruit-GFX-Library/Adafruit_SPITFT.cpp.obj
 .ARM.exidx.text._ZN15Adafruit_SPITFT10writePixelEsst
                0x08004eec        0x8 CMakeFiles/TEST1.dir/C_/Users/benji/LabBoard_BNJ/Applications/lib/tft/Adafruit-GFX-Library/Adafruit_SPITFT.cpp.obj
 .ARM.exidx.text._ZN15Adafruit_SPITFT13writeFillRectEsssst
                0x08004ef4        0x8 CMakeFiles/TEST1.dir/C_/Users/benji/LabBoard_BNJ/Applications/lib/tft/Adafruit-GFX-Library/Adafruit_SPITFT.cpp.obj
 .ARM.exidx.text._ZN15Adafruit_SPITFT14writeFastVLineEssst
                0x08004efc        0x8 CMakeFiles/TEST1.dir/C_/Users/benji/LabBoard_BNJ/Applications/lib/tft/Adafruit-GFX-Library/Adafruit_SPITFT.cpp.obj
 .ARM.exidx.text._ZN15Adafruit_SPITFT14writeFastHLineEssst
                0x08004f04        0x8 CMakeFiles/TEST1.dir/C_/Users/benji/LabBoard_BNJ/Applications/lib/tft/Adafruit-GFX-Library/Adafruit_SPITFT.cpp.obj
 .ARM.exidx.text._ZN15Adafruit_SPITFT9drawPixelEsst
                0x08004f0c        0x8 CMakeFiles/TEST1.dir/C_/Users/benji/LabBoard_BNJ/Applications/lib/tft/Adafruit-GFX-Library/Adafruit_SPITFT.cpp.obj
 .ARM.exidx.text._ZN15Adafruit_SPITFT13drawFastVLineEssst
                0x08004f14        0x8 CMakeFiles/TEST1.dir/C_/Users/benji/LabBoard_BNJ/Applications/lib/tft/Adafruit-GFX-Library/Adafruit_SPITFT.cpp.obj
 .ARM.exidx.text._ZN15Adafruit_SPITFT13drawFastHLineEssst
                0x08004f1c        0x8 CMakeFiles/TEST1.dir/C_/Users/benji/LabBoard_BNJ/Applications/lib/tft/Adafruit-GFX-Library/Adafruit_SPITFT.cpp.obj
 .ARM.exidx.text._ZN15Adafruit_SPITFT8fillRectEsssst
                0x08004f24        0x8 CMakeFiles/TEST1.dir/C_/Users/benji/LabBoard_BNJ/Applications/lib/tft/Adafruit-GFX-Library/Adafruit_SPITFT.cpp.obj
 .ARM.exidx.text._ZN15Adafruit_SPITFT13invertDisplayEb
                0x08004f2c        0x8 CMakeFiles/TEST1.dir/C_/Users/benji/LabBoard_BNJ/Applications/lib/tft/Adafruit-GFX-Library/Adafruit_SPITFT.cpp.obj
 .ARM.exidx.text._ZN15Adafruit_ST77355initREh
                0x08004f34        0x8 CMakeFiles/TEST1.dir/C_/Users/benji/LabBoard_BNJ/Applications/lib/tft/Adafruit-ST7735-Library/Adafruit_ST7735.cpp.obj
 .ARM.exidx.text._ZN15Adafruit_ST773511setRotationEh
                0x08004f3c        0x8 CMakeFiles/TEST1.dir/C_/Users/benji/LabBoard_BNJ/Applications/lib/tft/Adafruit-ST7735-Library/Adafruit_ST7735.cpp.obj
 .ARM.exidx.text._ZN15Adafruit_ST77xxC2Ev
                0x08004f44        0x8 CMakeFiles/TEST1.dir/C_/Users/benji/LabBoard_BNJ/Applications/lib/tft/Adafruit-ST7735-Library/Adafruit_ST77xx.cpp.obj
 .ARM.exidx.text._ZN15Adafruit_ST77xx11displayInitEPKh
                0x08004f4c        0x8 CMakeFiles/TEST1.dir/C_/Users/benji/LabBoard_BNJ/Applications/lib/tft/Adafruit-ST7735-Library/Adafruit_ST77xx.cpp.obj
 .ARM.exidx.text._ZN15Adafruit_ST77xx5beginEm
                0x08004f54        0x8 CMakeFiles/TEST1.dir/C_/Users/benji/LabBoard_BNJ/Applications/lib/tft/Adafruit-ST7735-Library/Adafruit_ST77xx.cpp.obj
 .ARM.exidx.text._ZN15Adafruit_ST77xx10commonInitEPKh
                0x08004f5c        0x8 CMakeFiles/TEST1.dir/C_/Users/benji/LabBoard_BNJ/Applications/lib/tft/Adafruit-ST7735-Library/Adafruit_ST77xx.cpp.obj
 .ARM.exidx.text._ZN15Adafruit_ST77xx13setAddrWindowEtttt
                0x08004f64        0x8 CMakeFiles/TEST1.dir/C_/Users/benji/LabBoard_BNJ/Applications/lib/tft/Adafruit-ST7735-Library/Adafruit_ST77xx.cpp.obj
 .ARM.exidx.text._ZN15Adafruit_ST77xx11setRotationEh
                0x08004f6c        0x8 CMakeFiles/TEST1.dir/C_/Users/benji/LabBoard_BNJ/Applications/lib/tft/Adafruit-ST7735-Library/Adafruit_ST77xx.cpp.obj
 .ARM.exidx.text.Reset_Handler
                0x08004f74        0x8 CMakeFiles/TEST1.dir/C_/Users/benji/LabBoard_BNJ/Applications/sys/startup_ARMCM4.c.obj
 .ARM.exidx.text.Default_Handler
                0x08004f7c        0x8 CMakeFiles/TEST1.dir/C_/Users/benji/LabBoard_BNJ/Applications/sys/startup_ARMCM4.c.obj
 .ARM.exidx.text.SystemInit
                0x08004f84        0x0 CMakeFiles/TEST1.dir/C_/Users/benji/LabBoard_BNJ/Applications/sys/startup_clock.c.obj
                                  0x8 (size before relaxing)
 .ARM.exidx.text.selfrel_offset31
                0x08004f84        0x0 c:/progra~2/armgnu~1/1213fb~1.2mp/bin/../lib/gcc/arm-none-eabi/12.2.0/thumb/v7e-m/nofp\libgcc.a(unwind-arm.o)
                                  0x8 (size before relaxing)
 .ARM.exidx.text.search_EIT_table
                0x08004f84        0x0 c:/progra~2/armgnu~1/1213fb~1.2mp/bin/../lib/gcc/arm-none-eabi/12.2.0/thumb/v7e-m/nofp\libgcc.a(unwind-arm.o)
                                  0x8 (size before relaxing)
 .ARM.exidx.text.__gnu_unwind_get_pr_addr
                0x08004f84        0x0 c:/progra~2/armgnu~1/1213fb~1.2mp/bin/../lib/gcc/arm-none-eabi/12.2.0/thumb/v7e-m/nofp\libgcc.a(unwind-arm.o)
                                  0x8 (size before relaxing)
 .ARM.exidx.text.get_eit_entry
                0x08004f84        0x8 c:/progra~2/armgnu~1/1213fb~1.2mp/bin/../lib/gcc/arm-none-eabi/12.2.0/thumb/v7e-m/nofp\libgcc.a(unwind-arm.o)
 .ARM.exidx.text.restore_non_core_regs
                0x08004f8c        0x8 c:/progra~2/armgnu~1/1213fb~1.2mp/bin/../lib/gcc/arm-none-eabi/12.2.0/thumb/v7e-m/nofp\libgcc.a(unwind-arm.o)
 .ARM.exidx.text._Unwind_decode_typeinfo_ptr.constprop.0
                0x08004f94        0x8 c:/progra~2/armgnu~1/1213fb~1.2mp/bin/../lib/gcc/arm-none-eabi/12.2.0/thumb/v7e-m/nofp\libgcc.a(unwind-arm.o)
 .ARM.exidx.text._Unwind_DebugHook
                0x08004f9c        0x0 c:/progra~2/armgnu~1/1213fb~1.2mp/bin/../lib/gcc/arm-none-eabi/12.2.0/thumb/v7e-m/nofp\libgcc.a(unwind-arm.o)
                                  0x8 (size before relaxing)
 .ARM.exidx.text.unwind_phase2
                0x08004f9c        0x8 c:/progra~2/armgnu~1/1213fb~1.2mp/bin/../lib/gcc/arm-none-eabi/12.2.0/thumb/v7e-m/nofp\libgcc.a(unwind-arm.o)
 .ARM.exidx.text.unwind_phase2_forced
                0x08004fa4        0x8 c:/progra~2/armgnu~1/1213fb~1.2mp/bin/../lib/gcc/arm-none-eabi/12.2.0/thumb/v7e-m/nofp\libgcc.a(unwind-arm.o)
 .ARM.exidx.text.__gnu_Unwind_RaiseException
                0x08004fac        0x8 c:/progra~2/armgnu~1/1213fb~1.2mp/bin/../lib/gcc/arm-none-eabi/12.2.0/thumb/v7e-m/nofp\libgcc.a(unwind-arm.o)
 .ARM.exidx.text.__gnu_Unwind_ForcedUnwind
                0x08004fb4        0x8 c:/progra~2/armgnu~1/1213fb~1.2mp/bin/../lib/gcc/arm-none-eabi/12.2.0/thumb/v7e-m/nofp\libgcc.a(unwind-arm.o)
 .ARM.exidx.text.__gnu_Unwind_Resume
                0x08004fbc        0x8 c:/progra~2/armgnu~1/1213fb~1.2mp/bin/../lib/gcc/arm-none-eabi/12.2.0/thumb/v7e-m/nofp\libgcc.a(unwind-arm.o)
 .ARM.exidx.text.__gnu_Unwind_Resume_or_Rethrow
                0x08004fc4        0x8 c:/progra~2/armgnu~1/1213fb~1.2mp/bin/../lib/gcc/arm-none-eabi/12.2.0/thumb/v7e-m/nofp\libgcc.a(unwind-arm.o)
 .ARM.exidx.text._Unwind_VRS_Get
                0x08004fcc        0x0 c:/progra~2/armgnu~1/1213fb~1.2mp/bin/../lib/gcc/arm-none-eabi/12.2.0/thumb/v7e-m/nofp\libgcc.a(unwind-arm.o)
                                  0x8 (size before relaxing)
 .ARM.exidx.text._Unwind_GetGR
                0x08004fcc        0x0 c:/progra~2/armgnu~1/1213fb~1.2mp/bin/../lib/gcc/arm-none-eabi/12.2.0/thumb/v7e-m/nofp\libgcc.a(unwind-arm.o)
                                  0x8 (size before relaxing)
 .ARM.exidx.text._Unwind_VRS_Set
                0x08004fcc        0x0 c:/progra~2/armgnu~1/1213fb~1.2mp/bin/../lib/gcc/arm-none-eabi/12.2.0/thumb/v7e-m/nofp\libgcc.a(unwind-arm.o)
                                  0x8 (size before relaxing)
 .ARM.exidx.text._Unwind_SetGR
                0x08004fcc        0x0 c:/progra~2/armgnu~1/1213fb~1.2mp/bin/../lib/gcc/arm-none-eabi/12.2.0/thumb/v7e-m/nofp\libgcc.a(unwind-arm.o)
                                  0x8 (size before relaxing)
 .ARM.exidx.text.__gnu_Unwind_Backtrace
                0x08004fcc        0x8 c:/progra~2/armgnu~1/1213fb~1.2mp/bin/../lib/gcc/arm-none-eabi/12.2.0/thumb/v7e-m/nofp\libgcc.a(unwind-arm.o)
 .ARM.exidx.text.__gnu_unwind_pr_common
                0x08004fd4        0x8 c:/progra~2/armgnu~1/1213fb~1.2mp/bin/../lib/gcc/arm-none-eabi/12.2.0/thumb/v7e-m/nofp\libgcc.a(unwind-arm.o)
 .ARM.exidx.text.__aeabi_unwind_cpp_pr0
                0x08004fdc        0x8 c:/progra~2/armgnu~1/1213fb~1.2mp/bin/../lib/gcc/arm-none-eabi/12.2.0/thumb/v7e-m/nofp\libgcc.a(unwind-arm.o)
 .ARM.exidx.text.__aeabi_unwind_cpp_pr1
                0x08004fe4        0x0 c:/progra~2/armgnu~1/1213fb~1.2mp/bin/../lib/gcc/arm-none-eabi/12.2.0/thumb/v7e-m/nofp\libgcc.a(unwind-arm.o)
                                  0x8 (size before relaxing)
 .ARM.exidx.text.__aeabi_unwind_cpp_pr2
                0x08004fe4        0x0 c:/progra~2/armgnu~1/1213fb~1.2mp/bin/../lib/gcc/arm-none-eabi/12.2.0/thumb/v7e-m/nofp\libgcc.a(unwind-arm.o)
                                  0x8 (size before relaxing)
 .ARM.exidx.text._Unwind_VRS_Pop
                0x08004fe4       0x10 c:/progra~2/armgnu~1/1213fb~1.2mp/bin/../lib/gcc/arm-none-eabi/12.2.0/thumb/v7e-m/nofp\libgcc.a(unwind-arm.o)
                                  0x8 (size before relaxing)
 .ARM.exidx.text.next_unwind_byte
                0x08004ff4        0x0 c:/progra~2/armgnu~1/1213fb~1.2mp/bin/../lib/gcc/arm-none-eabi/12.2.0/thumb/v7e-m/nofp\libgcc.a(pr-support.o)
                                  0x8 (size before relaxing)
 .ARM.exidx.text.__gnu_unwind_execute
                0x08004ff4       0x10 c:/progra~2/armgnu~1/1213fb~1.2mp/bin/../lib/gcc/arm-none-eabi/12.2.0/thumb/v7e-m/nofp\libgcc.a(pr-support.o)
                                  0x8 (size before relaxing)
 .ARM.exidx     0x08005004        0x0 c:/progra~2/armgnu~1/1213fb~1.2mp/bin/../lib/gcc/arm-none-eabi/12.2.0/thumb/v7e-m/nofp\libc.a(libc_a-memcpy.o)
                                  0x8 (size before relaxing)
 .ARM.exidx     0x08005004        0x0 c:/progra~2/armgnu~1/1213fb~1.2mp/bin/../lib/gcc/arm-none-eabi/12.2.0/thumb/v7e-m/nofp\libc.a(libc_a-strlen.o)
                                  0x8 (size before relaxing)
                0x08005004                        __exidx_end = .
                0x08005004                        __etext = .

.rel.dyn        0x08005004        0x0
 .rel.iplt      0x08005004        0x0 c:/progra~2/armgnu~1/1213fb~1.2mp/bin/../lib/gcc/arm-none-eabi/12.2.0/thumb/v7e-m/nofp/crtbegin.o

.data           0x20000000       0x14 load address 0x08005004
                0x20000000                        __data_start__ = .
 *(vtable)
 *(.data*)
 .data.__atexit_recursive_mutex
                0x20000000        0x4 c:/progra~2/armgnu~1/1213fb~1.2mp/bin/../lib/gcc/arm-none-eabi/12.2.0/thumb/v7e-m/nofp\libc.a(libc_a-__call_atexit.o)
                0x20000000                __atexit_recursive_mutex
                0x20000004                        . = ALIGN (0x4)
                0x20000004                        PROVIDE (__preinit_array_start = .)
 *(.preinit_array)
                0x20000004                        PROVIDE (__preinit_array_end = .)
                0x20000004                        . = ALIGN (0x4)
                0x20000004                        PROVIDE (__init_array_start = .)
 *(SORT_BY_NAME(.init_array.*))
 .init_array.00000
                0x20000004        0x4 c:/progra~2/armgnu~1/1213fb~1.2mp/bin/../lib/gcc/arm-none-eabi/12.2.0/thumb/v7e-m/nofp\libc.a(libc_a-__call_atexit.o)
 *(.init_array)
 .init_array    0x20000008        0x4 c:/progra~2/armgnu~1/1213fb~1.2mp/bin/../lib/gcc/arm-none-eabi/12.2.0/thumb/v7e-m/nofp/crtbegin.o
 .init_array    0x2000000c        0x4 CMakeFiles/TEST1.dir/C_/Users/benji/LabBoard_BNJ/Applications/lib/tft/tft.cpp.obj
                0x20000010                        PROVIDE (__init_array_end = .)
                0x20000010                        . = ALIGN (0x4)
                0x20000010                        PROVIDE (__fini_array_start = .)
 *(SORT_BY_NAME(.fini_array.*))
 *(.fini_array)
 .fini_array    0x20000010        0x4 c:/progra~2/armgnu~1/1213fb~1.2mp/bin/../lib/gcc/arm-none-eabi/12.2.0/thumb/v7e-m/nofp/crtbegin.o
                0x20000014                        PROVIDE (__fini_array_end = .)
 *(.jcr*)
                0x20000014                        . = ALIGN (0x4)
                0x20000014                        __data_end__ = .

.tm_clone_table
                0x20000014        0x0 load address 0x08005018
 .tm_clone_table
                0x20000014        0x0 c:/progra~2/armgnu~1/1213fb~1.2mp/bin/../lib/gcc/arm-none-eabi/12.2.0/thumb/v7e-m/nofp/crtbegin.o
 .tm_clone_table
                0x20000014        0x0 c:/progra~2/armgnu~1/1213fb~1.2mp/bin/../lib/gcc/arm-none-eabi/12.2.0/thumb/v7e-m/nofp/crtend.o

.igot.plt       0x20000014        0x0 load address 0x08005018
 .igot.plt      0x20000014        0x0 c:/progra~2/armgnu~1/1213fb~1.2mp/bin/../lib/gcc/arm-none-eabi/12.2.0/thumb/v7e-m/nofp/crtbegin.o

.bss            0x20000014      0x1e8 load address 0x08005018
                0x20000014                        . = ALIGN (0x4)
                0x20000014                        __bss_start__ = .
 *(.bss*)
 .bss.completed.1
                0x20000014        0x1 c:/progra~2/armgnu~1/1213fb~1.2mp/bin/../lib/gcc/arm-none-eabi/12.2.0/thumb/v7e-m/nofp/crtbegin.o
 *fill*         0x20000015        0x3 
 .bss.object.0  0x20000018       0x18 c:/progra~2/armgnu~1/1213fb~1.2mp/bin/../lib/gcc/arm-none-eabi/12.2.0/thumb/v7e-m/nofp/crtbegin.o
 .bss           0x20000030       0x30 CMakeFiles/TEST1.dir/C_/Users/benji/LabBoard_BNJ/Applications/lib/tft/tft.cpp.obj
                0x20000030                Tft
 .bss.__stdio_exit_handler
                0x20000060        0x4 c:/progra~2/armgnu~1/1213fb~1.2mp/bin/../lib/gcc/arm-none-eabi/12.2.0/thumb/v7e-m/nofp\libc.a(libc_a-findfp.o)
                0x20000060                __stdio_exit_handler
 .bss.__lock___atexit_recursive_mutex
                0x20000064        0x1 c:/progra~2/armgnu~1/1213fb~1.2mp/bin/../lib/gcc/arm-none-eabi/12.2.0/thumb/v7e-m/nofp\libc.a(libc_a-lock.o)
                0x20000064                __lock___atexit_recursive_mutex
 *fill*         0x20000065        0x3 
 .bss.__atexit  0x20000068        0x4 c:/progra~2/armgnu~1/1213fb~1.2mp/bin/../lib/gcc/arm-none-eabi/12.2.0/thumb/v7e-m/nofp\libc.a(libc_a-__call_atexit.o)
                0x20000068                __atexit
 .bss.__atexit0
                0x2000006c      0x190 c:/progra~2/armgnu~1/1213fb~1.2mp/bin/../lib/gcc/arm-none-eabi/12.2.0/thumb/v7e-m/nofp\libc.a(libc_a-__atexit.o)
                0x2000006c                __atexit0
 *(COMMON)
                0x200001fc                        . = ALIGN (0x4)
                0x200001fc                        __bss_end__ = .

.heap           0x20000200      0xc00
                0x20000200                        __HeapBase = .
                0x20000200                        __end__ = .
                0x20000200                        end = __end__
 *(.heap*)
 .heap          0x20000200      0xc00 CMakeFiles/TEST1.dir/C_/Users/benji/LabBoard_BNJ/Applications/sys/startup_ARMCM4.c.obj
                0x20000e00                        __HeapLimit = .

.stack_dummy    0x20000e00      0x400
 *(.stack*)
 .stack         0x20000e00      0x400 CMakeFiles/TEST1.dir/C_/Users/benji/LabBoard_BNJ/Applications/sys/startup_ARMCM4.c.obj
                0x20003000                        __StackTop = (ORIGIN (RAM) + LENGTH (RAM))
                0x20002c00                        __StackLimit = (__StackTop - SIZEOF (.stack_dummy))
                0x20003000                        PROVIDE (__stack = __StackTop)
                0x00000001                        ASSERT ((__StackLimit >= __HeapLimit), region RAM overflowed with stack)
OUTPUT(TEST1 elf32-littlearm)
LOAD linker stubs

.ARM.attributes
                0x00000000       0x2a
 .ARM.attributes
                0x00000000       0x1e c:/progra~2/armgnu~1/1213fb~1.2mp/bin/../lib/gcc/arm-none-eabi/12.2.0/thumb/v7e-m/nofp/crti.o
 .ARM.attributes
                0x0000001e       0x2e c:/progra~2/armgnu~1/1213fb~1.2mp/bin/../lib/gcc/arm-none-eabi/12.2.0/thumb/v7e-m/nofp/crtbegin.o
 .ARM.attributes
                0x0000004c       0x1c c:/progra~2/armgnu~1/1213fb~1.2mp/bin/../lib/gcc/arm-none-eabi/12.2.0/thumb/v7e-m/nofp/crt0.o
 .ARM.attributes
                0x00000068       0x2e CMakeFiles/TEST1.dir/main.cpp.obj
 .ARM.attributes
                0x00000096       0x2e CMakeFiles/TEST1.dir/C_/Users/benji/LabBoard_BNJ/Applications/lib/spi.c.obj
 .ARM.attributes
                0x000000c4       0x2e CMakeFiles/TEST1.dir/C_/Users/benji/LabBoard_BNJ/Applications/lib/tft/tft.cpp.obj
 .ARM.attributes
                0x000000f2       0x2e CMakeFiles/TEST1.dir/C_/Users/benji/LabBoard_BNJ/Applications/lib/tft/arduinoCore/Print.cpp.obj
 .ARM.attributes
                0x00000120       0x2e CMakeFiles/TEST1.dir/C_/Users/benji/LabBoard_BNJ/Applications/lib/tft/Adafruit-GFX-Library/Adafruit_GFX.cpp.obj
 .ARM.attributes
                0x0000014e       0x2e CMakeFiles/TEST1.dir/C_/Users/benji/LabBoard_BNJ/Applications/lib/tft/Adafruit-GFX-Library/Adafruit_SPITFT.cpp.obj
 .ARM.attributes
                0x0000017c       0x2e CMakeFiles/TEST1.dir/C_/Users/benji/LabBoard_BNJ/Applications/lib/tft/Adafruit-ST7735-Library/Adafruit_ST7735.cpp.obj
 .ARM.attributes
                0x000001aa       0x2e CMakeFiles/TEST1.dir/C_/Users/benji/LabBoard_BNJ/Applications/lib/tft/Adafruit-ST7735-Library/Adafruit_ST77xx.cpp.obj
 .ARM.attributes
                0x000001d8       0x2e CMakeFiles/TEST1.dir/C_/Users/benji/LabBoard_BNJ/Applications/sys/startup_ARMCM4.c.obj
 .ARM.attributes
                0x00000206       0x2e CMakeFiles/TEST1.dir/C_/Users/benji/LabBoard_BNJ/Applications/sys/startup_clock.c.obj
 .ARM.attributes
                0x00000234       0x2e c:/progra~2/armgnu~1/1213fb~1.2mp/bin/../lib/gcc/arm-none-eabi/12.2.0/thumb/v7e-m/nofp\libgcc.a(unwind-arm.o)
 .ARM.attributes
                0x00000262       0x1e c:/progra~2/armgnu~1/1213fb~1.2mp/bin/../lib/gcc/arm-none-eabi/12.2.0/thumb/v7e-m/nofp\libgcc.a(libunwind.o)
 .ARM.attributes
                0x00000280       0x2e c:/progra~2/armgnu~1/1213fb~1.2mp/bin/../lib/gcc/arm-none-eabi/12.2.0/thumb/v7e-m/nofp\libgcc.a(pr-support.o)
 .ARM.attributes
                0x000002ae       0x2e c:/progra~2/armgnu~1/1213fb~1.2mp/bin/../lib/gcc/arm-none-eabi/12.2.0/thumb/v7e-m/nofp\libc.a(libc_a-exit.o)
 .ARM.attributes
                0x000002dc       0x2e c:/progra~2/armgnu~1/1213fb~1.2mp/bin/../lib/gcc/arm-none-eabi/12.2.0/thumb/v7e-m/nofp\libc.a(libc_a-findfp.o)
 .ARM.attributes
                0x0000030a       0x2e c:/progra~2/armgnu~1/1213fb~1.2mp/bin/../lib/gcc/arm-none-eabi/12.2.0/thumb/v7e-m/nofp\libc.a(libc_a-memset.o)
 .ARM.attributes
                0x00000338       0x2e c:/progra~2/armgnu~1/1213fb~1.2mp/bin/../lib/gcc/arm-none-eabi/12.2.0/thumb/v7e-m/nofp\libc.a(libc_a-init.o)
 .ARM.attributes
                0x00000366       0x2e c:/progra~2/armgnu~1/1213fb~1.2mp/bin/../lib/gcc/arm-none-eabi/12.2.0/thumb/v7e-m/nofp\libc.a(libc_a-lock.o)
 .ARM.attributes
                0x00000394       0x1c c:/progra~2/armgnu~1/1213fb~1.2mp/bin/../lib/gcc/arm-none-eabi/12.2.0/thumb/v7e-m/nofp\libc.a(libc_a-memcpy.o)
 .ARM.attributes
                0x000003b0       0x1c c:/progra~2/armgnu~1/1213fb~1.2mp/bin/../lib/gcc/arm-none-eabi/12.2.0/thumb/v7e-m/nofp\libc.a(libc_a-strlen.o)
 .ARM.attributes
                0x000003cc       0x2e c:/progra~2/armgnu~1/1213fb~1.2mp/bin/../lib/gcc/arm-none-eabi/12.2.0/thumb/v7e-m/nofp\libc.a(libc_a-__call_atexit.o)
 .ARM.attributes
                0x000003fa       0x2e c:/progra~2/armgnu~1/1213fb~1.2mp/bin/../lib/gcc/arm-none-eabi/12.2.0/thumb/v7e-m/nofp\libc.a(libc_a-atexit.o)
 .ARM.attributes
                0x00000428       0x2e c:/progra~2/armgnu~1/1213fb~1.2mp/bin/../lib/gcc/arm-none-eabi/12.2.0/thumb/v7e-m/nofp\libc.a(libc_a-fini.o)
 .ARM.attributes
                0x00000456       0x2e c:/progra~2/armgnu~1/1213fb~1.2mp/bin/../lib/gcc/arm-none-eabi/12.2.0/thumb/v7e-m/nofp\libc.a(libc_a-__atexit.o)
 .ARM.attributes
                0x00000484       0x2e c:/progra~2/armgnu~1/1213fb~1.2mp/bin/../lib/gcc/arm-none-eabi/12.2.0/thumb/v7e-m/nofp/crtend.o
 .ARM.attributes
                0x000004b2       0x1e c:/progra~2/armgnu~1/1213fb~1.2mp/bin/../lib/gcc/arm-none-eabi/12.2.0/thumb/v7e-m/nofp/crtn.o
 .ARM.attributes
                0x000004d0       0x2e c:/progra~2/armgnu~1/1213fb~1.2mp/bin/../lib/gcc/arm-none-eabi/12.2.0/thumb/v7e-m/nofp\libnosys.a(_exit.o)

.comment        0x00000000       0x4c
 .comment       0x00000000       0x4c c:/progra~2/armgnu~1/1213fb~1.2mp/bin/../lib/gcc/arm-none-eabi/12.2.0/thumb/v7e-m/nofp/crtbegin.o
                                 0x4d (size before relaxing)
 .comment       0x0000004c       0x4d CMakeFiles/TEST1.dir/main.cpp.obj
 .comment       0x0000004c       0x4d CMakeFiles/TEST1.dir/C_/Users/benji/LabBoard_BNJ/Applications/lib/spi.c.obj
 .comment       0x0000004c       0x4d CMakeFiles/TEST1.dir/C_/Users/benji/LabBoard_BNJ/Applications/lib/tft/tft.cpp.obj
 .comment       0x0000004c       0x4d CMakeFiles/TEST1.dir/C_/Users/benji/LabBoard_BNJ/Applications/lib/tft/arduinoCore/Print.cpp.obj
 .comment       0x0000004c       0x4d CMakeFiles/TEST1.dir/C_/Users/benji/LabBoard_BNJ/Applications/lib/tft/Adafruit-GFX-Library/Adafruit_GFX.cpp.obj
 .comment       0x0000004c       0x4d CMakeFiles/TEST1.dir/C_/Users/benji/LabBoard_BNJ/Applications/lib/tft/Adafruit-GFX-Library/Adafruit_SPITFT.cpp.obj
 .comment       0x0000004c       0x4d CMakeFiles/TEST1.dir/C_/Users/benji/LabBoard_BNJ/Applications/lib/tft/Adafruit-ST7735-Library/Adafruit_ST7735.cpp.obj
 .comment       0x0000004c       0x4d CMakeFiles/TEST1.dir/C_/Users/benji/LabBoard_BNJ/Applications/lib/tft/Adafruit-ST7735-Library/Adafruit_ST77xx.cpp.obj
 .comment       0x0000004c       0x4d CMakeFiles/TEST1.dir/C_/Users/benji/LabBoard_BNJ/Applications/sys/startup_ARMCM4.c.obj
 .comment       0x0000004c       0x4d CMakeFiles/TEST1.dir/C_/Users/benji/LabBoard_BNJ/Applications/sys/startup_clock.c.obj
 .comment       0x0000004c       0x4d c:/progra~2/armgnu~1/1213fb~1.2mp/bin/../lib/gcc/arm-none-eabi/12.2.0/thumb/v7e-m/nofp\libgcc.a(unwind-arm.o)
 .comment       0x0000004c       0x4d c:/progra~2/armgnu~1/1213fb~1.2mp/bin/../lib/gcc/arm-none-eabi/12.2.0/thumb/v7e-m/nofp\libgcc.a(pr-support.o)
 .comment       0x0000004c       0x4d c:/progra~2/armgnu~1/1213fb~1.2mp/bin/../lib/gcc/arm-none-eabi/12.2.0/thumb/v7e-m/nofp\libc.a(libc_a-exit.o)
 .comment       0x0000004c       0x4d c:/progra~2/armgnu~1/1213fb~1.2mp/bin/../lib/gcc/arm-none-eabi/12.2.0/thumb/v7e-m/nofp\libc.a(libc_a-findfp.o)
 .comment       0x0000004c       0x4d c:/progra~2/armgnu~1/1213fb~1.2mp/bin/../lib/gcc/arm-none-eabi/12.2.0/thumb/v7e-m/nofp\libc.a(libc_a-memset.o)
 .comment       0x0000004c       0x4d c:/progra~2/armgnu~1/1213fb~1.2mp/bin/../lib/gcc/arm-none-eabi/12.2.0/thumb/v7e-m/nofp\libc.a(libc_a-init.o)
 .comment       0x0000004c       0x4d c:/progra~2/armgnu~1/1213fb~1.2mp/bin/../lib/gcc/arm-none-eabi/12.2.0/thumb/v7e-m/nofp\libc.a(libc_a-lock.o)
 .comment       0x0000004c       0x4d c:/progra~2/armgnu~1/1213fb~1.2mp/bin/../lib/gcc/arm-none-eabi/12.2.0/thumb/v7e-m/nofp\libc.a(libc_a-__call_atexit.o)
 .comment       0x0000004c       0x4d c:/progra~2/armgnu~1/1213fb~1.2mp/bin/../lib/gcc/arm-none-eabi/12.2.0/thumb/v7e-m/nofp\libc.a(libc_a-atexit.o)
 .comment       0x0000004c       0x4d c:/progra~2/armgnu~1/1213fb~1.2mp/bin/../lib/gcc/arm-none-eabi/12.2.0/thumb/v7e-m/nofp\libc.a(libc_a-fini.o)
 .comment       0x0000004c       0x4d c:/progra~2/armgnu~1/1213fb~1.2mp/bin/../lib/gcc/arm-none-eabi/12.2.0/thumb/v7e-m/nofp\libc.a(libc_a-__atexit.o)
 .comment       0x0000004c       0x4d c:/progra~2/armgnu~1/1213fb~1.2mp/bin/../lib/gcc/arm-none-eabi/12.2.0/thumb/v7e-m/nofp/crtend.o
 .comment       0x0000004c       0x4d c:/progra~2/armgnu~1/1213fb~1.2mp/bin/../lib/gcc/arm-none-eabi/12.2.0/thumb/v7e-m/nofp\libnosys.a(_exit.o)

.debug_line     0x00000000     0x7b36
 .debug_line    0x00000000       0x76 c:/progra~2/armgnu~1/1213fb~1.2mp/bin/../lib/gcc/arm-none-eabi/12.2.0/thumb/v7e-m/nofp/crt0.o
 .debug_line    0x00000076      0x38e CMakeFiles/TEST1.dir/main.cpp.obj
 .debug_line    0x00000404      0x29e CMakeFiles/TEST1.dir/C_/Users/benji/LabBoard_BNJ/Applications/lib/spi.c.obj
 .debug_line    0x000006a2      0x5fe CMakeFiles/TEST1.dir/C_/Users/benji/LabBoard_BNJ/Applications/lib/tft/tft.cpp.obj
 .debug_line    0x00000ca0      0x7ee CMakeFiles/TEST1.dir/C_/Users/benji/LabBoard_BNJ/Applications/lib/tft/arduinoCore/Print.cpp.obj
 .debug_line    0x0000148e     0x2044 CMakeFiles/TEST1.dir/C_/Users/benji/LabBoard_BNJ/Applications/lib/tft/Adafruit-GFX-Library/Adafruit_GFX.cpp.obj
 .debug_line    0x000034d2      0x80f CMakeFiles/TEST1.dir/C_/Users/benji/LabBoard_BNJ/Applications/lib/tft/Adafruit-GFX-Library/Adafruit_SPITFT.cpp.obj
 .debug_line    0x00003ce1      0x5c1 CMakeFiles/TEST1.dir/C_/Users/benji/LabBoard_BNJ/Applications/lib/tft/Adafruit-ST7735-Library/Adafruit_ST7735.cpp.obj
 .debug_line    0x000042a2      0x5bc CMakeFiles/TEST1.dir/C_/Users/benji/LabBoard_BNJ/Applications/lib/tft/Adafruit-ST7735-Library/Adafruit_ST77xx.cpp.obj
 .debug_line    0x0000485e      0x1d6 CMakeFiles/TEST1.dir/C_/Users/benji/LabBoard_BNJ/Applications/sys/startup_ARMCM4.c.obj
 .debug_line    0x00004a34      0x1c8 CMakeFiles/TEST1.dir/C_/Users/benji/LabBoard_BNJ/Applications/sys/startup_clock.c.obj
 .debug_line    0x00004bfc     0x1228 c:/progra~2/armgnu~1/1213fb~1.2mp/bin/../lib/gcc/arm-none-eabi/12.2.0/thumb/v7e-m/nofp\libgcc.a(unwind-arm.o)
 .debug_line    0x00005e24       0x97 c:/progra~2/armgnu~1/1213fb~1.2mp/bin/../lib/gcc/arm-none-eabi/12.2.0/thumb/v7e-m/nofp\libgcc.a(libunwind.o)
 .debug_line    0x00005ebb      0x5b5 c:/progra~2/armgnu~1/1213fb~1.2mp/bin/../lib/gcc/arm-none-eabi/12.2.0/thumb/v7e-m/nofp\libgcc.a(pr-support.o)
 .debug_line    0x00006470      0x1a6 c:/progra~2/armgnu~1/1213fb~1.2mp/bin/../lib/gcc/arm-none-eabi/12.2.0/thumb/v7e-m/nofp\libc.a(libc_a-exit.o)
 .debug_line    0x00006616      0x6d1 c:/progra~2/armgnu~1/1213fb~1.2mp/bin/../lib/gcc/arm-none-eabi/12.2.0/thumb/v7e-m/nofp\libc.a(libc_a-findfp.o)
 .debug_line    0x00006ce7      0x245 c:/progra~2/armgnu~1/1213fb~1.2mp/bin/../lib/gcc/arm-none-eabi/12.2.0/thumb/v7e-m/nofp\libc.a(libc_a-memset.o)
 .debug_line    0x00006f2c      0x196 c:/progra~2/armgnu~1/1213fb~1.2mp/bin/../lib/gcc/arm-none-eabi/12.2.0/thumb/v7e-m/nofp\libc.a(libc_a-init.o)
 .debug_line    0x000070c2      0x1ad c:/progra~2/armgnu~1/1213fb~1.2mp/bin/../lib/gcc/arm-none-eabi/12.2.0/thumb/v7e-m/nofp\libc.a(libc_a-lock.o)
 .debug_line    0x0000726f       0xb9 c:/progra~2/armgnu~1/1213fb~1.2mp/bin/../lib/gcc/arm-none-eabi/12.2.0/thumb/v7e-m/nofp\libc.a(libc_a-memcpy.o)
 .debug_line    0x00007328       0x86 c:/progra~2/armgnu~1/1213fb~1.2mp/bin/../lib/gcc/arm-none-eabi/12.2.0/thumb/v7e-m/nofp\libc.a(libc_a-strlen.o)
 .debug_line    0x000073ae      0x2ca c:/progra~2/armgnu~1/1213fb~1.2mp/bin/../lib/gcc/arm-none-eabi/12.2.0/thumb/v7e-m/nofp\libc.a(libc_a-__call_atexit.o)
 .debug_line    0x00007678      0x114 c:/progra~2/armgnu~1/1213fb~1.2mp/bin/../lib/gcc/arm-none-eabi/12.2.0/thumb/v7e-m/nofp\libc.a(libc_a-atexit.o)
 .debug_line    0x0000778c      0x146 c:/progra~2/armgnu~1/1213fb~1.2mp/bin/../lib/gcc/arm-none-eabi/12.2.0/thumb/v7e-m/nofp\libc.a(libc_a-fini.o)
 .debug_line    0x000078d2      0x1c6 c:/progra~2/armgnu~1/1213fb~1.2mp/bin/../lib/gcc/arm-none-eabi/12.2.0/thumb/v7e-m/nofp\libc.a(libc_a-__atexit.o)
 .debug_line    0x00007a98       0x9e c:/progra~2/armgnu~1/1213fb~1.2mp/bin/../lib/gcc/arm-none-eabi/12.2.0/thumb/v7e-m/nofp\libnosys.a(_exit.o)

.debug_line_str
                0x00000000      0x2c9
 .debug_line_str
                0x00000000       0xf0 c:/progra~2/armgnu~1/1213fb~1.2mp/bin/../lib/gcc/arm-none-eabi/12.2.0/thumb/v7e-m/nofp/crt0.o
 .debug_line_str
                0x000000f0       0xda c:/progra~2/armgnu~1/1213fb~1.2mp/bin/../lib/gcc/arm-none-eabi/12.2.0/thumb/v7e-m/nofp\libgcc.a(libunwind.o)
 .debug_line_str
                0x000001ca       0xf0 c:/progra~2/armgnu~1/1213fb~1.2mp/bin/../lib/gcc/arm-none-eabi/12.2.0/thumb/v7e-m/nofp\libc.a(libc_a-memcpy.o)
 .debug_line_str
                0x000002ba        0xf c:/progra~2/armgnu~1/1213fb~1.2mp/bin/../lib/gcc/arm-none-eabi/12.2.0/thumb/v7e-m/nofp\libc.a(libc_a-strlen.o)
                                 0xef (size before relaxing)

.debug_info     0x00000000    0x10828
 .debug_info    0x00000000       0x24 c:/progra~2/armgnu~1/1213fb~1.2mp/bin/../lib/gcc/arm-none-eabi/12.2.0/thumb/v7e-m/nofp/crt0.o
 .debug_info    0x00000024      0x8dc CMakeFiles/TEST1.dir/main.cpp.obj
 .debug_info    0x00000900      0x332 CMakeFiles/TEST1.dir/C_/Users/benji/LabBoard_BNJ/Applications/lib/spi.c.obj
 .debug_info    0x00000c32     0x10e9 CMakeFiles/TEST1.dir/C_/Users/benji/LabBoard_BNJ/Applications/lib/tft/tft.cpp.obj
 .debug_info    0x00001d1b     0x29a6 CMakeFiles/TEST1.dir/C_/Users/benji/LabBoard_BNJ/Applications/lib/tft/arduinoCore/Print.cpp.obj
 .debug_info    0x000046c1     0x3f1e CMakeFiles/TEST1.dir/C_/Users/benji/LabBoard_BNJ/Applications/lib/tft/Adafruit-GFX-Library/Adafruit_GFX.cpp.obj
 .debug_info    0x000085df     0x169d CMakeFiles/TEST1.dir/C_/Users/benji/LabBoard_BNJ/Applications/lib/tft/Adafruit-GFX-Library/Adafruit_SPITFT.cpp.obj
 .debug_info    0x00009c7c      0xf67 CMakeFiles/TEST1.dir/C_/Users/benji/LabBoard_BNJ/Applications/lib/tft/Adafruit-ST7735-Library/Adafruit_ST7735.cpp.obj
 .debug_info    0x0000abe3     0x1095 CMakeFiles/TEST1.dir/C_/Users/benji/LabBoard_BNJ/Applications/lib/tft/Adafruit-ST7735-Library/Adafruit_ST77xx.cpp.obj
 .debug_info    0x0000bc78      0x1be CMakeFiles/TEST1.dir/C_/Users/benji/LabBoard_BNJ/Applications/sys/startup_ARMCM4.c.obj
 .debug_info    0x0000be36      0x1c8 CMakeFiles/TEST1.dir/C_/Users/benji/LabBoard_BNJ/Applications/sys/startup_clock.c.obj
 .debug_info    0x0000bffe     0x1ee3 c:/progra~2/armgnu~1/1213fb~1.2mp/bin/../lib/gcc/arm-none-eabi/12.2.0/thumb/v7e-m/nofp\libgcc.a(unwind-arm.o)
 .debug_info    0x0000dee1       0x9e c:/progra~2/armgnu~1/1213fb~1.2mp/bin/../lib/gcc/arm-none-eabi/12.2.0/thumb/v7e-m/nofp\libgcc.a(libunwind.o)
 .debug_info    0x0000df7f      0xaa7 c:/progra~2/armgnu~1/1213fb~1.2mp/bin/../lib/gcc/arm-none-eabi/12.2.0/thumb/v7e-m/nofp\libgcc.a(pr-support.o)
 .debug_info    0x0000ea26      0x10a c:/progra~2/armgnu~1/1213fb~1.2mp/bin/../lib/gcc/arm-none-eabi/12.2.0/thumb/v7e-m/nofp\libc.a(libc_a-exit.o)
 .debug_info    0x0000eb30     0x109f c:/progra~2/armgnu~1/1213fb~1.2mp/bin/../lib/gcc/arm-none-eabi/12.2.0/thumb/v7e-m/nofp\libc.a(libc_a-findfp.o)
 .debug_info    0x0000fbcf      0x135 c:/progra~2/armgnu~1/1213fb~1.2mp/bin/../lib/gcc/arm-none-eabi/12.2.0/thumb/v7e-m/nofp\libc.a(libc_a-memset.o)
 .debug_info    0x0000fd04      0x10b c:/progra~2/armgnu~1/1213fb~1.2mp/bin/../lib/gcc/arm-none-eabi/12.2.0/thumb/v7e-m/nofp\libc.a(libc_a-init.o)
 .debug_info    0x0000fe0f      0x20a c:/progra~2/armgnu~1/1213fb~1.2mp/bin/../lib/gcc/arm-none-eabi/12.2.0/thumb/v7e-m/nofp\libc.a(libc_a-lock.o)
 .debug_info    0x00010019       0x31 c:/progra~2/armgnu~1/1213fb~1.2mp/bin/../lib/gcc/arm-none-eabi/12.2.0/thumb/v7e-m/nofp\libc.a(libc_a-memcpy.o)
 .debug_info    0x0001004a       0x31 c:/progra~2/armgnu~1/1213fb~1.2mp/bin/../lib/gcc/arm-none-eabi/12.2.0/thumb/v7e-m/nofp\libc.a(libc_a-strlen.o)
 .debug_info    0x0001007b      0x2dd c:/progra~2/armgnu~1/1213fb~1.2mp/bin/../lib/gcc/arm-none-eabi/12.2.0/thumb/v7e-m/nofp\libc.a(libc_a-__call_atexit.o)
 .debug_info    0x00010358      0x118 c:/progra~2/armgnu~1/1213fb~1.2mp/bin/../lib/gcc/arm-none-eabi/12.2.0/thumb/v7e-m/nofp\libc.a(libc_a-atexit.o)
 .debug_info    0x00010470       0xf7 c:/progra~2/armgnu~1/1213fb~1.2mp/bin/../lib/gcc/arm-none-eabi/12.2.0/thumb/v7e-m/nofp\libc.a(libc_a-fini.o)
 .debug_info    0x00010567      0x25f c:/progra~2/armgnu~1/1213fb~1.2mp/bin/../lib/gcc/arm-none-eabi/12.2.0/thumb/v7e-m/nofp\libc.a(libc_a-__atexit.o)
 .debug_info    0x000107c6       0x62 c:/progra~2/armgnu~1/1213fb~1.2mp/bin/../lib/gcc/arm-none-eabi/12.2.0/thumb/v7e-m/nofp\libnosys.a(_exit.o)

.debug_abbrev   0x00000000     0x324c