Archive member included to satisfy reference by file (symbol)

c:/progra~2/armgnu~1/1213fb~1.2mp/bin/../lib/gcc/arm-none-eabi/12.2.0/thumb/v7e-m/nofp\libgcc.a(_arm_muldf3.o)
                              CMakeFiles/test_MCP23008.dir/C_/Users/benji/LabBoard_BNJ/Applications/lib/tft/arduinoCore/Print.cpp.obj (__aeabi_dmul)
c:/progra~2/armgnu~1/1213fb~1.2mp/bin/../lib/gcc/arm-none-eabi/12.2.0/thumb/v7e-m/nofp\libgcc.a(_arm_addsubdf3.o)
                              CMakeFiles/test_MCP23008.dir/C_/Users/benji/LabBoard_BNJ/Applications/lib/tft/arduinoCore/Print.cpp.obj (__aeabi_dsub)
c:/progra~2/armgnu~1/1213fb~1.2mp/bin/../lib/gcc/arm-none-eabi/12.2.0/thumb/v7e-m/nofp\libgcc.a(_arm_muldivdf3.o)
                              CMakeFiles/test_MCP23008.dir/C_/Users/benji/LabBoard_BNJ/Applications/lib/tft/arduinoCore/Print.cpp.obj (__aeabi_ddiv)
c:/progra~2/armgnu~1/1213fb~1.2mp/bin/../lib/gcc/arm-none-eabi/12.2.0/thumb/v7e-m/nofp\libgcc.a(_arm_cmpdf2.o)
                              CMakeFiles/test_MCP23008.dir/C_/Users/benji/LabBoard_BNJ/Applications/lib/tft/arduinoCore/Print.cpp.obj (__aeabi_dcmplt)
c:/progra~2/armgnu~1/1213fb~1.2mp/bin/../lib/gcc/arm-none-eabi/12.2.0/thumb/v7e-m/nofp\libgcc.a(_arm_unorddf2.o)
                              CMakeFiles/test_MCP23008.dir/C_/Users/benji/LabBoard_BNJ/Applications/lib/tft/arduinoCore/Print.cpp.obj (__aeabi_dcmpun)
c:/progra~2/armgnu~1/1213fb~1.2mp/bin/../lib/gcc/arm-none-eabi/12.2.0/thumb/v7e-m/nofp\libgcc.a(_arm_fixdfsi.o)
                              CMakeFiles/test_MCP23008.dir/C_/Users/benji/LabBoard_BNJ/Applications/lib/tft/arduinoCore/Print.cpp.obj (__aeabi_d2iz)
c:/progra~2/armgnu~1/1213fb~1.2mp/bin/../lib/gcc/arm-none-eabi/12.2.0/thumb/v7e-m/nofp\libgcc.a(_arm_fixunsdfsi.o)
                              CMakeFiles/test_MCP23008.dir/C_/Users/benji/LabBoard_BNJ/Applications/lib/tft/arduinoCore/Print.cpp.obj (__aeabi_d2uiz)
c:/progra~2/armgnu~1/1213fb~1.2mp/bin/../lib/gcc/arm-none-eabi/12.2.0/thumb/v7e-m/nofp\libgcc.a(_arm_addsubsf3.o)
                              CMakeFiles/test_MCP23008.dir/main.cpp.obj (__aeabi_i2f)
c:/progra~2/armgnu~1/1213fb~1.2mp/bin/../lib/gcc/arm-none-eabi/12.2.0/thumb/v7e-m/nofp\libgcc.a(_arm_muldivsf3.o)
                              CMakeFiles/test_MCP23008.dir/main.cpp.obj (__aeabi_fdiv)
c:/progra~2/armgnu~1/1213fb~1.2mp/bin/../lib/gcc/arm-none-eabi/12.2.0/thumb/v7e-m/nofp\libgcc.a(_aeabi_uldivmod.o)
                              CMakeFiles/test_MCP23008.dir/C_/Users/benji/LabBoard_BNJ/Applications/lib/tft/arduinoCore/Print.cpp.obj (__aeabi_uldivmod)
c:/progra~2/armgnu~1/1213fb~1.2mp/bin/../lib/gcc/arm-none-eabi/12.2.0/thumb/v7e-m/nofp\libgcc.a(_udivmoddi4.o)
                              c:/progra~2/armgnu~1/1213fb~1.2mp/bin/../lib/gcc/arm-none-eabi/12.2.0/thumb/v7e-m/nofp\libgcc.a(_aeabi_uldivmod.o) (__udivmoddi4)
c:/progra~2/armgnu~1/1213fb~1.2mp/bin/../lib/gcc/arm-none-eabi/12.2.0/thumb/v7e-m/nofp\libgcc.a(unwind-arm.o)
                              CMakeFiles/test_MCP23008.dir/main.cpp.obj (__aeabi_unwind_cpp_pr0)
c:/progra~2/armgnu~1/1213fb~1.2mp/bin/../lib/gcc/arm-none-eabi/12.2.0/thumb/v7e-m/nofp\libgcc.a(libunwind.o)
                              c:/progra~2/armgnu~1/1213fb~1.2mp/bin/../lib/gcc/arm-none-eabi/12.2.0/thumb/v7e-m/nofp\libgcc.a(unwind-arm.o) (restore_core_regs)
c:/progra~2/armgnu~1/1213fb~1.2mp/bin/../lib/gcc/arm-none-eabi/12.2.0/thumb/v7e-m/nofp\libgcc.a(pr-support.o)
                              c:/progra~2/armgnu~1/1213fb~1.2mp/bin/../lib/gcc/arm-none-eabi/12.2.0/thumb/v7e-m/nofp\libgcc.a(unwind-arm.o) (__gnu_unwind_execute)
c:/progra~2/armgnu~1/1213fb~1.2mp/bin/../lib/gcc/arm-none-eabi/12.2.0/thumb/v7e-m/nofp\libgcc.a(_dvmd_tls.o)
                              c:/progra~2/armgnu~1/1213fb~1.2mp/bin/../lib/gcc/arm-none-eabi/12.2.0/thumb/v7e-m/nofp\libgcc.a(_aeabi_uldivmod.o) (__aeabi_ldiv0)
c:/progra~2/armgnu~1/1213fb~1.2mp/bin/../lib/gcc/arm-none-eabi/12.2.0/thumb/v7e-m/nofp\libc.a(libc_a-abort.o)
                              c:/progra~2/armgnu~1/1213fb~1.2mp/bin/../lib/gcc/arm-none-eabi/12.2.0/thumb/v7e-m/nofp\libgcc.a(pr-support.o) (abort)
c:/progra~2/armgnu~1/1213fb~1.2mp/bin/../lib/gcc/arm-none-eabi/12.2.0/thumb/v7e-m/nofp\libc.a(libc_a-exit.o)
                              c:/progra~2/armgnu~1/1213fb~1.2mp/bin/../lib/gcc/arm-none-eabi/12.2.0/thumb/v7e-m/nofp/crt0.o (exit)
c:/progra~2/armgnu~1/1213fb~1.2mp/bin/../lib/gcc/arm-none-eabi/12.2.0/thumb/v7e-m/nofp\libc.a(libc_a-malloc.o)
                              CMakeFiles/test_MCP23008.dir/C_/Users/benji/LabBoard_BNJ/Applications/lib/tft/Adafruit-GFX-Library/Adafruit_GFX.cpp.obj (malloc)
c:/progra~2/armgnu~1/1213fb~1.2mp/bin/../lib/gcc/arm-none-eabi/12.2.0/thumb/v7e-m/nofp\libc.a(libc_a-mallocr.o)
                              c:/progra~2/armgnu~1/1213fb~1.2mp/bin/../lib/gcc/arm-none-eabi/12.2.0/thumb/v7e-m/nofp\libc.a(libc_a-malloc.o) (_malloc_r)
[...]
Memory Configuration

Name             Origin             Length             Attributes
FLASH            0x08000000         0x00010000         xr
RAM              0x20000000         0x00003000         xrw
*default*        0x00000000         0xffffffff

Linker script and memory map

LOAD c:/progra~2/armgnu~1/1213fb~1.2mp/bin/../lib/gcc/arm-none-eabi/12.2.0/thumb/v7e-m/nofp/crti.o
LOAD c:/progra~2/armgnu~1/1213fb~1.2mp/bin/../lib/gcc/arm-none-eabi/12.2.0/thumb/v7e-m/nofp/crtbegin.o
LOAD c:/progra~2/armgnu~1/1213fb~1.2mp/bin/../lib/gcc/arm-none-eabi/12.2.0/thumb/v7e-m/nofp/crt0.o
LOAD CMakeFiles/test_MCP23008.dir/main.cpp.obj
LOAD CMakeFiles/test_MCP23008.dir/i2c.c.obj
LOAD CMakeFiles/test_MCP23008.dir/C_/Users/benji/LabBoard_BNJ/Applications/lib/adc.c.obj
LOAD CMakeFiles/test_MCP23008.dir/C_/Users/benji/LabBoard_BNJ/Applications/lib/pinAccess.c.obj
LOAD CMakeFiles/test_MCP23008.dir/C_/Users/benji/LabBoard_BNJ/Applications/lib/spi.c.obj
LOAD CMakeFiles/test_MCP23008.dir/C_/Users/benji/LabBoard_BNJ/Applications/lib/exti.c.obj
LOAD CMakeFiles/test_MCP23008.dir/C_/Users/benji/LabBoard_BNJ/Applications/lib/tft/tft.cpp.obj
LOAD CMakeFiles/test_MCP23008.dir/C_/Users/benji/LabBoard_BNJ/Applications/lib/tft/arduinoCore/Print.cpp.obj
LOAD CMakeFiles/test_MCP23008.dir/C_/Users/benji/LabBoard_BNJ/Applications/lib/tft/Adafruit-GFX-Library/Adafruit_GFX.cpp.obj
LOAD CMakeFiles/test_MCP23008.dir/C_/Users/benji/LabBoard_BNJ/Applications/lib/tft/Adafruit-GFX-Library/Adafruit_SPITFT.cpp.obj
LOAD CMakeFiles/test_MCP23008.dir/C_/Users/benji/LabBoard_BNJ/Applications/lib/tft/Adafruit-ST7735-Library/Adafruit_ST7735.cpp.obj
LOAD CMakeFiles/test_MCP23008.dir/C_/Users/benji/LabBoard_BNJ/Applications/lib/tft/Adafruit-ST7735-Library/Adafruit_ST77xx.cpp.obj
LOAD CMakeFiles/test_MCP23008.dir/C_/Users/benji/LabBoard_BNJ/Applications/sys/startup_ARMCM4.c.obj
LOAD CMakeFiles/test_MCP23008.dir/C_/Users/benji/LabBoard_BNJ/Applications/sys/startup_clock.c.obj
START GROUP
END GROUP
LOAD c:/progra~2/armgnu~1/1213fb~1.2mp/bin/../lib/gcc/arm-none-eabi/12.2.0/thumb/v7e-m/nofp\libstdc++_nano.a
LOAD c:/progra~2/armgnu~1/1213fb~1.2mp/bin/../lib/gcc/arm-none-eabi/12.2.0/thumb/v7e-m/nofp\libm.a
LOAD c:/progra~2/armgnu~1/1213fb~1.2mp/bin/../lib/gcc/arm-none-eabi/12.2.0/thumb/v7e-m/nofp\libstdc++.a
LOAD c:/progra~2/armgnu~1/1213fb~1.2mp/bin/../lib/gcc/arm-none-eabi/12.2.0/thumb/v7e-m/nofp\libm.a
START GROUP
LOAD c:/progra~2/armgnu~1/1213fb~1.2mp/bin/../lib/gcc/arm-none-eabi/12.2.0/thumb/v7e-m/nofp\libgcc.a
LOAD c:/progra~2/armgnu~1/1213fb~1.2mp/bin/../lib/gcc/arm-none-eabi/12.2.0/thumb/v7e-m/nofp\libc.a
END GROUP
LOAD c:/progra~2/armgnu~1/1213fb~1.2mp/bin/../lib/gcc/arm-none-eabi/12.2.0/thumb/v7e-m/nofp/crtend.o
LOAD c:/progra~2/armgnu~1/1213fb~1.2mp/bin/../lib/gcc/arm-none-eabi/12.2.0/thumb/v7e-m/nofp/crtn.o
START GROUP
LOAD c:/progra~2/armgnu~1/1213fb~1.2mp/bin/../lib/gcc/arm-none-eabi/12.2.0/thumb/v7e-m/nofp\libgcc.a
LOAD c:/progra~2/armgnu~1/1213fb~1.2mp/bin/../lib/gcc/arm-none-eabi/12.2.0/thumb/v7e-m/nofp\libc.a
LOAD c:/progra~2/armgnu~1/1213fb~1.2mp/bin/../lib/gcc/arm-none-eabi/12.2.0/thumb/v7e-m/nofp\libm.a
LOAD c:/progra~2/armgnu~1/1213fb~1.2mp/bin/../lib/gcc/arm-none-eabi/12.2.0/thumb/v7e-m/nofp\libnosys.a
END GROUP

.text           0x08000000     0x4df4
 *(.vectors)
 .vectors       0x08000000      0x3c0 CMakeFiles/test_MCP23008.dir/C_/Users/benji/LabBoard_BNJ/Applications/sys/startup_ARMCM4.c.obj
                0x08000000                __Vectors
                0x080003c0                        __Vectors_End = .
                0x080003c0                        __Vectors_Size = (__Vectors_End - __Vectors)
                0x20000200                        __end__ = .
 *(.text*)
 .text.deregister_tm_clones
                0x080003c0       0x1c c:/progra~2/armgnu~1/1213fb~1.2mp/bin/../lib/gcc/arm-none-eabi/12.2.0/thumb/v7e-m/nofp/crtbegin.o
 .text.register_tm_clones
                0x080003dc       0x24 c:/progra~2/armgnu~1/1213fb~1.2mp/bin/../lib/gcc/arm-none-eabi/12.2.0/thumb/v7e-m/nofp/crtbegin.o
 .text.__do_global_dtors_aux
                0x08000400       0x28 c:/progra~2/armgnu~1/1213fb~1.2mp/bin/../lib/gcc/arm-none-eabi/12.2.0/thumb/v7e-m/nofp/crtbegin.o
 .text.frame_dummy
                0x08000428       0x24 c:/progra~2/armgnu~1/1213fb~1.2mp/bin/../lib/gcc/arm-none-eabi/12.2.0/thumb/v7e-m/nofp/crtbegin.o
 .text          0x0800044c       0x7c c:/progra~2/armgnu~1/1213fb~1.2mp/bin/../lib/gcc/arm-none-eabi/12.2.0/thumb/v7e-m/nofp/crt0.o
                0x0800044c                _stack_init
                0x08000454                _start
                0x08000454                _mainCRTStartup
 .text._Z5setupv
                0x080004c8       0x18 CMakeFiles/test_MCP23008.dir/main.cpp.obj
                0x080004c8                setup()
 .text.main     0x080004e0       0x7c CMakeFiles/test_MCP23008.dir/main.cpp.obj
                0x080004e0                main
 .text.NVIC_EnableIRQ
                0x0800055c       0x30 CMakeFiles/test_MCP23008.dir/i2c.c.obj
 .text.setupI2C
                0x0800058c       0xe8 CMakeFiles/test_MCP23008.dir/i2c.c.obj
                0x0800058c                setupI2C
 .text.startI2C
                0x08000674       0xa0 CMakeFiles/test_MCP23008.dir/i2c.c.obj
                0x08000674                startI2C
 .text.writeI2C
                0x08000714       0x58 CMakeFiles/test_MCP23008.dir/i2c.c.obj
                0x08000714                writeI2C
 .text.setupSPI
                0x0800076c       0xb4 CMakeFiles/test_MCP23008.dir/C_/Users/benji/LabBoard_BNJ/Applications/lib/spi.c.obj
                0x0800076c                setupSPI
 .text.transfer8
                0x08000820       0x60 CMakeFiles/test_MCP23008.dir/C_/Users/benji/LabBoard_BNJ/Applications/lib/spi.c.obj
                0x08000820                transfer8
 .text._ZN15Adafruit_ST7735C2Ev
                0x08000880       0x24 CMakeFiles/test_MCP23008.dir/C_/Users/benji/LabBoard_BNJ/Applications/lib/tft/tft.cpp.obj
                0x08000880                Adafruit_ST7735::Adafruit_ST7735()
                0x08000880                Adafruit_ST7735::Adafruit_ST7735()
 .text._ZN3tftC2Ev
                0x080008a4       0x24 CMakeFiles/test_MCP23008.dir/C_/Users/benji/LabBoard_BNJ/Applications/lib/tft/tft.cpp.obj
                0x080008a4                tft::tft()
                0x080008a4                tft::tft()
 .text._ZN3tft5eraseEv
                0x080008c8       0x2c CMakeFiles/test_MCP23008.dir/C_/Users/benji/LabBoard_BNJ/Applications/lib/tft/tft.cpp.obj
                0x080008c8                tft::erase()
 .text._ZN3tft5setupEv
                0x080008f4       0x3c CMakeFiles/test_MCP23008.dir/C_/Users/benji/LabBoard_BNJ/Applications/lib/tft/tft.cpp.obj
                0x080008f4                tft::setup()
 .text._ZN3tft13setTextCursorEjj
                0x08000930       0x60 CMakeFiles/test_MCP23008.dir/C_/Users/benji/LabBoard_BNJ/Applications/lib/tft/tft.cpp.obj
                0x08000930                tft::setTextCursor(unsigned int, unsigned int)
 .text._ZN3tft12getTextWidthEv
                0x08000990       0x30 CMakeFiles/test_MCP23008.dir/C_/Users/benji/LabBoard_BNJ/Applications/lib/tft/tft.cpp.obj
                0x08000990                tft::getTextWidth()
 .text._ZN3tft13getTextHeightEv
                0x080009c0       0x30 CMakeFiles/test_MCP23008.dir/C_/Users/benji/LabBoard_BNJ/Applications/lib/tft/tft.cpp.obj
                0x080009c0                tft::getTextHeight()
 .text._Z41__static_initialization_and_destruction_0ii
                0x080009f0       0x2c CMakeFiles/test_MCP23008.dir/C_/Users/benji/LabBoard_BNJ/Applications/lib/tft/tft.cpp.obj
 .text._GLOBAL__sub_I__ZN3tft5eraseEv
                0x08000a1c       0x10 CMakeFiles/test_MCP23008.dir/C_/Users/benji/LabBoard_BNJ/Applications/lib/tft/tft.cpp.obj
 .text._ZN5Print5writeEPKc
                0x08000a2c       0x38 CMakeFiles/test_MCP23008.dir/C_/Users/benji/LabBoard_BNJ/Applications/lib/tft/arduinoCore/Print.cpp.obj
                0x08000a2c                Print::write(char const*)
 .text._ZN5Print5writeEPKhj
                0x08000a64       0x5e CMakeFiles/test_MCP23008.dir/C_/Users/benji/LabBoard_BNJ/Applications/lib/tft/arduinoCore/Print.cpp.obj
                0x08000a64                Print::write(unsigned char const*, unsigned int)
 .text._ZN5Print5printEPKc
                0x08000ac2       0x1c CMakeFiles/test_MCP23008.dir/C_/Users/benji/LabBoard_BNJ/Applications/lib/tft/arduinoCore/Print.cpp.obj
                0x08000ac2                Print::print(char const*)
 *fill*         0x08000ade        0x2 
 .text._ZN5PrintC2Ev
                0x08000ae0       0x24 CMakeFiles/test_MCP23008.dir/C_/Users/benji/LabBoard_BNJ/Applications/lib/tft/Adafruit-GFX-Library/Adafruit_GFX.cpp.obj
                0x08000ae0                Print::Print()
                0x08000ae0                Print::Print()
 .text._ZN12Adafruit_GFXC2Ess
                0x08000b04       0x8c CMakeFiles/test_MCP23008.dir/C_/Users/benji/LabBoard_BNJ/Applications/lib/tft/Adafruit-GFX-Library/Adafruit_GFX.cpp.obj
                0x08000b04                Adafruit_GFX::Adafruit_GFX(short, short)
                0x08000b04                Adafruit_GFX::Adafruit_GFX(short, short)
 .text._ZN12Adafruit_GFX9writeLineEsssst
                0x08000b90      0x14c CMakeFiles/test_MCP23008.dir/C_/Users/benji/LabBoard_BNJ/Applications/lib/tft/Adafruit-GFX-Library/Adafruit_GFX.cpp.obj
                0x08000b90                Adafruit_GFX::writeLine(short, short, short, short, unsigned short)
 .text._ZN12Adafruit_GFX10startWriteEv
                0x08000cdc       0x12 CMakeFiles/test_MCP23008.dir/C_/Users/benji/LabBoard_BNJ/Applications/lib/tft/Adafruit-GFX-Library/Adafruit_GFX.cpp.obj
                0x08000cdc                Adafruit_GFX::startWrite()
 .text._ZN12Adafruit_GFX10writePixelEsst
                0x08000cee       0x38 CMakeFiles/test_MCP23008.dir/C_/Users/benji/LabBoard_BNJ/Applications/lib/tft/Adafruit-GFX-Library/Adafruit_GFX.cpp.obj
                0x08000cee                Adafruit_GFX::writePixel(short, short, unsigned short)
 .text._ZN12Adafruit_GFX14writeFastVLineEssst
                0x08000d26       0x40 CMakeFiles/test_MCP23008.dir/C_/Users/benji/LabBoard_BNJ/Applications/lib/tft/Adafruit-GFX-Library/Adafruit_GFX.cpp.obj
                0x08000d26                Adafruit_GFX::writeFastVLine(short, short, short, unsigned short)
 .text._ZN12Adafruit_GFX14writeFastHLineEssst
                0x08000d66       0x40 CMakeFiles/test_MCP23008.dir/C_/Users/benji/LabBoard_BNJ/Applications/lib/tft/Adafruit-GFX-Library/Adafruit_GFX.cpp.obj
                0x08000d66                Adafruit_GFX::writeFastHLine(short, short, short, unsigned short)
 .text._ZN12Adafruit_GFX13writeFillRectEsssst
                0x08000da6       0x46 CMakeFiles/test_MCP23008.dir/C_/Users/benji/LabBoard_BNJ/Applications/lib/tft/Adafruit-GFX-Library/Adafruit_GFX.cpp.obj
                0x08000da6                Adafruit_GFX::writeFillRect(short, short, short, short, unsigned short)
 .text._ZN12Adafruit_GFX8endWriteEv
                0x08000dec       0x12 CMakeFiles/test_MCP23008.dir/C_/Users/benji/LabBoard_BNJ/Applications/lib/tft/Adafruit-GFX-Library/Adafruit_GFX.cpp.obj
                0x08000dec                Adafruit_GFX::endWrite()
 .text._ZN12Adafruit_GFX13drawFastVLineEssst
                0x08000dfe       0x6a CMakeFiles/test_MCP23008.dir/C_/Users/benji/LabBoard_BNJ/Applications/lib/tft/Adafruit-GFX-Library/Adafruit_GFX.cpp.obj
                0x08000dfe                Adafruit_GFX::drawFastVLine(short, short, short, unsigned short)
 .text._ZN12Adafruit_GFX13drawFastHLineEssst
                0x08000e68       0x68 CMakeFiles/test_MCP23008.dir/C_/Users/benji/LabBoard_BNJ/Applications/lib/tft/Adafruit-GFX-Library/Adafruit_GFX.cpp.obj
                0x08000e68                Adafruit_GFX::drawFastHLine(short, short, short, unsigned short)
 .text._ZN12Adafruit_GFX8fillRectEsssst
                0x08000ed0       0x7c CMakeFiles/test_MCP23008.dir/C_/Users/benji/LabBoard_BNJ/Applications/lib/tft/Adafruit-GFX-Library/Adafruit_GFX.cpp.obj
                0x08000ed0                Adafruit_GFX::fillRect(short, short, short, short, unsigned short)
 .text._ZN12Adafruit_GFX10fillScreenEt
                0x08000f4c       0x38 CMakeFiles/test_MCP23008.dir/C_/Users/benji/LabBoard_BNJ/Applications/lib/tft/Adafruit-GFX-Library/Adafruit_GFX.cpp.obj
                0x08000f4c                Adafruit_GFX::fillScreen(unsigned short)
 .text._ZN12Adafruit_GFX8drawLineEsssst
                0x08000f84       0xfa CMakeFiles/test_MCP23008.dir/C_/Users/benji/LabBoard_BNJ/Applications/lib/tft/Adafruit-GFX-Library/Adafruit_GFX.cpp.obj
                0x08000f84                Adafruit_GFX::drawLine(short, short, short, short, unsigned short)
 .text._ZN12Adafruit_GFX8drawRectEsssst
                0x0800107e       0xc6 CMakeFiles/test_MCP23008.dir/C_/Users/benji/LabBoard_BNJ/Applications/lib/tft/Adafruit-GFX-Library/Adafruit_GFX.cpp.obj
                0x0800107e                Adafruit_GFX::drawRect(short, short, short, short, unsigned short)
 .text._ZN12Adafruit_GFX8drawCharEsshtth
                0x08001144      0x478 CMakeFiles/test_MCP23008.dir/C_/Users/benji/LabBoard_BNJ/Applications/lib/tft/Adafruit-GFX-Library/Adafruit_GFX.cpp.obj
                0x08001144                Adafruit_GFX::drawChar(short, short, unsigned char, unsigned short, unsigned short, unsigned char)
 .text._ZN12Adafruit_GFX5writeEh
                0x080015bc      0x226 CMakeFiles/test_MCP23008.dir/C_/Users/benji/LabBoard_BNJ/Applications/lib/tft/Adafruit-GFX-Library/Adafruit_GFX.cpp.obj
                0x080015bc                Adafruit_GFX::write(unsigned char)
 .text._ZN12Adafruit_GFX9setCursorEss
                0x080017e2       0x26 CMakeFiles/test_MCP23008.dir/C_/Users/benji/LabBoard_BNJ/Applications/lib/tft/Adafruit-GFX-Library/Adafruit_GFX.cpp.obj
                0x080017e2                Adafruit_GFX::setCursor(short, short)
 .text._ZN12Adafruit_GFX12setTextColorEt
                0x08001808       0x24 CMakeFiles/test_MCP23008.dir/C_/Users/benji/LabBoard_BNJ/Applications/lib/tft/Adafruit-GFX-Library/Adafruit_GFX.cpp.obj
                0x08001808                Adafruit_GFX::setTextColor(unsigned short)
 .text._ZN12Adafruit_GFX11setRotationEh
                0x0800182c       0x70 CMakeFiles/test_MCP23008.dir/C_/Users/benji/LabBoard_BNJ/Applications/lib/tft/Adafruit-GFX-Library/Adafruit_GFX.cpp.obj
                0x0800182c                Adafruit_GFX::setRotation(unsigned char)
 .text._ZN12Adafruit_GFX7setFontEPK7GFXfont
                0x0800189c       0x56 CMakeFiles/test_MCP23008.dir/C_/Users/benji/LabBoard_BNJ/Applications/lib/tft/Adafruit-GFX-Library/Adafruit_GFX.cpp.obj
                0x0800189c                Adafruit_GFX::setFont(GFXfont const*)
 .text._ZNK12Adafruit_GFX5widthEv
                0x080018f2       0x18 CMakeFiles/test_MCP23008.dir/C_/Users/benji/LabBoard_BNJ/Applications/lib/tft/Adafruit-GFX-Library/Adafruit_GFX.cpp.obj
                0x080018f2                Adafruit_GFX::width() const
 .text._ZNK12Adafruit_GFX6heightEv
                0x0800190a       0x18 CMakeFiles/test_MCP23008.dir/C_/Users/benji/LabBoard_BNJ/Applications/lib/tft/Adafruit-GFX-Library/Adafruit_GFX.cpp.obj
                0x0800190a                Adafruit_GFX::height() const
 .text._ZN12Adafruit_GFX13invertDisplayEb
                0x08001922       0x16 CMakeFiles/test_MCP23008.dir/C_/Users/benji/LabBoard_BNJ/Applications/lib/tft/Adafruit-GFX-Library/Adafruit_GFX.cpp.obj
                0x08001922                Adafruit_GFX::invertDisplay(bool)
 .text._ZN10GFXcanvas19drawPixelEsst
                0x08001938      0x158 CMakeFiles/test_MCP23008.dir/C_/Users/benji/LabBoard_BNJ/Applications/lib/tft/Adafruit-GFX-Library/Adafruit_GFX.cpp.obj
                0x08001938                GFXcanvas1::drawPixel(short, short, unsigned short)
 .text._ZN10GFXcanvas110fillScreenEt
                0x08001a90       0x54 CMakeFiles/test_MCP23008.dir/C_/Users/benji/LabBoard_BNJ/Applications/lib/tft/Adafruit-GFX-Library/Adafruit_GFX.cpp.obj
                0x08001a90                GFXcanvas1::fillScreen(unsigned short)
 .text._ZN10GFXcanvas89drawPixelEsst
                0x08001ae4       0xf6 CMakeFiles/test_MCP23008.dir/C_/Users/benji/LabBoard_BNJ/Applications/lib/tft/Adafruit-GFX-Library/Adafruit_GFX.cpp.obj
                0x08001ae4                GFXcanvas8::drawPixel(short, short, unsigned short)
 .text._ZN10GFXcanvas810fillScreenEt
                0x08001bda       0x3a CMakeFiles/test_MCP23008.dir/C_/Users/benji/LabBoard_BNJ/Applications/lib/tft/Adafruit-GFX-Library/Adafruit_GFX.cpp.obj
                0x08001bda                GFXcanvas8::fillScreen(unsigned short)
 .text._ZN10GFXcanvas814writeFastHLineEssst
                0x08001c14      0x13a CMakeFiles/test_MCP23008.dir/C_/Users/benji/LabBoard_BNJ/Applications/lib/tft/Adafruit-GFX-Library/Adafruit_GFX.cpp.obj
                0x08001c14                GFXcanvas8::writeFastHLine(short, short, short, unsigned short)
 .text._ZN11GFXcanvas169drawPixelEsst
                0x08001d4e       0xf6 CMakeFiles/test_MCP23008.dir/C_/Users/benji/LabBoard_BNJ/Applications/lib/tft/Adafruit-GFX-Library/Adafruit_GFX.cpp.obj
                0x08001d4e                GFXcanvas16::drawPixel(short, short, unsigned short)
 .text._ZN11GFXcanvas1610fillScreenEt
                0x08001e44       0x88 CMakeFiles/test_MCP23008.dir/C_/Users/benji/LabBoard_BNJ/Applications/lib/tft/Adafruit-GFX-Library/Adafruit_GFX.cpp.obj
                0x08001e44                GFXcanvas16::fillScreen(unsigned short)
 .text._ZN15Adafruit_SPITFT10writePixelEt
                0x08001ecc       0x2c CMakeFiles/test_MCP23008.dir/C_/Users/benji/LabBoard_BNJ/Applications/lib/tft/Adafruit-GFX-Library/Adafruit_SPITFT.cpp.obj
                0x08001ecc                Adafruit_SPITFT::writePixel(unsigned short)
 .text._ZN15Adafruit_SPITFTC2Ett
                0x08001ef8       0x50 CMakeFiles/test_MCP23008.dir/C_/Users/benji/LabBoard_BNJ/Applications/lib/tft/Adafruit-GFX-Library/Adafruit_SPITFT.cpp.obj
                0x08001ef8                Adafruit_SPITFT::Adafruit_SPITFT(unsigned short, unsigned short)
                0x08001ef8                Adafruit_SPITFT::Adafruit_SPITFT(unsigned short, unsigned short)
 .text._ZN15Adafruit_SPITFT7initSPIEm
                0x08001f48       0x30 CMakeFiles/test_MCP23008.dir/C_/Users/benji/LabBoard_BNJ/Applications/lib/tft/Adafruit-GFX-Library/Adafruit_SPITFT.cpp.obj
                0x08001f48                Adafruit_SPITFT::initSPI(unsigned long)
 .text._ZN15Adafruit_SPITFT8spiWriteEh
                0x08001f78       0x1c CMakeFiles/test_MCP23008.dir/C_/Users/benji/LabBoard_BNJ/Applications/lib/tft/Adafruit-GFX-Library/Adafruit_SPITFT.cpp.obj
                0x08001f78                Adafruit_SPITFT::spiWrite(unsigned char)
 .text._ZN15Adafruit_SPITFT10startWriteEv
                0x08001f94       0x1c CMakeFiles/test_MCP23008.dir/C_/Users/benji/LabBoard_BNJ/Applications/lib/tft/Adafruit-GFX-Library/Adafruit_SPITFT.cpp.obj
                0x08001f94                Adafruit_SPITFT::startWrite()
 .text._ZN15Adafruit_SPITFT8endWriteEv
                0x08001fb0       0x1c CMakeFiles/test_MCP23008.dir/C_/Users/benji/LabBoard_BNJ/Applications/lib/tft/Adafruit-GFX-Library/Adafruit_SPITFT.cpp.obj
                0x08001fb0                Adafruit_SPITFT::endWrite()
 .text._ZN15Adafruit_SPITFT12writeCommandEh
                0x08001fcc       0x32 CMakeFiles/test_MCP23008.dir/C_/Users/benji/LabBoard_BNJ/Applications/lib/tft/Adafruit-GFX-Library/Adafruit_SPITFT.cpp.obj
                0x08001fcc                Adafruit_SPITFT::writeCommand(unsigned char)
 .text._ZN15Adafruit_SPITFT10writeColorEtm
                0x08001ffe       0x46 CMakeFiles/test_MCP23008.dir/C_/Users/benji/LabBoard_BNJ/Applications/lib/tft/Adafruit-GFX-Library/Adafruit_SPITFT.cpp.obj
                0x08001ffe                Adafruit_SPITFT::writeColor(unsigned short, unsigned long)
 .text._ZN15Adafruit_SPITFT10writePixelEsst
                0x08002044       0x70 CMakeFiles/test_MCP23008.dir/C_/Users/benji/LabBoard_BNJ/Applications/lib/tft/Adafruit-GFX-Library/Adafruit_SPITFT.cpp.obj
                0x08002044                Adafruit_SPITFT::writePixel(short, short, unsigned short)
 .text._ZN15Adafruit_SPITFT13writeFillRectEsssst
                0x080020b4      0x106 CMakeFiles/test_MCP23008.dir/C_/Users/benji/LabBoard_BNJ/Applications/lib/tft/Adafruit-GFX-Library/Adafruit_SPITFT.cpp.obj
                0x080020b4                Adafruit_SPITFT::writeFillRect(short, short, short, short, unsigned short)
 .text._ZN15Adafruit_SPITFT14writeFastVLineEssst
                0x080021ba       0x42 CMakeFiles/test_MCP23008.dir/C_/Users/benji/LabBoard_BNJ/Applications/lib/tft/Adafruit-GFX-Library/Adafruit_SPITFT.cpp.obj
                0x080021ba                Adafruit_SPITFT::writeFastVLine(short, short, short, unsigned short)
 .text._ZN15Adafruit_SPITFT14writeFastHLineEssst
                0x080021fc       0x44 CMakeFiles/test_MCP23008.dir/C_/Users/benji/LabBoard_BNJ/Applications/lib/tft/Adafruit-GFX-Library/Adafruit_SPITFT.cpp.obj
                0x080021fc                Adafruit_SPITFT::writeFastHLine(short, short, short, unsigned short)
 .text._ZN15Adafruit_SPITFT9drawPixelEsst
                0x08002240       0x50 CMakeFiles/test_MCP23008.dir/C_/Users/benji/LabBoard_BNJ/Applications/lib/tft/Adafruit-GFX-Library/Adafruit_SPITFT.cpp.obj
                0x08002240                Adafruit_SPITFT::drawPixel(short, short, unsigned short)
 .text._ZN15Adafruit_SPITFT13drawFastVLineEssst
                0x08002290       0x58 CMakeFiles/test_MCP23008.dir/C_/Users/benji/LabBoard_BNJ/Applications/lib/tft/Adafruit-GFX-Library/Adafruit_SPITFT.cpp.obj
                0x08002290                Adafruit_SPITFT::drawFastVLine(short, short, short, unsigned short)
 .text._ZN15Adafruit_SPITFT13drawFastHLineEssst
                0x080022e8       0x58 CMakeFiles/test_MCP23008.dir/C_/Users/benji/LabBoard_BNJ/Applications/lib/tft/Adafruit-GFX-Library/Adafruit_SPITFT.cpp.obj
                0x080022e8                Adafruit_SPITFT::drawFastHLine(short, short, short, unsigned short)
 .text._ZN15Adafruit_SPITFT8fillRectEsssst
                0x08002340       0x5e CMakeFiles/test_MCP23008.dir/C_/Users/benji/LabBoard_BNJ/Applications/lib/tft/Adafruit-GFX-Library/Adafruit_SPITFT.cpp.obj
                0x08002340                Adafruit_SPITFT::fillRect(short, short, short, short, unsigned short)
 .text._ZN15Adafruit_SPITFT13invertDisplayEb
                0x0800239e       0x48 CMakeFiles/test_MCP23008.dir/C_/Users/benji/LabBoard_BNJ/Applications/lib/tft/Adafruit-GFX-Library/Adafruit_SPITFT.cpp.obj
                0x0800239e                Adafruit_SPITFT::invertDisplay(bool)
 *fill*         0x080023e6        0x2 
 .text._ZN15Adafruit_ST77355initREh
                0x080023e8      0x11c CMakeFiles/test_MCP23008.dir/C_/Users/benji/LabBoard_BNJ/Applications/lib/tft/Adafruit-ST7735-Library/Adafruit_ST7735.cpp.obj
                0x080023e8                Adafruit_ST7735::initR(unsigned char)
 .text._ZN15Adafruit_ST773511setRotationEh
                0x08002504      0x248 CMakeFiles/test_MCP23008.dir/C_/Users/benji/LabBoard_BNJ/Applications/lib/tft/Adafruit-ST7735-Library/Adafruit_ST7735.cpp.obj
                0x08002504                Adafruit_ST7735::setRotation(unsigned char)
 .text._ZN15Adafruit_ST77xxC2Ev
                0x0800274c       0x38 CMakeFiles/test_MCP23008.dir/C_/Users/benji/LabBoard_BNJ/Applications/lib/tft/Adafruit-ST7735-Library/Adafruit_ST77xx.cpp.obj
                0x0800274c                Adafruit_ST77xx::Adafruit_ST77xx()
                0x0800274c                Adafruit_ST77xx::Adafruit_ST77xx()
 .text._ZN15Adafruit_ST77xx11displayInitEPKh
                0x08002784       0xf2 CMakeFiles/test_MCP23008.dir/C_/Users/benji/LabBoard_BNJ/Applications/lib/tft/Adafruit-ST7735-Library/Adafruit_ST77xx.cpp.obj
                0x08002784                Adafruit_ST77xx::displayInit(unsigned char const*)
 *fill*         0x08002876        0x2 
 .text._ZN15Adafruit_ST77xx5beginEm
                0x08002878       0x40 CMakeFiles/test_MCP23008.dir/C_/Users/benji/LabBoard_BNJ/Applications/lib/tft/Adafruit-ST7735-Library/Adafruit_ST77xx.cpp.obj
                0x08002878                Adafruit_ST77xx::begin(unsigned long)
 .text._ZN15Adafruit_ST77xx10commonInitEPKh
                0x080028b8       0x2e CMakeFiles/test_MCP23008.dir/C_/Users/benji/LabBoard_BNJ/Applications/lib/tft/Adafruit-ST7735-Library/Adafruit_ST77xx.cpp.obj
                0x080028b8                Adafruit_ST77xx::commonInit(unsigned char const*)
 .text._ZN15Adafruit_ST77xx13setAddrWindowEtttt
                0x080028e6       0xd8 CMakeFiles/test_MCP23008.dir/C_/Users/benji/LabBoard_BNJ/Applications/lib/tft/Adafruit-ST7735-Library/Adafruit_ST77xx.cpp.obj
                0x080028e6                Adafruit_ST77xx::setAddrWindow(unsigned short, unsigned short, unsigned short, unsigned short)
 *fill*         0x080029be        0x2 
 .text._ZN15Adafruit_ST77xx11setRotationEh
                0x080029c0       0xf0 CMakeFiles/test_MCP23008.dir/C_/Users/benji/LabBoard_BNJ/Applications/lib/tft/Adafruit-ST7735-Library/Adafruit_ST77xx.cpp.obj
                0x080029c0                Adafruit_ST77xx::setRotation(unsigned char)
 .text.Reset_Handler
                0x08002ab0       0x5c CMakeFiles/test_MCP23008.dir/C_/Users/benji/LabBoard_BNJ/Applications/sys/startup_ARMCM4.c.obj
                0x08002ab0                Reset_Handler
 .text.Default_Handler
                0x08002b0c        0x8 CMakeFiles/test_MCP23008.dir/C_/Users/benji/LabBoard_BNJ/Applications/sys/startup_ARMCM4.c.obj
                0x08002b0c                RTC_Alarm_IRQHandler
                0x08002b0c                DebugMon_Handler
                0x08002b0c                TIM1_CC_IRQHandler
                0x08002b0c                HardFault_Handler
                0x08002b0c                SysTick_Handler
                0x08002b0c                PVD_IRQHandler
                0x08002b0c                TAMP_STAMP_IRQHandler
                0x08002b0c                PendSV_Handler
                0x08002b0c                NMI_Handler
                0x08002b0c                EXTI3_IRQHandler
                0x08002b0c                EXTI0_IRQHandler
                0x08002b0c                FPU_IRQHandler
                0x08002b0c                CAN_TX_IRQHandler
                0x08002b0c                TIM1_UP_TIM16_IRQHandler
                0x08002b0c                UsageFault_Handler
                0x08002b0c                ADC1_2_IRQHandler
                0x08002b0c                SPI1_IRQHandler
                0x08002b0c                CAN_SCE_IRQHandler
                0x08002b0c                DMA1_Channel4_IRQHandler
                0x08002b0c                USART3_IRQHandler
                0x08002b0c                DMA1_Channel7_IRQHandler
                0x08002b0c                TIM7_DAC2_IRQHandler
                0x08002b0c                CAN_RX1_IRQHandler
                0x08002b0c                I2C1_EV_IRQHandler
                0x08002b0c                DMA1_Channel6_IRQHandler
                0x08002b0c                TIM3_IRQHandler
                0x08002b0c                RCC_IRQHandler
                0x08002b0c                DMA1_Channel1_IRQHandler
                0x08002b0c                Default_Handler
                0x08002b0c                EXTI15_10_IRQHandler
                0x08002b0c                COMP2_IRQHandler
                0x08002b0c                TIM6_DAC1_IRQHandler
                0x08002b0c                EXTI9_5_IRQHandler
                0x08002b0c                RTC_WKUP_IRQHandler
                0x08002b0c                MemManage_Handler
                0x08002b0c                SVC_Handler
                0x08002b0c                DMA1_Channel5_IRQHandler
                0x08002b0c                EXTI4_IRQHandler
                0x08002b0c                TIM1_TRG_COM_TIM17_IRQHandler
                0x08002b0c                DMA1_Channel3_IRQHandler
                0x08002b0c                WWDG_IRQHandler
                0x08002b0c                TIM2_IRQHandler
                0x08002b0c                EXTI1_IRQHandler
                0x08002b0c                COMP4_6_IRQHandler
                0x08002b0c                USART2_IRQHandler
                0x08002b0c                DMA1_Channel2_IRQHandler
                0x08002b0c                FLASH_IRQHandler
                0x08002b0c                BusFault_Handler
                0x08002b0c                USART1_IRQHandler
                0x08002b0c                CAN_RX0_IRQHandler
                0x08002b0c                I2C1_ER_IRQHandler
                0x08002b0c                EXTI2_TSC_IRQHandler
                0x08002b0c                TIM1_BRK_TIM15_IRQHandler
 .text.SystemInit
                0x08002b14       0x84 CMakeFiles/test_MCP23008.dir/C_/Users/benji/LabBoard_BNJ/Applications/sys/startup_clock.c.obj
                0x08002b14                SystemInit
 .text.selfrel_offset31
                0x08002b98       0x14 c:/progra~2/armgnu~1/1213fb~1.2mp/bin/../lib/gcc/arm-none-eabi/12.2.0/thumb/v7e-m/nofp\libgcc.a(unwind-arm.o)
 .text.search_EIT_table
                0x08002bac       0x64 c:/progra~2/armgnu~1/1213fb~1.2mp/bin/../lib/gcc/arm-none-eabi/12.2.0/thumb/v7e-m/nofp\libgcc.a(unwind-arm.o)
 .text.__gnu_unwind_get_pr_addr
                0x08002c10       0x28 c:/progra~2/armgnu~1/1213fb~1.2mp/bin/../lib/gcc/arm-none-eabi/12.2.0/thumb/v7e-m/nofp\libgcc.a(unwind-arm.o)
 .text.get_eit_entry
                0x08002c38       0x94 c:/progra~2/armgnu~1/1213fb~1.2mp/bin/../lib/gcc/arm-none-eabi/12.2.0/thumb/v7e-m/nofp\libgcc.a(unwind-arm.o)
 .text.restore_non_core_regs
                0x08002ccc       0x58 c:/progra~2/armgnu~1/1213fb~1.2mp/bin/../lib/gcc/arm-none-eabi/12.2.0/thumb/v7e-m/nofp\libgcc.a(unwind-arm.o)
 .text._Unwind_decode_typeinfo_ptr.constprop.0
                0x08002d24        0xc c:/progra~2/armgnu~1/1213fb~1.2mp/bin/../lib/gcc/arm-none-eabi/12.2.0/thumb/v7e-m/nofp\libgcc.a(unwind-arm.o)
 .text._Unwind_DebugHook
                0x08002d30        0x4 c:/progra~2/armgnu~1/1213fb~1.2mp/bin/../lib/gcc/arm-none-eabi/12.2.0/thumb/v7e-m/nofp\libgcc.a(unwind-arm.o)
 .text.unwind_phase2
                0x08002d34       0x38 c:/progra~2/armgnu~1/1213fb~1.2mp/bin/../lib/gcc/arm-none-eabi/12.2.0/thumb/v7e-m/nofp\libgcc.a(unwind-arm.o)
 .text.unwind_phase2_forced
                0x08002d6c       0xd4 c:/progra~2/armgnu~1/1213fb~1.2mp/bin/../lib/gcc/arm-none-eabi/12.2.0/thumb/v7e-m/nofp\libgcc.a(unwind-arm.o)
 .text.__gnu_Unwind_RaiseException
                0x08002e40       0x68 c:/progra~2/armgnu~1/1213fb~1.2mp/bin/../lib/gcc/arm-none-eabi/12.2.0/thumb/v7e-m/nofp\libgcc.a(unwind-arm.o)
                0x08002e40                __gnu_Unwind_RaiseException
 .text.__gnu_Unwind_ForcedUnwind
                0x08002ea8       0x10 c:/progra~2/armgnu~1/1213fb~1.2mp/bin/../lib/gcc/arm-none-eabi/12.2.0/thumb/v7e-m/nofp\libgcc.a(unwind-arm.o)
                0x08002ea8                __gnu_Unwind_ForcedUnwind
 .text.__gnu_Unwind_Resume
                0x08002eb8       0x40 c:/progra~2/armgnu~1/1213fb~1.2mp/bin/../lib/gcc/arm-none-eabi/12.2.0/thumb/v7e-m/nofp\libgcc.a(unwind-arm.o)
                0x08002eb8                __gnu_Unwind_Resume
 .text.__gnu_Unwind_Resume_or_Rethrow
                0x08002ef8       0x14 c:/progra~2/armgnu~1/1213fb~1.2mp/bin/../lib/gcc/arm-none-eabi/12.2.0/thumb/v7e-m/nofp\libgcc.a(unwind-arm.o)
                0x08002ef8                __gnu_Unwind_Resume_or_Rethrow
 .text._Unwind_VRS_Get
                0x08002f0c       0x34 c:/progra~2/armgnu~1/1213fb~1.2mp/bin/../lib/gcc/arm-none-eabi/12.2.0/thumb/v7e-m/nofp\libgcc.a(unwind-arm.o)
                0x08002f0c                _Unwind_VRS_Get
 .text._Unwind_GetGR
                0x08002f40       0x1c c:/progra~2/armgnu~1/1213fb~1.2mp/bin/../lib/gcc/arm-none-eabi/12.2.0/thumb/v7e-m/nofp\libgcc.a(unwind-arm.o)
 .text._Unwind_VRS_Set
                0x08002f5c       0x34 c:/progra~2/armgnu~1/1213fb~1.2mp/bin/../lib/gcc/arm-none-eabi/12.2.0/thumb/v7e-m/nofp\libgcc.a(unwind-arm.o)
                0x08002f5c                _Unwind_VRS_Set
 .text._Unwind_SetGR
                0x08002f90       0x18 c:/progra~2/armgnu~1/1213fb~1.2mp/bin/../lib/gcc/arm-none-eabi/12.2.0/thumb/v7e-m/nofp\libgcc.a(unwind-arm.o)
 .text.__gnu_Unwind_Backtrace
                0x08002fa8       0x84 c:/progra~2/armgnu~1/1213fb~1.2mp/bin/../lib/gcc/arm-none-eabi/12.2.0/thumb/v7e-m/nofp\libgcc.a(unwind-arm.o)
                0x08002fa8                __gnu_Unwind_Backtrace
 .text.__gnu_unwind_pr_common
                0x0800302c      0x290 c:/progra~2/armgnu~1/1213fb~1.2mp/bin/../lib/gcc/arm-none-eabi/12.2.0/thumb/v7e-m/nofp\libgcc.a(unwind-arm.o)
 .text.__aeabi_unwind_cpp_pr0
                0x080032bc        0x8 c:/progra~2/armgnu~1/1213fb~1.2mp/bin/../lib/gcc/arm-none-eabi/12.2.0/thumb/v7e-m/nofp\libgcc.a(unwind-arm.o)
                0x080032bc                __aeabi_unwind_cpp_pr0
 .text.__aeabi_unwind_cpp_pr1
                0x080032c4        0x8 c:/progra~2/armgnu~1/1213fb~1.2mp/bin/../lib/gcc/arm-none-eabi/12.2.0/thumb/v7e-m/nofp\libgcc.a(unwind-arm.o)
                0x080032c4                __aeabi_unwind_cpp_pr1
 .text.__aeabi_unwind_cpp_pr2
                0x080032cc        0x8 c:/progra~2/armgnu~1/1213fb~1.2mp/bin/../lib/gcc/arm-none-eabi/12.2.0/thumb/v7e-m/nofp\libgcc.a(unwind-arm.o)
                0x080032cc                __aeabi_unwind_cpp_pr2
 .text._Unwind_VRS_Pop
                0x080032d4      0x2f0 c:/progra~2/armgnu~1/1213fb~1.2mp/bin/../lib/gcc/arm-none-eabi/12.2.0/thumb/v7e-m/nofp\libgcc.a(unwind-arm.o)
                0x080032d4                _Unwind_VRS_Pop
 .text          0x080035c4      0x1ac c:/progra~2/armgnu~1/1213fb~1.2mp/bin/../lib/gcc/arm-none-eabi/12.2.0/thumb/v7e-m/nofp\libgcc.a(libunwind.o)
                0x080035c4                __restore_core_regs
                0x080035c4                restore_core_regs
                0x080035dc                __gnu_Unwind_Restore_VFP
                0x080035e4                __gnu_Unwind_Save_VFP
                0x080035ec                __gnu_Unwind_Restore_VFP_D
                0x080035f4                __gnu_Unwind_Save_VFP_D
                0x080035fc                __gnu_Unwind_Restore_VFP_D_16_to_31
                0x08003604                __gnu_Unwind_Save_VFP_D_16_to_31
                0x0800360c                __gnu_Unwind_Restore_WMMXD
                0x08003650                __gnu_Unwind_Save_WMMXD
                0x08003694                __gnu_Unwind_Restore_WMMXC
                0x080036a8                __gnu_Unwind_Save_WMMXC
                0x080036bc                ___Unwind_RaiseException
                0x080036bc                _Unwind_RaiseException
                0x080036e0                _Unwind_Resume
                0x080036e0                ___Unwind_Resume
                0x08003704                _Unwind_Resume_or_Rethrow
                0x08003704                ___Unwind_Resume_or_Rethrow
                0x08003728                _Unwind_ForcedUnwind
                0x08003728                ___Unwind_ForcedUnwind
                0x0800374c                ___Unwind_Backtrace
                0x0800374c                _Unwind_Backtrace
 .text.next_unwind_byte
                0x08003770       0x38 c:/progra~2/armgnu~1/1213fb~1.2mp/bin/../lib/gcc/arm-none-eabi/12.2.0/thumb/v7e-m/nofp\libgcc.a(pr-support.o)
 .text.__gnu_unwind_execute
                0x080037a8      0x2e8 c:/progra~2/armgnu~1/1213fb~1.2mp/bin/../lib/gcc/arm-none-eabi/12.2.0/thumb/v7e-m/nofp\libgcc.a(pr-support.o)
                0x080037a8                __gnu_unwind_execute
 .text.exit     0x08003a90       0x1c c:/progra~2/armgnu~1/1213fb~1.2mp/bin/../lib/gcc/arm-none-eabi/12.2.0/thumb/v7e-m/nofp\libc.a(libc_a-exit.o)
                0x08003a90                exit
 .text.memset   0x08003aac       0xa4 c:/progra~2/armgnu~1/1213fb~1.2mp/bin/../lib/gcc/arm-none-eabi/12.2.0/thumb/v7e-m/nofp\libc.a(libc_a-memset.o)
                0x08003aac                memset
 .text.__libc_init_array
                0x08003b50       0x50 c:/progra~2/armgnu~1/1213fb~1.2mp/bin/../lib/gcc/arm-none-eabi/12.2.0/thumb/v7e-m/nofp\libc.a(libc_a-init.o)
                0x08003b50                __libc_init_array
 .text.__retarget_lock_acquire_recursive
                0x08003ba0        0x4 c:/progra~2/armgnu~1/1213fb~1.2mp/bin/../lib/gcc/arm-none-eabi/12.2.0/thumb/v7e-m/nofp\libc.a(libc_a-lock.o)
                0x08003ba0                __retarget_lock_acquire_recursive
 .text.__retarget_lock_release_recursive
                0x08003ba4        0x4 c:/progra~2/armgnu~1/1213fb~1.2mp/bin/../lib/gcc/arm-none-eabi/12.2.0/thumb/v7e-m/nofp\libc.a(libc_a-lock.o)
                0x08003ba4                __retarget_lock_release_recursive
 .text          0x08003ba8      0x134 c:/progra~2/armgnu~1/1213fb~1.2mp/bin/../lib/gcc/arm-none-eabi/12.2.0/thumb/v7e-m/nofp\libc.a(libc_a-memcpy.o)
                0x08003ba8                memcpy
 *fill*         0x08003cdc       0x24 
 .text          0x08003d00       0xd8 c:/progra~2/armgnu~1/1213fb~1.2mp/bin/../lib/gcc/arm-none-eabi/12.2.0/thumb/v7e-m/nofp\libc.a(libc_a-strlen.o)
                0x08003d00                strlen
 .text.startup.register_fini
                0x08003dd8       0x14 c:/progra~2/armgnu~1/1213fb~1.2mp/bin/../lib/gcc/arm-none-eabi/12.2.0/thumb/v7e-m/nofp\libc.a(libc_a-__call_atexit.o)
 .text.__call_exitprocs
                0x08003dec       0xc4 c:/progra~2/armgnu~1/1213fb~1.2mp/bin/../lib/gcc/arm-none-eabi/12.2.0/thumb/v7e-m/nofp\libc.a(libc_a-__call_atexit.o)
                0x08003dec                __call_exitprocs
 .text.atexit   0x08003eb0        0xc c:/progra~2/armgnu~1/1213fb~1.2mp/bin/../lib/gcc/arm-none-eabi/12.2.0/thumb/v7e-m/nofp\libc.a(libc_a-atexit.o)
                0x08003eb0                atexit
 .text.__libc_fini_array
                0x08003ebc       0x28 c:/progra~2/armgnu~1/1213fb~1.2mp/bin/../lib/gcc/arm-none-eabi/12.2.0/thumb/v7e-m/nofp\libc.a(libc_a-fini.o)
                0x08003ebc                __libc_fini_array
 .text.__register_exitproc
                0x08003ee4       0x88 c:/progra~2/armgnu~1/1213fb~1.2mp/bin/../lib/gcc/arm-none-eabi/12.2.0/thumb/v7e-m/nofp\libc.a(libc_a-__atexit.o)
                0x08003ee4                __register_exitproc
 .text._exit    0x08003f6c        0x4 c:/progra~2/armgnu~1/1213fb~1.2mp/bin/../lib/gcc/arm-none-eabi/12.2.0/thumb/v7e-m/nofp\libnosys.a(_exit.o)
                0x08003f6c                _exit
 *(.init)
 .init          0x08003f70        0x4 c:/progra~2/armgnu~1/1213fb~1.2mp/bin/../lib/gcc/arm-none-eabi/12.2.0/thumb/v7e-m/nofp/crti.o
                0x08003f70                _init
 .init          0x08003f74        0x8 c:/progra~2/armgnu~1/1213fb~1.2mp/bin/../lib/gcc/arm-none-eabi/12.2.0/thumb/v7e-m/nofp/crtn.o
 *(.fini)
 .fini          0x08003f7c        0x4 c:/progra~2/armgnu~1/1213fb~1.2mp/bin/../lib/gcc/arm-none-eabi/12.2.0/thumb/v7e-m/nofp/crti.o
                0x08003f7c                _fini
 .fini          0x08003f80        0x8 c:/progra~2/armgnu~1/1213fb~1.2mp/bin/../lib/gcc/arm-none-eabi/12.2.0/thumb/v7e-m/nofp/crtn.o
 *crtbegin.o(.ctors)
 *crtbegin?.o(.ctors)
 *(EXCLUDE_FILE(*crtend.o *crtend?.o) .ctors)
 *(SORT_BY_NAME(.ctors.*))
 *(.ctors)
 *crtbegin.o(.dtors)
 *crtbegin?.o(.dtors)
 *(EXCLUDE_FILE(*crtend.o *crtend?.o) .dtors)
 *(SORT_BY_NAME(.dtors.*))
 *(.dtors)
 *(.rodata*)
 .rodata        0x08003f88        0xf CMakeFiles/test_MCP23008.dir/main.cpp.obj
 *fill*         0x08003f97        0x1 
 .rodata        0x08003f98      0x524 CMakeFiles/test_MCP23008.dir/C_/Users/benji/LabBoard_BNJ/Applications/lib/tft/tft.cpp.obj
 .rodata._ZTV3tft
                0x080044bc       0x58 CMakeFiles/test_MCP23008.dir/C_/Users/benji/LabBoard_BNJ/Applications/lib/tft/tft.cpp.obj
                0x080044bc                vtable for tft
 .rodata        0x08004514       0x24 CMakeFiles/test_MCP23008.dir/C_/Users/benji/LabBoard_BNJ/Applications/lib/tft/arduinoCore/Print.cpp.obj
                0x08004528                vtable for Print
 .rodata        0x08004538      0x640 CMakeFiles/test_MCP23008.dir/C_/Users/benji/LabBoard_BNJ/Applications/lib/tft/Adafruit-GFX-Library/Adafruit_GFX.cpp.obj
                0x08004a38                vtable for GFXcanvas16
                0x08004a88                vtable for GFXcanvas8
                0x08004ad8                vtable for GFXcanvas1
                0x08004b28                vtable for Adafruit_GFX
 .rodata        0x08004b78       0x58 CMakeFiles/test_MCP23008.dir/C_/Users/benji/LabBoard_BNJ/Applications/lib/tft/Adafruit-GFX-Library/Adafruit_SPITFT.cpp.obj
                0x08004b78                vtable for Adafruit_SPITFT
 .rodata        0x08004bd0      0x168 CMakeFiles/test_MCP23008.dir/C_/Users/benji/LabBoard_BNJ/Applications/lib/tft/Adafruit-ST7735-Library/Adafruit_ST7735.cpp.obj
                0x08004ce0                vtable for Adafruit_ST7735
 .rodata        0x08004d38       0x58 CMakeFiles/test_MCP23008.dir/C_/Users/benji/LabBoard_BNJ/Applications/lib/tft/Adafruit-ST7735-Library/Adafruit_ST77xx.cpp.obj
                0x08004d38                vtable for Adafruit_ST77xx
 *(.eh_frame*)
 .eh_frame      0x08004d90        0x0 c:/progra~2/armgnu~1/1213fb~1.2mp/bin/../lib/gcc/arm-none-eabi/12.2.0/thumb/v7e-m/nofp/crtbegin.o
 .eh_frame      0x08004d90       0x2c c:/progra~2/armgnu~1/1213fb~1.2mp/bin/../lib/gcc/arm-none-eabi/12.2.0/thumb/v7e-m/nofp\libc.a(libc_a-memcpy.o)
 .eh_frame      0x08004dbc       0x34 c:/progra~2/armgnu~1/1213fb~1.2mp/bin/../lib/gcc/arm-none-eabi/12.2.0/thumb/v7e-m/nofp\libc.a(libc_a-strlen.o)
 .eh_frame      0x08004df0        0x4 c:/progra~2/armgnu~1/1213fb~1.2mp/bin/../lib/gcc/arm-none-eabi/12.2.0/thumb/v7e-m/nofp/crtend.o

.glue_7         0x08004df4        0x0
 .glue_7        0x08004df4        0x0 linker stubs

.glue_7t        0x08004df4        0x0
 .glue_7t       0x08004df4        0x0 linker stubs

.vfp11_veneer   0x08004df4        0x0
 .vfp11_veneer  0x08004df4        0x0 linker stubs

.v4_bx          0x08004df4        0x0
 .v4_bx         0x08004df4        0x0 linker stubs

.iplt           0x08004df4        0x0
 .iplt          0x08004df4        0x0 c:/progra~2/armgnu~1/1213fb~1.2mp/bin/../lib/gcc/arm-none-eabi/12.2.0/thumb/v7e-m/nofp/crtbegin.o

.ARM.extab      0x08004df4      0x240
 *(.ARM.extab* .gnu.linkonce.armextab.*)
 .ARM.extab.text.main
                0x08004df4        0xc CMakeFiles/test_MCP23008.dir/main.cpp.obj
 .ARM.extab.text._ZN15Adafruit_ST7735C2Ev
                0x08004e00        0xc CMakeFiles/test_MCP23008.dir/C_/Users/benji/LabBoard_BNJ/Applications/lib/tft/tft.cpp.obj
 .ARM.extab.text._ZN3tftC2Ev
                0x08004e0c        0xc CMakeFiles/test_MCP23008.dir/C_/Users/benji/LabBoard_BNJ/Applications/lib/tft/tft.cpp.obj
 .ARM.extab.text._ZN3tft5eraseEv
                0x08004e18        0xc CMakeFiles/test_MCP23008.dir/C_/Users/benji/LabBoard_BNJ/Applications/lib/tft/tft.cpp.obj
 .ARM.extab.text._ZN3tft5setupEv
                0x08004e24        0xc CMakeFiles/test_MCP23008.dir/C_/Users/benji/LabBoard_BNJ/Applications/lib/tft/tft.cpp.obj
 .ARM.extab.text._ZN3tft13setTextCursorEjj
                0x08004e30        0xc CMakeFiles/test_MCP23008.dir/C_/Users/benji/LabBoard_BNJ/Applications/lib/tft/tft.cpp.obj
 .ARM.extab.text._ZN3tft12getTextWidthEv
                0x08004e3c        0xc CMakeFiles/test_MCP23008.dir/C_/Users/benji/LabBoard_BNJ/Applications/lib/tft/tft.cpp.obj
 .ARM.extab.text._ZN3tft13getTextHeightEv
                0x08004e48        0xc CMakeFiles/test_MCP23008.dir/C_/Users/benji/LabBoard_BNJ/Applications/lib/tft/tft.cpp.obj
 .ARM.extab.text._ZN5Print5writeEPKc
                0x08004e54        0xc CMakeFiles/test_MCP23008.dir/C_/Users/benji/LabBoard_BNJ/Applications/lib/tft/arduinoCore/Print.cpp.obj
 .ARM.extab.text._ZN5Print5writeEPKhj
                0x08004e60        0xc CMakeFiles/test_MCP23008.dir/C_/Users/benji/LabBoard_BNJ/Applications/lib/tft/arduinoCore/Print.cpp.obj
 .ARM.extab.text._ZN5Print5printEPKc
                0x08004e6c        0xc CMakeFiles/test_MCP23008.dir/C_/Users/benji/LabBoard_BNJ/Applications/lib/tft/arduinoCore/Print.cpp.obj
 .ARM.extab.text._ZN5PrintC2Ev
                0x08004e78        0x0 CMakeFiles/test_MCP23008.dir/C_/Users/benji/LabBoard_BNJ/Applications/lib/tft/Adafruit-GFX-Library/Adafruit_GFX.cpp.obj
 .ARM.extab.text._ZN12Adafruit_GFX9writeLineEsssst
                0x08004e78        0xc CMakeFiles/test_MCP23008.dir/C_/Users/benji/LabBoard_BNJ/Applications/lib/tft/Adafruit-GFX-Library/Adafruit_GFX.cpp.obj
 .ARM.extab.text._ZN12Adafruit_GFX10writePixelEsst
                0x08004e84        0xc CMakeFiles/test_MCP23008.dir/C_/Users/benji/LabBoard_BNJ/Applications/lib/tft/Adafruit-GFX-Library/Adafruit_GFX.cpp.obj
 .ARM.extab.text._ZN12Adafruit_GFX14writeFastVLineEssst
                0x08004e90        0xc CMakeFiles/test_MCP23008.dir/C_/Users/benji/LabBoard_BNJ/Applications/lib/tft/Adafruit-GFX-Library/Adafruit_GFX.cpp.obj
 .ARM.extab.text._ZN12Adafruit_GFX14writeFastHLineEssst
                0x08004e9c        0xc CMakeFiles/test_MCP23008.dir/C_/Users/benji/LabBoard_BNJ/Applications/lib/tft/Adafruit-GFX-Library/Adafruit_GFX.cpp.obj
 .ARM.extab.text._ZN12Adafruit_GFX13writeFillRectEsssst
                0x08004ea8        0xc CMakeFiles/test_MCP23008.dir/C_/Users/benji/LabBoard_BNJ/Applications/lib/tft/Adafruit-GFX-Library/Adafruit_GFX.cpp.obj
 .ARM.extab.text._ZN12Adafruit_GFX13drawFastVLineEssst
                0x08004eb4        0xc CMakeFiles/test_MCP23008.dir/C_/Users/benji/LabBoard_BNJ/Applications/lib/tft/Adafruit-GFX-Library/Adafruit_GFX.cpp.obj
 .ARM.extab.text._ZN12Adafruit_GFX13drawFastHLineEssst
                0x08004ec0        0xc CMakeFiles/test_MCP23008.dir/C_/Users/benji/LabBoard_BNJ/Applications/lib/tft/Adafruit-GFX-Library/Adafruit_GFX.cpp.obj
 .ARM.extab.text._ZN12Adafruit_GFX8fillRectEsssst
                0x08004ecc        0xc CMakeFiles/test_MCP23008.dir/C_/Users/benji/LabBoard_BNJ/Applications/lib/tft/Adafruit-GFX-Library/Adafruit_GFX.cpp.obj
 .ARM.extab.text._ZN12Adafruit_GFX10fillScreenEt
                0x08004ed8        0xc CMakeFiles/test_MCP23008.dir/C_/Users/benji/LabBoard_BNJ/Applications/lib/tft/Adafruit-GFX-Library/Adafruit_GFX.cpp.obj
 .ARM.extab.text._ZN12Adafruit_GFX8drawLineEsssst
                0x08004ee4        0xc CMakeFiles/test_MCP23008.dir/C_/Users/benji/LabBoard_BNJ/Applications/lib/tft/Adafruit-GFX-Library/Adafruit_GFX.cpp.obj
 .ARM.extab.text._ZN12Adafruit_GFX8drawRectEsssst
                0x08004ef0        0xc CMakeFiles/test_MCP23008.dir/C_/Users/benji/LabBoard_BNJ/Applications/lib/tft/Adafruit-GFX-Library/Adafruit_GFX.cpp.obj
 .ARM.extab.text._ZN12Adafruit_GFX8drawCharEsshtth
                0x08004efc        0xc CMakeFiles/test_MCP23008.dir/C_/Users/benji/LabBoard_BNJ/Applications/lib/tft/Adafruit-GFX-Library/Adafruit_GFX.cpp.obj
 .ARM.extab.text._ZN12Adafruit_GFX5writeEh
                0x08004f08        0xc CMakeFiles/test_MCP23008.dir/C_/Users/benji/LabBoard_BNJ/Applications/lib/tft/Adafruit-GFX-Library/Adafruit_GFX.cpp.obj
 .ARM.extab.text._ZN15Adafruit_SPITFT10writePixelEt
                0x08004f14        0xc CMakeFiles/test_MCP23008.dir/C_/Users/benji/LabBoard_BNJ/Applications/lib/tft/Adafruit-GFX-Library/Adafruit_SPITFT.cpp.obj
 .ARM.extab.text._ZN15Adafruit_SPITFTC2Ett
                0x08004f20        0xc CMakeFiles/test_MCP23008.dir/C_/Users/benji/LabBoard_BNJ/Applications/lib/tft/Adafruit-GFX-Library/Adafruit_SPITFT.cpp.obj
 .ARM.extab.text._ZN15Adafruit_SPITFT7initSPIEm
                0x08004f2c        0xc CMakeFiles/test_MCP23008.dir/C_/Users/benji/LabBoard_BNJ/Applications/lib/tft/Adafruit-GFX-Library/Adafruit_SPITFT.cpp.obj
 .ARM.extab.text._ZN15Adafruit_SPITFT8spiWriteEh
                0x08004f38        0xc CMakeFiles/test_MCP23008.dir/C_/Users/benji/LabBoard_BNJ/Applications/lib/tft/Adafruit-GFX-Library/Adafruit_SPITFT.cpp.obj
 .ARM.extab.text._ZN15Adafruit_SPITFT10startWriteEv
                0x08004f44        0x0 CMakeFiles/test_MCP23008.dir/C_/Users/benji/LabBoard_BNJ/Applications/lib/tft/Adafruit-GFX-Library/Adafruit_SPITFT.cpp.obj
 .ARM.extab.text._ZN15Adafruit_SPITFT8endWriteEv
                0x08004f44        0x0 CMakeFiles/test_MCP23008.dir/C_/Users/benji/LabBoard_BNJ/Applications/lib/tft/Adafruit-GFX-Library/Adafruit_SPITFT.cpp.obj
 .ARM.extab.text._ZN15Adafruit_SPITFT12writeCommandEh
                0x08004f44        0xc CMakeFiles/test_MCP23008.dir/C_/Users/benji/LabBoard_BNJ/Applications/lib/tft/Adafruit-GFX-Library/Adafruit_SPITFT.cpp.obj
 .ARM.extab.text._ZN15Adafruit_SPITFT10writeColorEtm
                0x08004f50        0xc CMakeFiles/test_MCP23008.dir/C_/Users/benji/LabBoard_BNJ/Applications/lib/tft/Adafruit-GFX-Library/Adafruit_SPITFT.cpp.obj
 .ARM.extab.text._ZN15Adafruit_SPITFT10writePixelEsst
                0x08004f5c        0xc CMakeFiles/test_MCP23008.dir/C_/Users/benji/LabBoard_BNJ/Applications/lib/tft/Adafruit-GFX-Library/Adafruit_SPITFT.cpp.obj
 .ARM.extab.text._ZN15Adafruit_SPITFT13writeFillRectEsssst
                0x08004f68        0xc CMakeFiles/test_MCP23008.dir/C_/Users/benji/LabBoard_BNJ/Applications/lib/tft/Adafruit-GFX-Library/Adafruit_SPITFT.cpp.obj
 .ARM.extab.text._ZN15Adafruit_SPITFT14writeFastVLineEssst
                0x08004f74        0xc CMakeFiles/test_MCP23008.dir/C_/Users/benji/LabBoard_BNJ/Applications/lib/tft/Adafruit-GFX-Library/Adafruit_SPITFT.cpp.obj
 .ARM.extab.text._ZN15Adafruit_SPITFT14writeFastHLineEssst
                0x08004f80        0xc CMakeFiles/test_MCP23008.dir/C_/Users/benji/LabBoard_BNJ/Applications/lib/tft/Adafruit-GFX-Library/Adafruit_SPITFT.cpp.obj
 .ARM.extab.text._ZN15Adafruit_SPITFT9drawPixelEsst
                0x08004f8c        0xc CMakeFiles/test_MCP23008.dir/C_/Users/benji/LabBoard_BNJ/Applications/lib/tft/Adafruit-GFX-Library/Adafruit_SPITFT.cpp.obj
 .ARM.extab.text._ZN15Adafruit_SPITFT13drawFastVLineEssst
                0x08004f98        0xc CMakeFiles/test_MCP23008.dir/C_/Users/benji/LabBoard_BNJ/Applications/lib/tft/Adafruit-GFX-Library/Adafruit_SPITFT.cpp.obj
 .ARM.extab.text._ZN15Adafruit_SPITFT13drawFastHLineEssst
                0x08004fa4        0xc CMakeFiles/test_MCP23008.dir/C_/Users/benji/LabBoard_BNJ/Applications/lib/tft/Adafruit-GFX-Library/Adafruit_SPITFT.cpp.obj
 .ARM.extab.text._ZN15Adafruit_SPITFT8fillRectEsssst
                0x08004fb0        0xc CMakeFiles/test_MCP23008.dir/C_/Users/benji/LabBoard_BNJ/Applications/lib/tft/Adafruit-GFX-Library/Adafruit_SPITFT.cpp.obj
 .ARM.extab.text._ZN15Adafruit_SPITFT13invertDisplayEb
                0x08004fbc        0xc CMakeFiles/test_MCP23008.dir/C_/Users/benji/LabBoard_BNJ/Applications/lib/tft/Adafruit-GFX-Library/Adafruit_SPITFT.cpp.obj
 .ARM.extab.text._ZN15Adafruit_ST77355initREh
                0x08004fc8        0xc CMakeFiles/test_MCP23008.dir/C_/Users/benji/LabBoard_BNJ/Applications/lib/tft/Adafruit-ST7735-Library/Adafruit_ST7735.cpp.obj
 .ARM.extab.text._ZN15Adafruit_ST773511setRotationEh
                0x08004fd4        0xc CMakeFiles/test_MCP23008.dir/C_/Users/benji/LabBoard_BNJ/Applications/lib/tft/Adafruit-ST7735-Library/Adafruit_ST7735.cpp.obj
 .ARM.extab.text._ZN15Adafruit_ST77xxC2Ev
                0x08004fe0        0xc CMakeFiles/test_MCP23008.dir/C_/Users/benji/LabBoard_BNJ/Applications/lib/tft/Adafruit-ST7735-Library/Adafruit_ST77xx.cpp.obj
 .ARM.extab.text._ZN15Adafruit_ST77xx11displayInitEPKh
                0x08004fec        0xc CMakeFiles/test_MCP23008.dir/C_/Users/benji/LabBoard_BNJ/Applications/lib/tft/Adafruit-ST7735-Library/Adafruit_ST77xx.cpp.obj
 .ARM.extab.text._ZN15Adafruit_ST77xx5beginEm
                0x08004ff8        0xc CMakeFiles/test_MCP23008.dir/C_/Users/benji/LabBoard_BNJ/Applications/lib/tft/Adafruit-ST7735-Library/Adafruit_ST77xx.cpp.obj
 .ARM.extab.text._ZN15Adafruit_ST77xx10commonInitEPKh
                0x08005004        0xc CMakeFiles/test_MCP23008.dir/C_/Users/benji/LabBoard_BNJ/Applications/lib/tft/Adafruit-ST7735-Library/Adafruit_ST77xx.cpp.obj
 .ARM.extab.text._ZN15Adafruit_ST77xx13setAddrWindowEtttt
                0x08005010        0xc CMakeFiles/test_MCP23008.dir/C_/Users/benji/LabBoard_BNJ/Applications/lib/tft/Adafruit-ST7735-Library/Adafruit_ST77xx.cpp.obj
 .ARM.extab.text._ZN15Adafruit_ST77xx11setRotationEh
                0x0800501c        0xc CMakeFiles/test_MCP23008.dir/C_/Users/benji/LabBoard_BNJ/Applications/lib/tft/Adafruit-ST7735-Library/Adafruit_ST77xx.cpp.obj
 .ARM.extab.text.Reset_Handler
                0x08005028        0xc CMakeFiles/test_MCP23008.dir/C_/Users/benji/LabBoard_BNJ/Applications/sys/startup_ARMCM4.c.obj
                0x08005034                        __exidx_start = .

.ARM.exidx      0x08005034      0x250
 *(.ARM.exidx* .gnu.linkonce.armexidx.*)
 .ARM.exidx     0x08005034        0x8 c:/progra~2/armgnu~1/1213fb~1.2mp/bin/../lib/gcc/arm-none-eabi/12.2.0/thumb/v7e-m/nofp/crt0.o
                                 0x10 (size before relaxing)
 .ARM.exidx.text._Z5setupv
                0x0800503c        0x8 CMakeFiles/test_MCP23008.dir/main.cpp.obj
 .ARM.exidx.text.main
                0x08005044        0x8 CMakeFiles/test_MCP23008.dir/main.cpp.obj
 .ARM.exidx.text.NVIC_EnableIRQ
                0x0800504c        0x8 CMakeFiles/test_MCP23008.dir/i2c.c.obj
 .ARM.exidx.text.setupI2C
                0x08005054        0x0 CMakeFiles/test_MCP23008.dir/i2c.c.obj
                                  0x8 (size before relaxing)
 .ARM.exidx.text.startI2C
                0x08005054        0x0 CMakeFiles/test_MCP23008.dir/i2c.c.obj
                                  0x8 (size before relaxing)
 .ARM.exidx.text.writeI2C
                0x08005054        0x0 CMakeFiles/test_MCP23008.dir/i2c.c.obj
                                  0x8 (size before relaxing)
 .ARM.exidx.text.setupSPI
                0x08005054        0x0 CMakeFiles/test_MCP23008.dir/C_/Users/benji/LabBoard_BNJ/Applications/lib/spi.c.obj
                                  0x8 (size before relaxing)
 .ARM.exidx.text.transfer8
                0x08005054        0x0 CMakeFiles/test_MCP23008.dir/C_/Users/benji/LabBoard_BNJ/Applications/lib/spi.c.obj
                                  0x8 (size before relaxing)
 .ARM.exidx.text._ZN15Adafruit_ST7735C2Ev
                0x08005054        0x8 CMakeFiles/test_MCP23008.dir/C_/Users/benji/LabBoard_BNJ/Applications/lib/tft/tft.cpp.obj
 .ARM.exidx.text._ZN3tftC2Ev
                0x0800505c        0x8 CMakeFiles/test_MCP23008.dir/C_/Users/benji/LabBoard_BNJ/Applications/lib/tft/tft.cpp.obj
 .ARM.exidx.text._ZN3tft5eraseEv
                0x08005064        0x8 CMakeFiles/test_MCP23008.dir/C_/Users/benji/LabBoard_BNJ/Applications/lib/tft/tft.cpp.obj
 .ARM.exidx.text._ZN3tft5setupEv
                0x0800506c        0x8 CMakeFiles/test_MCP23008.dir/C_/Users/benji/LabBoard_BNJ/Applications/lib/tft/tft.cpp.obj
 .ARM.exidx.text._ZN3tft13setTextCursorEjj
                0x08005074        0x8 CMakeFiles/test_MCP23008.dir/C_/Users/benji/LabBoard_BNJ/Applications/lib/tft/tft.cpp.obj
 .ARM.exidx.text._ZN3tft12getTextWidthEv
                0x0800507c        0x8 CMakeFiles/test_MCP23008.dir/C_/Users/benji/LabBoard_BNJ/Applications/lib/tft/tft.cpp.obj
 .ARM.exidx.text._ZN3tft13getTextHeightEv
                0x08005084        0x8 CMakeFiles/test_MCP23008.dir/C_/Users/benji/LabBoard_BNJ/Applications/lib/tft/tft.cpp.obj
 .ARM.exidx.text._Z41__static_initialization_and_destruction_0ii
                0x0800508c        0x8 CMakeFiles/test_MCP23008.dir/C_/Users/benji/LabBoard_BNJ/Applications/lib/tft/tft.cpp.obj
 .ARM.exidx.text._GLOBAL__sub_I__ZN3tft5eraseEv
                0x08005094        0x0 CMakeFiles/test_MCP23008.dir/C_/Users/benji/LabBoard_BNJ/Applications/lib/tft/tft.cpp.obj
                                  0x8 (size before relaxing)
 .ARM.exidx.text._ZN5Print5writeEPKc
                0x08005094        0x8 CMakeFiles/test_MCP23008.dir/C_/Users/benji/LabBoard_BNJ/Applications/lib/tft/arduinoCore/Print.cpp.obj
 .ARM.exidx.text._ZN5Print5writeEPKhj
                0x0800509c        0x8 CMakeFiles/test_MCP23008.dir/C_/Users/benji/LabBoard_BNJ/Applications/lib/tft/arduinoCore/Print.cpp.obj
 .ARM.exidx.text._ZN5Print5printEPKc
                0x080050a4        0x8 CMakeFiles/test_MCP23008.dir/C_/Users/benji/LabBoard_BNJ/Applications/lib/tft/arduinoCore/Print.cpp.obj
 .ARM.exidx.text._ZN5PrintC2Ev
                0x080050ac        0x8 CMakeFiles/test_MCP23008.dir/C_/Users/benji/LabBoard_BNJ/Applications/lib/tft/Adafruit-GFX-Library/Adafruit_GFX.cpp.obj
 .ARM.exidx.text._ZN12Adafruit_GFXC2Ess
                0x080050b4        0x0 CMakeFiles/test_MCP23008.dir/C_/Users/benji/LabBoard_BNJ/Applications/lib/tft/Adafruit-GFX-Library/Adafruit_GFX.cpp.obj
                                  0x8 (size before relaxing)
 .ARM.exidx.text._ZN12Adafruit_GFX9writeLineEsssst
                0x080050b4        0x8 CMakeFiles/test_MCP23008.dir/C_/Users/benji/LabBoard_BNJ/Applications/lib/tft/Adafruit-GFX-Library/Adafruit_GFX.cpp.obj
 .ARM.exidx.text._ZN12Adafruit_GFX10startWriteEv
                0x080050bc        0x8 CMakeFiles/test_MCP23008.dir/C_/Users/benji/LabBoard_BNJ/Applications/lib/tft/Adafruit-GFX-Library/Adafruit_GFX.cpp.obj
 .ARM.exidx.text._ZN12Adafruit_GFX10writePixelEsst
                0x080050c4        0x8 CMakeFiles/test_MCP23008.dir/C_/Users/benji/LabBoard_BNJ/Applications/lib/tft/Adafruit-GFX-Library/Adafruit_GFX.cpp.obj
 .ARM.exidx.text._ZN12Adafruit_GFX14writeFastVLineEssst
                0x080050cc        0x8 CMakeFiles/test_MCP23008.dir/C_/Users/benji/LabBoard_BNJ/Applications/lib/tft/Adafruit-GFX-Library/Adafruit_GFX.cpp.obj
 .ARM.exidx.text._ZN12Adafruit_GFX14writeFastHLineEssst
                0x080050d4        0x8 CMakeFiles/test_MCP23008.dir/C_/Users/benji/LabBoard_BNJ/Applications/lib/tft/Adafruit-GFX-Library/Adafruit_GFX.cpp.obj
 .ARM.exidx.text._ZN12Adafruit_GFX13writeFillRectEsssst
                0x080050dc        0x8 CMakeFiles/test_MCP23008.dir/C_/Users/benji/LabBoard_BNJ/Applications/lib/tft/Adafruit-GFX-Library/Adafruit_GFX.cpp.obj
 .ARM.exidx.text._ZN12Adafruit_GFX8endWriteEv
                0x080050e4        0x8 CMakeFiles/test_MCP23008.dir/C_/Users/benji/LabBoard_BNJ/Applications/lib/tft/Adafruit-GFX-Library/Adafruit_GFX.cpp.obj
 .ARM.exidx.text._ZN12Adafruit_GFX13drawFastVLineEssst
                0x080050ec        0x8 CMakeFiles/test_MCP23008.dir/C_/Users/benji/LabBoard_BNJ/Applications/lib/tft/Adafruit-GFX-Library/Adafruit_GFX.cpp.obj
 .ARM.exidx.text._ZN12Adafruit_GFX13drawFastHLineEssst
                0x080050f4        0x8 CMakeFiles/test_MCP23008.dir/C_/Users/benji/LabBoard_BNJ/Applications/lib/tft/Adafruit-GFX-Library/Adafruit_GFX.cpp.obj
 .ARM.exidx.text._ZN12Adafruit_GFX8fillRectEsssst
                0x080050fc        0x8 CMakeFiles/test_MCP23008.dir/C_/Users/benji/LabBoard_BNJ/Applications/lib/tft/Adafruit-GFX-Library/Adafruit_GFX.cpp.obj
 .ARM.exidx.text._ZN12Adafruit_GFX10fillScreenEt
                0x08005104        0x8 CMakeFiles/test_MCP23008.dir/C_/Users/benji/LabBoard_BNJ/Applications/lib/tft/Adafruit-GFX-Library/Adafruit_GFX.cpp.obj
 .ARM.exidx.text._ZN12Adafruit_GFX8drawLineEsssst
                0x0800510c        0x8 CMakeFiles/test_MCP23008.dir/C_/Users/benji/LabBoard_BNJ/Applications/lib/tft/Adafruit-GFX-Library/Adafruit_GFX.cpp.obj
 .ARM.exidx.text._ZN12Adafruit_GFX8drawRectEsssst
                0x08005114        0x8 CMakeFiles/test_MCP23008.dir/C_/Users/benji/LabBoard_BNJ/Applications/lib/tft/Adafruit-GFX-Library/Adafruit_GFX.cpp.obj
 .ARM.exidx.text._ZN12Adafruit_GFX8drawCharEsshtth
                0x0800511c        0x8 CMakeFiles/test_MCP23008.dir/C_/Users/benji/LabBoard_BNJ/Applications/lib/tft/Adafruit-GFX-Library/Adafruit_GFX.cpp.obj
 .ARM.exidx.text._ZN12Adafruit_GFX5writeEh
                0x08005124        0x8 CMakeFiles/test_MCP23008.dir/C_/Users/benji/LabBoard_BNJ/Applications/lib/tft/Adafruit-GFX-Library/Adafruit_GFX.cpp.obj
 .ARM.exidx.text._ZN12Adafruit_GFX9setCursorEss
                0x0800512c        0x8 CMakeFiles/test_MCP23008.dir/C_/Users/benji/LabBoard_BNJ/Applications/lib/tft/Adafruit-GFX-Library/Adafruit_GFX.cpp.obj
 .ARM.exidx.text._ZN12Adafruit_GFX12setTextColorEt
                0x08005134        0x0 CMakeFiles/test_MCP23008.dir/C_/Users/benji/LabBoard_BNJ/Applications/lib/tft/Adafruit-GFX-Library/Adafruit_GFX.cpp.obj
                                  0x8 (size before relaxing)
 .ARM.exidx.text._ZN12Adafruit_GFX11setRotationEh
                0x08005134        0x0 CMakeFiles/test_MCP23008.dir/C_/Users/benji/LabBoard_BNJ/Applications/lib/tft/Adafruit-GFX-Library/Adafruit_GFX.cpp.obj
                                  0x8 (size before relaxing)
 .ARM.exidx.text._ZN12Adafruit_GFX7setFontEPK7GFXfont
                0x08005134        0x0 CMakeFiles/test_MCP23008.dir/C_/Users/benji/LabBoard_BNJ/Applications/lib/tft/Adafruit-GFX-Library/Adafruit_GFX.cpp.obj
                                  0x8 (size before relaxing)
 .ARM.exidx.text._ZNK12Adafruit_GFX5widthEv
                0x08005134        0x0 CMakeFiles/test_MCP23008.dir/C_/Users/benji/LabBoard_BNJ/Applications/lib/tft/Adafruit-GFX-Library/Adafruit_GFX.cpp.obj
                                  0x8 (size before relaxing)
 .ARM.exidx.text._ZNK12Adafruit_GFX6heightEv
                0x08005134        0x0 CMakeFiles/test_MCP23008.dir/C_/Users/benji/LabBoard_BNJ/Applications/lib/tft/Adafruit-GFX-Library/Adafruit_GFX.cpp.obj
                                  0x8 (size before relaxing)
 .ARM.exidx.text._ZN12Adafruit_GFX13invertDisplayEb
                0x08005134        0x0 CMakeFiles/test_MCP23008.dir/C_/Users/benji/LabBoard_BNJ/Applications/lib/tft/Adafruit-GFX-Library/Adafruit_GFX.cpp.obj
                                  0x8 (size before relaxing)
 .ARM.exidx.text._ZN10GFXcanvas19drawPixelEsst
                0x08005134        0x0 CMakeFiles/test_MCP23008.dir/C_/Users/benji/LabBoard_BNJ/Applications/lib/tft/Adafruit-GFX-Library/Adafruit_GFX.cpp.obj
                                  0x8 (size before relaxing)
 .ARM.exidx.text._ZN10GFXcanvas110fillScreenEt
                0x08005134        0x0 CMakeFiles/test_MCP23008.dir/C_/Users/benji/LabBoard_BNJ/Applications/lib/tft/Adafruit-GFX-Library/Adafruit_GFX.cpp.obj
                                  0x8 (size before relaxing)
 .ARM.exidx.text._ZN10GFXcanvas89drawPixelEsst
                0x08005134        0x0 CMakeFiles/test_MCP23008.dir/C_/Users/benji/LabBoard_BNJ/Applications/lib/tft/Adafruit-GFX-Library/Adafruit_GFX.cpp.obj
                                  0x8 (size before relaxing)
 .ARM.exidx.text._ZN10GFXcanvas810fillScreenEt
                0x08005134        0x0 CMakeFiles/test_MCP23008.dir/C_/Users/benji/LabBoard_BNJ/Applications/lib/tft/Adafruit-GFX-Library/Adafruit_GFX.cpp.obj
                                  0x8 (size before relaxing)
 .ARM.exidx.text._ZN10GFXcanvas814writeFastHLineEssst
                0x08005134        0x0 CMakeFiles/test_MCP23008.dir/C_/Users/benji/LabBoard_BNJ/Applications/lib/tft/Adafruit-GFX-Library/Adafruit_GFX.cpp.obj
                                  0x8 (size before relaxing)
 .ARM.exidx.text._ZN11GFXcanvas169drawPixelEsst
                0x08005134        0x0 CMakeFiles/test_MCP23008.dir/C_/Users/benji/LabBoard_BNJ/Applications/lib/tft/Adafruit-GFX-Library/Adafruit_GFX.cpp.obj
                                  0x8 (size before relaxing)
 .ARM.exidx.text._ZN11GFXcanvas1610fillScreenEt
                0x08005134        0x0 CMakeFiles/test_MCP23008.dir/C_/Users/benji/LabBoard_BNJ/Applications/lib/tft/Adafruit-GFX-Library/Adafruit_GFX.cpp.obj
                                  0x8 (size before relaxing)
 .ARM.exidx.text._ZN15Adafruit_SPITFT10writePixelEt
                0x08005134        0x8 CMakeFiles/test_MCP23008.dir/C_/Users/benji/LabBoard_BNJ/Applications/lib/tft/Adafruit-GFX-Library/Adafruit_SPITFT.cpp.obj
 .ARM.exidx.text._ZN15Adafruit_SPITFTC2Ett
                0x0800513c        0x8 CMakeFiles/test_MCP23008.dir/C_/Users/benji/LabBoard_BNJ/Applications/lib/tft/Adafruit-GFX-Library/Adafruit_SPITFT.cpp.obj
 .ARM.exidx.text._ZN15Adafruit_SPITFT7initSPIEm
                0x08005144        0x8 CMakeFiles/test_MCP23008.dir/C_/Users/benji/LabBoard_BNJ/Applications/lib/tft/Adafruit-GFX-Library/Adafruit_SPITFT.cpp.obj
 .ARM.exidx.text._ZN15Adafruit_SPITFT8spiWriteEh
                0x0800514c        0x8 CMakeFiles/test_MCP23008.dir/C_/Users/benji/LabBoard_BNJ/Applications/lib/tft/Adafruit-GFX-Library/Adafruit_SPITFT.cpp.obj
 .ARM.exidx.text._ZN15Adafruit_SPITFT10startWriteEv
                0x08005154        0x8 CMakeFiles/test_MCP23008.dir/C_/Users/benji/LabBoard_BNJ/Applications/lib/tft/Adafruit-GFX-Library/Adafruit_SPITFT.cpp.obj
 .ARM.exidx.text._ZN15Adafruit_SPITFT8endWriteEv
                0x0800515c        0x0 CMakeFiles/test_MCP23008.dir/C_/Users/benji/LabBoard_BNJ/Applications/lib/tft/Adafruit-GFX-Library/Adafruit_SPITFT.cpp.obj
                                  0x8 (size before relaxing)
 .ARM.exidx.text._ZN15Adafruit_SPITFT12writeCommandEh
                0x0800515c        0x8 CMakeFiles/test_MCP23008.dir/C_/Users/benji/LabBoard_BNJ/Applications/lib/tft/Adafruit-GFX-Library/Adafruit_SPITFT.cpp.obj
 .ARM.exidx.text._ZN15Adafruit_SPITFT10writeColorEtm
                0x08005164        0x8 CMakeFiles/test_MCP23008.dir/C_/Users/benji/LabBoard_BNJ/Applications/lib/tft/Adafruit-GFX-Library/Adafruit_SPITFT.cpp.obj
 .ARM.exidx.text._ZN15Adafruit_SPITFT10writePixelEsst
                0x0800516c        0x8 CMakeFiles/test_MCP23008.dir/C_/Users/benji/LabBoard_BNJ/Applications/lib/tft/Adafruit-GFX-Library/Adafruit_SPITFT.cpp.obj
 .ARM.exidx.text._ZN15Adafruit_SPITFT13writeFillRectEsssst
                0x08005174        0x8 CMakeFiles/test_MCP23008.dir/C_/Users/benji/LabBoard_BNJ/Applications/lib/tft/Adafruit-GFX-Library/Adafruit_SPITFT.cpp.obj
 .ARM.exidx.text._ZN15Adafruit_SPITFT14writeFastVLineEssst
                0x0800517c        0x8 CMakeFiles/test_MCP23008.dir/C_/Users/benji/LabBoard_BNJ/Applications/lib/tft/Adafruit-GFX-Library/Adafruit_SPITFT.cpp.obj
 .ARM.exidx.text._ZN15Adafruit_SPITFT14writeFastHLineEssst
                0x08005184        0x8 CMakeFiles/test_MCP23008.dir/C_/Users/benji/LabBoard_BNJ/Applications/lib/tft/Adafruit-GFX-Library/Adafruit_SPITFT.cpp.obj
 .ARM.exidx.text._ZN15Adafruit_SPITFT9drawPixelEsst
                0x0800518c        0x8 CMakeFiles/test_MCP23008.dir/C_/Users/benji/LabBoard_BNJ/Applications/lib/tft/Adafruit-GFX-Library/Adafruit_SPITFT.cpp.obj
 .ARM.exidx.text._ZN15Adafruit_SPITFT13drawFastVLineEssst
                0x08005194        0x8 CMakeFiles/test_MCP23008.dir/C_/Users/benji/LabBoard_BNJ/Applications/lib/tft/Adafruit-GFX-Library/Adafruit_SPITFT.cpp.obj
 .ARM.exidx.text._ZN15Adafruit_SPITFT13drawFastHLineEssst
                0x0800519c        0x8 CMakeFiles/test_MCP23008.dir/C_/Users/benji/LabBoard_BNJ/Applications/lib/tft/Adafruit-GFX-Library/Adafruit_SPITFT.cpp.obj
 .ARM.exidx.text._ZN15Adafruit_SPITFT8fillRectEsssst
                0x080051a4        0x8 CMakeFiles/test_MCP23008.dir/C_/Users/benji/LabBoard_BNJ/Applications/lib/tft/Adafruit-GFX-Library/Adafruit_SPITFT.cpp.obj
 .ARM.exidx.text._ZN15Adafruit_SPITFT13invertDisplayEb
                0x080051ac        0x8 CMakeFiles/test_MCP23008.dir/C_/Users/benji/LabBoard_BNJ/Applications/lib/tft/Adafruit-GFX-Library/Adafruit_SPITFT.cpp.obj
 .ARM.exidx.text._ZN15Adafruit_ST77355initREh
                0x080051b4        0x8 CMakeFiles/test_MCP23008.dir/C_/Users/benji/LabBoard_BNJ/Applications/lib/tft/Adafruit-ST7735-Library/Adafruit_ST7735.cpp.obj
 .ARM.exidx.text._ZN15Adafruit_ST773511setRotationEh
                0x080051bc        0x8 CMakeFiles/test_MCP23008.dir/C_/Users/benji/LabBoard_BNJ/Applications/lib/tft/Adafruit-ST7735-Library/Adafruit_ST7735.cpp.obj
 .ARM.exidx.text._ZN15Adafruit_ST77xxC2Ev
                0x080051c4        0x8 CMakeFiles/test_MCP23008.dir/C_/Users/benji/LabBoard_BNJ/Applications/lib/tft/Adafruit-ST7735-Library/Adafruit_ST77xx.cpp.obj
 .ARM.exidx.text._ZN15Adafruit_ST77xx11displayInitEPKh
                0x080051cc        0x8 CMakeFiles/test_MCP23008.dir/C_/Users/benji/LabBoard_BNJ/Applications/lib/tft/Adafruit-ST7735-Library/Adafruit_ST77xx.cpp.obj
 .ARM.exidx.text._ZN15Adafruit_ST77xx5beginEm
                0x080051d4        0x8 CMakeFiles/test_MCP23008.dir/C_/Users/benji/LabBoard_BNJ/Applications/lib/tft/Adafruit-ST7735-Library/Adafruit_ST77xx.cpp.obj
 .ARM.exidx.text._ZN15Adafruit_ST77xx10commonInitEPKh
                0x080051dc        0x8 CMakeFiles/test_MCP23008.dir/C_/Users/benji/LabBoard_BNJ/Applications/lib/tft/Adafruit-ST7735-Library/Adafruit_ST77xx.cpp.obj
 .ARM.exidx.text._ZN15Adafruit_ST77xx13setAddrWindowEtttt
                0x080051e4        0x8 CMakeFiles/test_MCP23008.dir/C_/Users/benji/LabBoard_BNJ/Applications/lib/tft/Adafruit-ST7735-Library/Adafruit_ST77xx.cpp.obj
 .ARM.exidx.text._ZN15Adafruit_ST77xx11setRotationEh
                0x080051ec        0x8 CMakeFiles/test_MCP23008.dir/C_/Users/benji/LabBoard_BNJ/Applications/lib/tft/Adafruit-ST7735-Library/Adafruit_ST77xx.cpp.obj
 .ARM.exidx.text.Reset_Handler
                0x080051f4        0x8 CMakeFiles/test_MCP23008.dir/C_/Users/benji/LabBoard_BNJ/Applications/sys/startup_ARMCM4.c.obj
 .ARM.exidx.text.Default_Handler
                0x080051fc        0x8 CMakeFiles/test_MCP23008.dir/C_/Users/benji/LabBoard_BNJ/Applications/sys/startup_ARMCM4.c.obj
 .ARM.exidx.text.SystemInit
                0x08005204        0x0 CMakeFiles/test_MCP23008.dir/C_/Users/benji/LabBoard_BNJ/Applications/sys/startup_clock.c.obj
                                  0x8 (size before relaxing)
 .ARM.exidx.text.selfrel_offset31
                0x08005204        0x0 c:/progra~2/armgnu~1/1213fb~1.2mp/bin/../lib/gcc/arm-none-eabi/12.2.0/thumb/v7e-m/nofp\libgcc.a(unwind-arm.o)
                                  0x8 (size before relaxing)
 .ARM.exidx.text.search_EIT_table
                0x08005204        0x0 c:/progra~2/armgnu~1/1213fb~1.2mp/bin/../lib/gcc/arm-none-eabi/12.2.0/thumb/v7e-m/nofp\libgcc.a(unwind-arm.o)
                                  0x8 (size before relaxing)
 .ARM.exidx.text.__gnu_unwind_get_pr_addr
                0x08005204        0x0 c:/progra~2/armgnu~1/1213fb~1.2mp/bin/../lib/gcc/arm-none-eabi/12.2.0/thumb/v7e-m/nofp\libgcc.a(unwind-arm.o)
                                  0x8 (size before relaxing)
 .ARM.exidx.text.get_eit_entry
                0x08005204        0x8 c:/progra~2/armgnu~1/1213fb~1.2mp/bin/../lib/gcc/arm-none-eabi/12.2.0/thumb/v7e-m/nofp\libgcc.a(unwind-arm.o)
 .ARM.exidx.text.restore_non_core_regs
                0x0800520c        0x8 c:/progra~2/armgnu~1/1213fb~1.2mp/bin/../lib/gcc/arm-none-eabi/12.2.0/thumb/v7e-m/nofp\libgcc.a(unwind-arm.o)
 .ARM.exidx.text._Unwind_decode_typeinfo_ptr.constprop.0
                0x08005214        0x8 c:/progra~2/armgnu~1/1213fb~1.2mp/bin/../lib/gcc/arm-none-eabi/12.2.0/thumb/v7e-m/nofp\libgcc.a(unwind-arm.o)
 .ARM.exidx.text._Unwind_DebugHook
                0x0800521c        0x0 c:/progra~2/armgnu~1/1213fb~1.2mp/bin/../lib/gcc/arm-none-eabi/12.2.0/thumb/v7e-m/nofp\libgcc.a(unwind-arm.o)
                                  0x8 (size before relaxing)
 .ARM.exidx.text.unwind_phase2
                0x0800521c        0x8 c:/progra~2/armgnu~1/1213fb~1.2mp/bin/../lib/gcc/arm-none-eabi/12.2.0/thumb/v7e-m/nofp\libgcc.a(unwind-arm.o)
 .ARM.exidx.text.unwind_phase2_forced
                0x08005224        0x8 c:/progra~2/armgnu~1/1213fb~1.2mp/bin/../lib/gcc/arm-none-eabi/12.2.0/thumb/v7e-m/nofp\libgcc.a(unwind-arm.o)
 .ARM.exidx.text.__gnu_Unwind_RaiseException
                0x0800522c        0x8 c:/progra~2/armgnu~1/1213fb~1.2mp/bin/../lib/gcc/arm-none-eabi/12.2.0/thumb/v7e-m/nofp\libgcc.a(unwind-arm.o)
 .ARM.exidx.text.__gnu_Unwind_ForcedUnwind
                0x08005234        0x8 c:/progra~2/armgnu~1/1213fb~1.2mp/bin/../lib/gcc/arm-none-eabi/12.2.0/thumb/v7e-m/nofp\libgcc.a(unwind-arm.o)
 .ARM.exidx.text.__gnu_Unwind_Resume
                0x0800523c        0x8 c:/progra~2/armgnu~1/1213fb~1.2mp/bin/../lib/gcc/arm-none-eabi/12.2.0/thumb/v7e-m/nofp\libgcc.a(unwind-arm.o)
 .ARM.exidx.text.__gnu_Unwind_Resume_or_Rethrow
                0x08005244        0x8 c:/progra~2/armgnu~1/1213fb~1.2mp/bin/../lib/gcc/arm-none-eabi/12.2.0/thumb/v7e-m/nofp\libgcc.a(unwind-arm.o)
 .ARM.exidx.text._Unwind_VRS_Get
                0x0800524c        0x0 c:/progra~2/armgnu~1/1213fb~1.2mp/bin/../lib/gcc/arm-none-eabi/12.2.0/thumb/v7e-m/nofp\libgcc.a(unwind-arm.o)
                                  0x8 (size before relaxing)
 .ARM.exidx.text._Unwind_GetGR
                0x0800524c        0x0 c:/progra~2/armgnu~1/1213fb~1.2mp/bin/../lib/gcc/arm-none-eabi/12.2.0/thumb/v7e-m/nofp\libgcc.a(unwind-arm.o)
                                  0x8 (size before relaxing)
 .ARM.exidx.text._Unwind_VRS_Set
                0x0800524c        0x0 c:/progra~2/armgnu~1/1213fb~1.2mp/bin/../lib/gcc/arm-none-eabi/12.2.0/thumb/v7e-m/nofp\libgcc.a(unwind-arm.o)
                                  0x8 (size before relaxing)
 .ARM.exidx.text._Unwind_SetGR
                0x0800524c        0x0 c:/progra~2/armgnu~1/1213fb~1.2mp/bin/../lib/gcc/arm-none-eabi/12.2.0/thumb/v7e-m/nofp\libgcc.a(unwind-arm.o)
                                  0x8 (size before relaxing)
 .ARM.exidx.text.__gnu_Unwind_Backtrace
                0x0800524c        0x8 c:/progra~2/armgnu~1/1213fb~1.2mp/bin/../lib/gcc/arm-none-eabi/12.2.0/thumb/v7e-m/nofp\libgcc.a(unwind-arm.o)
 .ARM.exidx.text.__gnu_unwind_pr_common
                0x08005254        0x8 c:/progra~2/armgnu~1/1213fb~1.2mp/bin/../lib/gcc/arm-none-eabi/12.2.0/thumb/v7e-m/nofp\libgcc.a(unwind-arm.o)
 .ARM.exidx.text.__aeabi_unwind_cpp_pr0
                0x0800525c        0x8 c:/progra~2/armgnu~1/1213fb~1.2mp/bin/../lib/gcc/arm-none-eabi/12.2.0/thumb/v7e-m/nofp\libgcc.a(unwind-arm.o)
 .ARM.exidx.text.__aeabi_unwind_cpp_pr1
                0x08005264        0x0 c:/progra~2/armgnu~1/1213fb~1.2mp/bin/../lib/gcc/arm-none-eabi/12.2.0/thumb/v7e-m/nofp\libgcc.a(unwind-arm.o)
                                  0x8 (size before relaxing)
 .ARM.exidx.text.__aeabi_unwind_cpp_pr2
                0x08005264        0x0 c:/progra~2/armgnu~1/1213fb~1.2mp/bin/../lib/gcc/arm-none-eabi/12.2.0/thumb/v7e-m/nofp\libgcc.a(unwind-arm.o)
                                  0x8 (size before relaxing)
 .ARM.exidx.text._Unwind_VRS_Pop
                0x08005264       0x10 c:/progra~2/armgnu~1/1213fb~1.2mp/bin/../lib/gcc/arm-none-eabi/12.2.0/thumb/v7e-m/nofp\libgcc.a(unwind-arm.o)
                                  0x8 (size before relaxing)
 .ARM.exidx.text.next_unwind_byte
                0x08005274        0x0 c:/progra~2/armgnu~1/1213fb~1.2mp/bin/../lib/gcc/arm-none-eabi/12.2.0/thumb/v7e-m/nofp\libgcc.a(pr-support.o)
                                  0x8 (size before relaxing)
 .ARM.exidx.text.__gnu_unwind_execute
                0x08005274       0x10 c:/progra~2/armgnu~1/1213fb~1.2mp/bin/../lib/gcc/arm-none-eabi/12.2.0/thumb/v7e-m/nofp\libgcc.a(pr-support.o)
                                  0x8 (size before relaxing)
 .ARM.exidx     0x08005284        0x0 c:/progra~2/armgnu~1/1213fb~1.2mp/bin/../lib/gcc/arm-none-eabi/12.2.0/thumb/v7e-m/nofp\libc.a(libc_a-memcpy.o)
                                  0x8 (size before relaxing)
 .ARM.exidx     0x08005284        0x0 c:/progra~2/armgnu~1/1213fb~1.2mp/bin/../lib/gcc/arm-none-eabi/12.2.0/thumb/v7e-m/nofp\libc.a(libc_a-strlen.o)
                                  0x8 (size before relaxing)
                0x08005284                        __exidx_end = .
                0x08005284                        __etext = .

.rel.dyn        0x08005284        0x0
 .rel.iplt      0x08005284        0x0 c:/progra~2/armgnu~1/1213fb~1.2mp/bin/../lib/gcc/arm-none-eabi/12.2.0/thumb/v7e-m/nofp/crtbegin.o

.data           0x20000000       0x14 load address 0x08005284
                0x20000000                        __data_start__ = .
 *(vtable)
 *(.data*)
 .data.__atexit_recursive_mutex
                0x20000000        0x4 c:/progra~2/armgnu~1/1213fb~1.2mp/bin/../lib/gcc/arm-none-eabi/12.2.0/thumb/v7e-m/nofp\libc.a(libc_a-__call_atexit.o)
                0x20000000                __atexit_recursive_mutex
                0x20000004                        . = ALIGN (0x4)
                0x20000004                        PROVIDE (__preinit_array_start = .)
 *(.preinit_array)
                0x20000004                        PROVIDE (__preinit_array_end = .)
                0x20000004                        . = ALIGN (0x4)
                0x20000004                        PROVIDE (__init_array_start = .)
 *(SORT_BY_NAME(.init_array.*))
 .init_array.00000
                0x20000004        0x4 c:/progra~2/armgnu~1/1213fb~1.2mp/bin/../lib/gcc/arm-none-eabi/12.2.0/thumb/v7e-m/nofp\libc.a(libc_a-__call_atexit.o)
 *(.init_array)
 .init_array    0x20000008        0x4 c:/progra~2/armgnu~1/1213fb~1.2mp/bin/../lib/gcc/arm-none-eabi/12.2.0/thumb/v7e-m/nofp/crtbegin.o
 .init_array    0x2000000c        0x4 CMakeFiles/test_MCP23008.dir/C_/Users/benji/LabBoard_BNJ/Applications/lib/tft/tft.cpp.obj
                0x20000010                        PROVIDE (__init_array_end = .)
                0x20000010                        . = ALIGN (0x4)
                0x20000010                        PROVIDE (__fini_array_start = .)
 *(SORT_BY_NAME(.fini_array.*))
 *(.fini_array)
 .fini_array    0x20000010        0x4 c:/progra~2/armgnu~1/1213fb~1.2mp/bin/../lib/gcc/arm-none-eabi/12.2.0/thumb/v7e-m/nofp/crtbegin.o
                0x20000014                        PROVIDE (__fini_array_end = .)
 *(.jcr*)
                0x20000014                        . = ALIGN (0x4)
                0x20000014                        __data_end__ = .

.tm_clone_table
                0x20000014        0x0 load address 0x08005298
 .tm_clone_table
                0x20000014        0x0 c:/progra~2/armgnu~1/1213fb~1.2mp/bin/../lib/gcc/arm-none-eabi/12.2.0/thumb/v7e-m/nofp/crtbegin.o
 .tm_clone_table
                0x20000014        0x0 c:/progra~2/armgnu~1/1213fb~1.2mp/bin/../lib/gcc/arm-none-eabi/12.2.0/thumb/v7e-m/nofp/crtend.o

.igot.plt       0x20000014        0x0 load address 0x08005298
 .igot.plt      0x20000014        0x0 c:/progra~2/armgnu~1/1213fb~1.2mp/bin/../lib/gcc/arm-none-eabi/12.2.0/thumb/v7e-m/nofp/crtbegin.o

.bss            0x20000014      0x1e8 load address 0x08005298
                0x20000014                        . = ALIGN (0x4)
                0x20000014                        __bss_start__ = .
 *(.bss*)
 .bss.completed.1
                0x20000014        0x1 c:/progra~2/armgnu~1/1213fb~1.2mp/bin/../lib/gcc/arm-none-eabi/12.2.0/thumb/v7e-m/nofp/crtbegin.o
 *fill*         0x20000015        0x3 
 .bss.object.0  0x20000018       0x18 c:/progra~2/armgnu~1/1213fb~1.2mp/bin/../lib/gcc/arm-none-eabi/12.2.0/thumb/v7e-m/nofp/crtbegin.o
 .bss           0x20000030       0x30 CMakeFiles/test_MCP23008.dir/C_/Users/benji/LabBoard_BNJ/Applications/lib/tft/tft.cpp.obj
                0x20000030                Tft
 .bss.__stdio_exit_handler
                0x20000060        0x4 c:/progra~2/armgnu~1/1213fb~1.2mp/bin/../lib/gcc/arm-none-eabi/12.2.0/thumb/v7e-m/nofp\libc.a(libc_a-findfp.o)
                0x20000060                __stdio_exit_handler
 .bss.__lock___atexit_recursive_mutex
                0x20000064        0x1 c:/progra~2/armgnu~1/1213fb~1.2mp/bin/../lib/gcc/arm-none-eabi/12.2.0/thumb/v7e-m/nofp\libc.a(libc_a-lock.o)
                0x20000064                __lock___atexit_recursive_mutex
 *fill*         0x20000065        0x3 
 .bss.__atexit  0x20000068        0x4 c:/progra~2/armgnu~1/1213fb~1.2mp/bin/../lib/gcc/arm-none-eabi/12.2.0/thumb/v7e-m/nofp\libc.a(libc_a-__call_atexit.o)
                0x20000068                __atexit
 .bss.__atexit0
                0x2000006c      0x190 c:/progra~2/armgnu~1/1213fb~1.2mp/bin/../lib/gcc/arm-none-eabi/12.2.0/thumb/v7e-m/nofp\libc.a(libc_a-__atexit.o)
                0x2000006c                __atexit0
 *(COMMON)
                0x200001fc                        . = ALIGN (0x4)
                0x200001fc                        __bss_end__ = .

.heap           0x20000200      0xc00
                0x20000200                        __HeapBase = .
                0x20000200                        __end__ = .
                0x20000200                        end = __end__
 *(.heap*)
 .heap          0x20000200      0xc00 CMakeFiles/test_MCP23008.dir/C_/Users/benji/LabBoard_BNJ/Applications/sys/startup_ARMCM4.c.obj
                0x20000e00                        __HeapLimit = .

.stack_dummy    0x20000e00      0x400
 *(.stack*)
 .stack         0x20000e00      0x400 CMakeFiles/test_MCP23008.dir/C_/Users/benji/LabBoard_BNJ/Applications/sys/startup_ARMCM4.c.obj
                0x20003000                        __StackTop = (ORIGIN (RAM) + LENGTH (RAM))
                0x20002c00                        __StackLimit = (__StackTop - SIZEOF (.stack_dummy))
                0x20003000                        PROVIDE (__stack = __StackTop)
                0x00000001                        ASSERT ((__StackLimit >= __HeapLimit), region RAM overflowed with stack)
OUTPUT(test_MCP23008 elf32-littlearm)
LOAD linker stubs

.ARM.attributes
                0x00000000       0x2a
 .ARM.attributes
                0x00000000       0x1e c:/progra~2/armgnu~1/1213fb~1.2mp/bin/../lib/gcc/arm-none-eabi/12.2.0/thumb/v7e-m/nofp/crti.o
 .ARM.attributes
                0x0000001e       0x2e c:/progra~2/armgnu~1/1213fb~1.2mp/bin/../lib/gcc/arm-none-eabi/12.2.0/thumb/v7e-m/nofp/crtbegin.o
 .ARM.attributes
                0x0000004c       0x1c c:/progra~2/armgnu~1/1213fb~1.2mp/bin/../lib/gcc/arm-none-eabi/12.2.0/thumb/v7e-m/nofp/crt0.o
 .ARM.attributes
                0x00000068       0x2e CMakeFiles/test_MCP23008.dir/main.cpp.obj
 .ARM.attributes
                0x00000096       0x2e CMakeFiles/test_MCP23008.dir/i2c.c.obj
 .ARM.attributes
                0x000000c4       0x2e CMakeFiles/test_MCP23008.dir/C_/Users/benji/LabBoard_BNJ/Applications/lib/spi.c.obj
 .ARM.attributes
                0x000000f2       0x2e CMakeFiles/test_MCP23008.dir/C_/Users/benji/LabBoard_BNJ/Applications/lib/tft/tft.cpp.obj
 .ARM.attributes
                0x00000120       0x2e CMakeFiles/test_MCP23008.dir/C_/Users/benji/LabBoard_BNJ/Applications/lib/tft/arduinoCore/Print.cpp.obj
 .ARM.attributes
                0x0000014e       0x2e CMakeFiles/test_MCP23008.dir/C_/Users/benji/LabBoard_BNJ/Applications/lib/tft/Adafruit-GFX-Library/Adafruit_GFX.cpp.obj
 .ARM.attributes
                0x0000017c       0x2e CMakeFiles/test_MCP23008.dir/C_/Users/benji/LabBoard_BNJ/Applications/lib/tft/Adafruit-GFX-Library/Adafruit_SPITFT.cpp.obj
 .ARM.attributes
                0x000001aa       0x2e CMakeFiles/test_MCP23008.dir/C_/Users/benji/LabBoard_BNJ/Applications/lib/tft/Adafruit-ST7735-Library/Adafruit_ST7735.cpp.obj
 .ARM.attributes
                0x000001d8       0x2e CMakeFiles/test_MCP23008.dir/C_/Users/benji/LabBoard_BNJ/Applications/lib/tft/Adafruit-ST7735-Library/Adafruit_ST77xx.cpp.obj
 .ARM.attributes
                0x00000206       0x2e CMakeFiles/test_MCP23008.dir/C_/Users/benji/LabBoard_BNJ/Applications/sys/startup_ARMCM4.c.obj
 .ARM.attributes
                0x00000234       0x2e CMakeFiles/test_MCP23008.dir/C_/Users/benji/LabBoard_BNJ/Applications/sys/startup_clock.c.obj
 .ARM.attributes
                0x00000262       0x2e c:/progra~2/armgnu~1/1213fb~1.2mp/bin/../lib/gcc/arm-none-eabi/12.2.0/thumb/v7e-m/nofp\libgcc.a(unwind-arm.o)
 .ARM.attributes
                0x00000290       0x1e c:/progra~2/armgnu~1/1213fb~1.2mp/bin/../lib/gcc/arm-none-eabi/12.2.0/thumb/v7e-m/nofp\libgcc.a(libunwind.o)
 .ARM.attributes
                0x000002ae       0x2e c:/progra~2/armgnu~1/1213fb~1.2mp/bin/../lib/gcc/arm-none-eabi/12.2.0/thumb/v7e-m/nofp\libgcc.a(pr-support.o)
 .ARM.attributes
                0x000002dc       0x2e c:/progra~2/armgnu~1/1213fb~1.2mp/bin/../lib/gcc/arm-none-eabi/12.2.0/thumb/v7e-m/nofp\libc.a(libc_a-exit.o)
 .ARM.attributes
                0x0000030a       0x2e c:/progra~2/armgnu~1/1213fb~1.2mp/bin/../lib/gcc/arm-none-eabi/12.2.0/thumb/v7e-m/nofp\libc.a(libc_a-findfp.o)
 .ARM.attributes
                0x00000338       0x2e c:/progra~2/armgnu~1/1213fb~1.2mp/bin/../lib/gcc/arm-none-eabi/12.2.0/thumb/v7e-m/nofp\libc.a(libc_a-memset.o)
 .ARM.attributes
                0x00000366       0x2e c:/progra~2/armgnu~1/1213fb~1.2mp/bin/../lib/gcc/arm-none-eabi/12.2.0/thumb/v7e-m/nofp\libc.a(libc_a-init.o)
 .ARM.attributes
                0x00000394       0x2e c:/progra~2/armgnu~1/1213fb~1.2mp/bin/../lib/gcc/arm-none-eabi/12.2.0/thumb/v7e-m/nofp\libc.a(libc_a-lock.o)
 .ARM.attributes
                0x000003c2       0x1c c:/progra~2/armgnu~1/1213fb~1.2mp/bin/../lib/gcc/arm-none-eabi/12.2.0/thumb/v7e-m/nofp\libc.a(libc_a-memcpy.o)
 .ARM.attributes
                0x000003de       0x1c c:/progra~2/armgnu~1/1213fb~1.2mp/bin/../lib/gcc/arm-none-eabi/12.2.0/thumb/v7e-m/nofp\libc.a(libc_a-strlen.o)
 .ARM.attributes
                0x000003fa       0x2e c:/progra~2/armgnu~1/1213fb~1.2mp/bin/../lib/gcc/arm-none-eabi/12.2.0/thumb/v7e-m/nofp\libc.a(libc_a-__call_atexit.o)
 .ARM.attributes
                0x00000428       0x2e c:/progra~2/armgnu~1/1213fb~1.2mp/bin/../lib/gcc/arm-none-eabi/12.2.0/thumb/v7e-m/nofp\libc.a(libc_a-atexit.o)
 .ARM.attributes
                0x00000456       0x2e c:/progra~2/armgnu~1/1213fb~1.2mp/bin/../lib/gcc/arm-none-eabi/12.2.0/thumb/v7e-m/nofp\libc.a(libc_a-fini.o)
 .ARM.attributes
                0x00000484       0x2e c:/progra~2/armgnu~1/1213fb~1.2mp/bin/../lib/gcc/arm-none-eabi/12.2.0/thumb/v7e-m/nofp\libc.a(libc_a-__atexit.o)
 .ARM.attributes
                0x000004b2       0x2e c:/progra~2/armgnu~1/1213fb~1.2mp/bin/../lib/gcc/arm-none-eabi/12.2.0/thumb/v7e-m/nofp/crtend.o
 .ARM.attributes
                0x000004e0       0x1e c:/progra~2/armgnu~1/1213fb~1.2mp/bin/../lib/gcc/arm-none-eabi/12.2.0/thumb/v7e-m/nofp/crtn.o
 .ARM.attributes
                0x000004fe       0x2e c:/progra~2/armgnu~1/1213fb~1.2mp/bin/../lib/gcc/arm-none-eabi/12.2.0/thumb/v7e-m/nofp\libnosys.a(_exit.o)

.comment        0x00000000       0x4c
 .comment       0x00000000       0x4c c:/progra~2/armgnu~1/1213fb~1.2mp/bin/../lib/gcc/arm-none-eabi/12.2.0/thumb/v7e-m/nofp/crtbegin.o
                                 0x4d (size before relaxing)
 .comment       0x0000004c       0x4d CMakeFiles/test_MCP23008.dir/main.cpp.obj
 .comment       0x0000004c       0x4d CMakeFiles/test_MCP23008.dir/i2c.c.obj
 .comment       0x0000004c       0x4d CMakeFiles/test_MCP23008.dir/C_/Users/benji/LabBoard_BNJ/Applications/lib/spi.c.obj
 .comment       0x0000004c       0x4d CMakeFiles/test_MCP23008.dir/C_/Users/benji/LabBoard_BNJ/Applications/lib/tft/tft.cpp.obj
 .comment       0x0000004c       0x4d CMakeFiles/test_MCP23008.dir/C_/Users/benji/LabBoard_BNJ/Applications/lib/tft/arduinoCore/Print.cpp.obj
 .comment       0x0000004c       0x4d CMakeFiles/test_MCP23008.dir/C_/Users/benji/LabBoard_BNJ/Applications/lib/tft/Adafruit-GFX-Library/Adafruit_GFX.cpp.obj
 .comment       0x0000004c       0x4d CMakeFiles/test_MCP23008.dir/C_/Users/benji/LabBoard_BNJ/Applications/lib/tft/Adafruit-GFX-Library/Adafruit_SPITFT.cpp.obj
 .comment       0x0000004c       0x4d CMakeFiles/test_MCP23008.dir/C_/Users/benji/LabBoard_BNJ/Applications/lib/tft/Adafruit-ST7735-Library/Adafruit_ST7735.cpp.obj
 .comment       0x0000004c       0x4d CMakeFiles/test_MCP23008.dir/C_/Users/benji/LabBoard_BNJ/Applications/lib/tft/Adafruit-ST7735-Library/Adafruit_ST77xx.cpp.obj
 .comment       0x0000004c       0x4d CMakeFiles/test_MCP23008.dir/C_/Users/benji/LabBoard_BNJ/Applications/sys/startup_ARMCM4.c.obj
 .comment       0x0000004c       0x4d CMakeFiles/test_MCP23008.dir/C_/Users/benji/LabBoard_BNJ/Applications/sys/startup_clock.c.obj
 .comment       0x0000004c       0x4d c:/progra~2/armgnu~1/1213fb~1.2mp/bin/../lib/gcc/arm-none-eabi/12.2.0/thumb/v7e-m/nofp\libgcc.a(unwind-arm.o)
 .comment       0x0000004c       0x4d c:/progra~2/armgnu~1/1213fb~1.2mp/bin/../lib/gcc/arm-none-eabi/12.2.0/thumb/v7e-m/nofp\libgcc.a(pr-support.o)
 .comment       0x0000004c       0x4d c:/progra~2/armgnu~1/1213fb~1.2mp/bin/../lib/gcc/arm-none-eabi/12.2.0/thumb/v7e-m/nofp\libc.a(libc_a-exit.o)
 .comment       0x0000004c       0x4d c:/progra~2/armgnu~1/1213fb~1.2mp/bin/../lib/gcc/arm-none-eabi/12.2.0/thumb/v7e-m/nofp\libc.a(libc_a-findfp.o)
 .comment       0x0000004c       0x4d c:/progra~2/armgnu~1/1213fb~1.2mp/bin/../lib/gcc/arm-none-eabi/12.2.0/thumb/v7e-m/nofp\libc.a(libc_a-memset.o)
 .comment       0x0000004c       0x4d c:/progra~2/armgnu~1/1213fb~1.2mp/bin/../lib/gcc/arm-none-eabi/12.2.0/thumb/v7e-m/nofp\libc.a(libc_a-init.o)
 .comment       0x0000004c       0x4d c:/progra~2/armgnu~1/1213fb~1.2mp/bin/../lib/gcc/arm-none-eabi/12.2.0/thumb/v7e-m/nofp\libc.a(libc_a-lock.o)
 .comment       0x0000004c       0x4d c:/progra~2/armgnu~1/1213fb~1.2mp/bin/../lib/gcc/arm-none-eabi/12.2.0/thumb/v7e-m/nofp\libc.a(libc_a-__call_atexit.o)
 .comment       0x0000004c       0x4d c:/progra~2/armgnu~1/1213fb~1.2mp/bin/../lib/gcc/arm-none-eabi/12.2.0/thumb/v7e-m/nofp\libc.a(libc_a-atexit.o)
 .comment       0x0000004c       0x4d c:/progra~2/armgnu~1/1213fb~1.2mp/bin/../lib/gcc/arm-none-eabi/12.2.0/thumb/v7e-m/nofp\libc.a(libc_a-fini.o)
 .comment       0x0000004c       0x4d c:/progra~2/armgnu~1/1213fb~1.2mp/bin/../lib/gcc/arm-none-eabi/12.2.0/thumb/v7e-m/nofp\libc.a(libc_a-__atexit.o)
 .comment       0x0000004c       0x4d c:/progra~2/armgnu~1/1213fb~1.2mp/bin/../lib/gcc/arm-none-eabi/12.2.0/thumb/v7e-m/nofp/crtend.o
 .comment       0x0000004c       0x4d c:/progra~2/armgnu~1/1213fb~1.2mp/bin/../lib/gcc/arm-none-eabi/12.2.0/thumb/v7e-m/nofp\libnosys.a(_exit.o)

.debug_line     0x00000000     0x7f04
 .debug_line    0x00000000       0x76 c:/progra~2/armgnu~1/1213fb~1.2mp/bin/../lib/gcc/arm-none-eabi/12.2.0/thumb/v7e-m/nofp/crt0.o
 .debug_line    0x00000076      0x3af CMakeFiles/test_MCP23008.dir/main.cpp.obj
 .debug_line    0x00000425      0x3ad CMakeFiles/test_MCP23008.dir/i2c.c.obj
 .debug_line    0x000007d2      0x29e CMakeFiles/test_MCP23008.dir/C_/Users/benji/LabBoard_BNJ/Applications/lib/spi.c.obj
 .debug_line    0x00000a70      0x5fe CMakeFiles/test_MCP23008.dir/C_/Users/benji/LabBoard_BNJ/Applications/lib/tft/tft.cpp.obj
 .debug_line    0x0000106e      0x7ee CMakeFiles/test_MCP23008.dir/C_/Users/benji/LabBoard_BNJ/Applications/lib/tft/arduinoCore/Print.cpp.obj
 .debug_line    0x0000185c     0x2044 CMakeFiles/test_MCP23008.dir/C_/Users/benji/LabBoard_BNJ/Applications/lib/tft/Adafruit-GFX-Library/Adafruit_GFX.cpp.obj
 .debug_line    0x000038a0      0x80f CMakeFiles/test_MCP23008.dir/C_/Users/benji/LabBoard_BNJ/Applications/lib/tft/Adafruit-GFX-Library/Adafruit_SPITFT.cpp.obj
 .debug_line    0x000040af      0x5c1 CMakeFiles/test_MCP23008.dir/C_/Users/benji/LabBoard_BNJ/Applications/lib/tft/Adafruit-ST7735-Library/Adafruit_ST7735.cpp.obj
 .debug_line    0x00004670      0x5bc CMakeFiles/test_MCP23008.dir/C_/Users/benji/LabBoard_BNJ/Applications/lib/tft/Adafruit-ST7735-Library/Adafruit_ST77xx.cpp.obj
 .debug_line    0x00004c2c      0x1d6 CMakeFiles/test_MCP23008.dir/C_/Users/benji/LabBoard_BNJ/Applications/sys/startup_ARMCM4.c.obj
 .debug_line    0x00004e02      0x1c8 CMakeFiles/test_MCP23008.dir/C_/Users/benji/LabBoard_BNJ/Applications/sys/startup_clock.c.obj
 .debug_line    0x00004fca     0x1228 c:/progra~2/armgnu~1/1213fb~1.2mp/bin/../lib/gcc/arm-none-eabi/12.2.0/thumb/v7e-m/nofp\libgcc.a(unwind-arm.o)
 .debug_line    0x000061f2       0x97 c:/progra~2/armgnu~1/1213fb~1.2mp/bin/../lib/gcc/arm-none-eabi/12.2.0/thumb/v7e-m/nofp\libgcc.a(libunwind.o)
 .debug_line    0x00006289      0x5b5 c:/progra~2/armgnu~1/1213fb~1.2mp/bin/../lib/gcc/arm-none-eabi/12.2.0/thumb/v7e-m/nofp\libgcc.a(pr-support.o)
 .debug_line    0x0000683e      0x1a6 c:/progra~2/armgnu~1/1213fb~1.2mp/bin/../lib/gcc/arm-none-eabi/12.2.0/thumb/v7e-m/nofp\libc.a(libc_a-exit.o)
 .debug_line    0x000069e4      0x6d1 c:/progra~2/armgnu~1/1213fb~1.2mp/bin/../lib/gcc/arm-none-eabi/12.2.0/thumb/v7e-m/nofp\libc.a(libc_a-findfp.o)
 .debug_line    0x000070b5      0x245 c:/progra~2/armgnu~1/1213fb~1.2mp/bin/../lib/gcc/arm-none-eabi/12.2.0/thumb/v7e-m/nofp\libc.a(libc_a-memset.o)
 .debug_line    0x000072fa      0x196 c:/progra~2/armgnu~1/1213fb~1.2mp/bin/../lib/gcc/arm-none-eabi/12.2.0/thumb/v7e-m/nofp\libc.a(libc_a-init.o)
 .debug_line    0x00007490      0x1ad c:/progra~2/armgnu~1/1213fb~1.2mp/bin/../lib/gcc/arm-none-eabi/12.2.0/thumb/v7e-m/nofp\libc.a(libc_a-lock.o)
 .debug_line    0x0000763d       0xb9 c:/progra~2/armgnu~1/1213fb~1.2mp/bin/../lib/gcc/arm-none-eabi/12.2.0/thumb/v7e-m/nofp\libc.a(libc_a-memcpy.o)
 .debug_line    0x000076f6       0x86 c:/progra~2/armgnu~1/1213fb~1.2mp/bin/../lib/gcc/arm-none-eabi/12.2.0/thumb/v7e-m/nofp\libc.a(libc_a-strlen.o)
 .debug_line    0x0000777c      0x2ca c:/progra~2/armgnu~1/1213fb~1.2mp/bin/../lib/gcc/arm-none-eabi/12.2.0/thumb/v7e-m/nofp\libc.a(libc_a-__call_atexit.o)
 .debug_line    0x00007a46      0x114 c:/progra~2/armgnu~1/1213fb~1.2mp/bin/../lib/gcc/arm-none-eabi/12.2.0/thumb/v7e-m/nofp\libc.a(libc_a-atexit.o)
 .debug_line    0x00007b5a      0x146 c:/progra~2/armgnu~1/1213fb~1.2mp/bin/../lib/gcc/arm-none-eabi/12.2.0/thumb/v7e-m/nofp\libc.a(libc_a-fini.o)
 .debug_line    0x00007ca0      0x1c6 c:/progra~2/armgnu~1/1213fb~1.2mp/bin/../lib/gcc/arm-none-eabi/12.2.0/thumb/v7e-m/nofp\libc.a(libc_a-__atexit.o)
 .debug_line    0x00007e66       0x9e c:/progra~2/armgnu~1/1213fb~1.2mp/bin/../lib/gcc/arm-none-eabi/12.2.0/thumb/v7e-m/nofp\libnosys.a(_exit.o)

.debug_line_str
                0x00000000      0x2c9
 .debug_line_str
                0x00000000       0xf0 c:/progra~2/armgnu~1/1213fb~1.2mp/bin/../lib/gcc/arm-none-eabi/12.2.0/thumb/v7e-m/nofp/crt0.o
 .debug_line_str
                0x000000f0       0xda c:/progra~2/armgnu~1/1213fb~1.2mp/bin/../lib/gcc/arm-none-eabi/12.2.0/thumb/v7e-m/nofp\libgcc.a(libunwind.o)
 .debug_line_str
                0x000001ca       0xf0 c:/progra~2/armgnu~1/1213fb~1.2mp/bin/../lib/gcc/arm-none-eabi/12.2.0/thumb/v7e-m/nofp\libc.a(libc_a-memcpy.o)
 .debug_line_str
                0x000002ba        0xf c:/progra~2/armgnu~1/1213fb~1.2mp/bin/../lib/gcc/arm-none-eabi/12.2.0/thumb/v7e-m/nofp\libc.a(libc_a-strlen.o)
                                 0xef (size before relaxing)

.debug_info     0x00000000    0x10eea
 .debug_info    0x00000000       0x24 c:/progra~2/armgnu~1/1213fb~1.2mp/bin/../lib/gcc/arm-none-eabi/12.2.0/thumb/v7e-m/nofp/crt0.o
 .debug_info    0x00000024      0x939 CMakeFiles/test_MCP23008.dir/main.cpp.obj